  401478      CB5 Code                ABBREAK_TEXT
  402130     7A5E Code                ABBROWSE_TEXT
  409B90      B35 Code                ABDROPS_TEXT
  40A6C8     16D7 Code                ABEIP_TEXT
  40BDA0     3ABF Code                ABERROR_TEXT
  40F860     96C0 Code                ABFILE_TEXT
  418F20     2860 Code                ABPOPUP_TEXT
  41B780     65F2 Code                ABQUERY_TEXT
  421D74     60F4 Code                ABREPORT_TEXT
  427E68     269A Code                ABRESIZE_TEXT
  42A504       94 Code                ABRPATMG_TEXT
  42A598      B33 Code                ABRPPSEL_TEXT
  42B0CC      CA1 Code                ABTOOLBA_TEXT
  42BD70     3D65 Code                ABUTIL_TEXT
  42FAD8     26D9 Code                ABWINDOW_TEXT
  4321B4     5D04 Code                ABWMFPAR_TEXT
  437EB8      16B Code                CWSYNCHC_TEXT
  438024      215 Code                CWUTIL_TEXT
  43823C       23 Code                IEXE32_TEXT
  438260      AB6 Code                INIT_TEXT
  438D18       37 Code                INST00_TEXT
  438D50      845 Code                INVOICE001_TEXT
  439598      A14 Code                INVOICE002_TEXT
  439FAC     2D89 Code                INVOICE003_TEXT
  43CD38      9C1 Code                INVOICE004_TEXT
  43D6FC     19F3 Code                INVOICE005_TEXT
  43F0F0     10F9 Code                INVOICE006_TEXT
  4401EC      AD4 Code                INVOICE007_TEXT
  440CC0      C52 Code                INVOICE008_TEXT
  441914     1A97 Code                INVOICE009_TEXT
  4433AC     131B Code                INVOICE010_TEXT
  4446C8      80B Code                INVOICE012_TEXT
  444ED4      70A Code                INVOICE013_TEXT
  4455E0      E12 Code                INVOICE014_TEXT
  4463F4      D69 Code                INVOICE015_TEXT
  447160      6E6 Code                INVOICE016_TEXT
  447848      64B Code                INVOICE017_TEXT
  447E94     13D5 Code                INVOICE018_TEXT
  44926C      736 Code                INVOICE019_TEXT
  4499A4      87B Code                INVOICE020_TEXT
  44A220      40C Code                INVOICE021_TEXT
  44A62C     22F4 Code                INVOICE_BC0_TEXT
  44C920       3C Code                INVOICE_BC_TEXT
  44C95C      198 Code                INVOICE_TEXT
  44CAF4     1F89 Code                MENUSTYLE_TEXT
  44F000     1172 Initialized Data    $DEFAULTERRORS_DATA
  450174       6F Initialized Data    ABBREAK_CONST
  4501E4      161 Initialized Data    ABBROWSE_CONST
  450348      E58 Initialized Data    ABBROWSE_DATA
  4511A0       10 Initialized Data    ABDROPS_CONST
  4511B0      214 Initialized Data    ABDROPS_DATA
  4513C4       4A Initialized Data    ABEIP_CONST
  451410       B4 Initialized Data    ABEIP_DATA
  4514C4      2A7 Initialized Data    ABERROR_CONST
  45176C      A7C Initialized Data    ABERROR_DATA
  4521E8      6B5 Initialized Data    ABFILE_CONST
  4528A0      3F8 Initialized Data    ABFILE_DATA
  452C98       39 Initialized Data    ABPOPUP_CONST
  452CD4      120 Initialized Data    ABPOPUP_DATA
  452DF4      154 Initialized Data    ABQUERY_CONST
  452F48      434 Initialized Data    ABQUERY_DATA
  45337C       F2 Initialized Data    ABREPORT_CONST
  453470      850 Initialized Data    ABREPORT_DATA
  453CC0       35 Initialized Data    ABRESIZE_CONST
  453CF8      26C Initialized Data    ABRESIZE_DATA
  453F64       44 Initialized Data    ABRPATMG_DATA
  453FA8      105 Initialized Data    ABRPPSEL_CONST
  4540B0       A3 Initialized Data    ABRPPSEL_DATA
  454154        D Initialized Data    ABTOOLBA_CONST
  454164      42C Initialized Data    ABTOOLBA_DATA
  454590       E1 Initialized Data    ABUTIL_CONST
  454674      2F9 Initialized Data    ABUTIL_DATA
  454970        D Initialized Data    ABWINDOW_CONST
  454980       9B Initialized Data    ABWINDOW_DATA
  454A1C      135 Initialized Data    ABWMFPAR_CONST
  454B54      E45 Initialized Data    ABWMFPAR_DATA
  45599C       48 Initialized Data    CWSYNCHC_DATA
  4559E4        E Initialized Data    CWUTIL_CONST
  4559F4       36 Initialized Data    CWUTIL_DATA
  455A2C       44 Initialized Data    IEXE32_DATA
  455A70       2F Initialized Data    INVOICE001_CONST
  455AA0      8EC Initialized Data    INVOICE001_DATA
  45638C       67 Initialized Data    INVOICE002_CONST
  4563F4      3C8 Initialized Data    INVOICE002_DATA
  4567BC      12D Initialized Data    INVOICE003_CONST
  4568EC      51C Initialized Data    INVOICE003_DATA
  456E08       70 Initialized Data    INVOICE004_CONST
  456E78      93C Initialized Data    INVOICE004_DATA
  4577B4      114 Initialized Data    INVOICE005_CONST
  4578C8      3C8 Initialized Data    INVOICE005_DATA
  457C90       50 Initialized Data    INVOICE006_CONST
  457CE0      3C8 Initialized Data    INVOICE006_DATA
  4580A8       9F Initialized Data    INVOICE007_CONST
  458148      28C Initialized Data    INVOICE007_DATA
  4583D4       E6 Initialized Data    INVOICE008_CONST
  4584BC      608 Initialized Data    INVOICE008_DATA
  458AC4       68 Initialized Data    INVOICE009_CONST
  458B2C     10A4 Initialized Data    INVOICE009_DATA
  459BD0      11B Initialized Data    INVOICE010_CONST
  459CEC      A20 Initialized Data    INVOICE010_DATA
  45A70C       29 Initialized Data    INVOICE012_CONST
  45A738      5FC Initialized Data    INVOICE012_DATA
  45AD34       28 Initialized Data    INVOICE013_CONST
  45AD5C      5F8 Initialized Data    INVOICE013_DATA
  45B354       22 Initialized Data    INVOICE014_CONST
  45B378      958 Initialized Data    INVOICE014_DATA
  45BCD0       BA Initialized Data    INVOICE015_CONST
  45BD8C      3C8 Initialized Data    INVOICE015_DATA
  45C154       2A Initialized Data    INVOICE016_CONST
  45C180      5FC Initialized Data    INVOICE016_DATA
  45C77C       2E Initialized Data    INVOICE017_CONST
  45C7AC      5F4 Initialized Data    INVOICE017_DATA
  45CDA0       4E Initialized Data    INVOICE018_CONST
  45CDF0      8CC Initialized Data    INVOICE018_DATA
  45D6BC       26 Initialized Data    INVOICE019_CONST
  45D6E4      5FC Initialized Data    INVOICE019_DATA
  45DCE0       69 Initialized Data    INVOICE020_CONST
  45DD4C      3C8 Initialized Data    INVOICE020_DATA
  45E114       20 Initialized Data    INVOICE021_CONST
  45E134      28C Initialized Data    INVOICE021_DATA
  45E3C0      277 Initialized Data    INVOICE_BC0_CONST
  45E638     1960 Initialized Data    INVOICE_BC0_DATA
  45FF98      26D Initialized Data    INVOICE_CONST
  460208      7F0 Initialized Data    INVOICE_DATA
  4609F8      124 Initialized Data    MENUSTYLE_CONST
  460B1C      248 Initialized Data    MENUSTYLE_DATA
  460D64        0 Initialized Data    __CPPINI_CONS
  460D64      4D0 Initialized Data    __CPPINI_CONST
  461234        4 Initialized Data    __CPPINI_END
  461238        0 Initialized Data    __INIVMT_CONS
  461238      320 Initialized Data    __INIVMT_CONST
  461558        0 Initialized Data    __INIVMT_CONST_END
  461560       40 Un-initialized Data ABEIP_BSS
  4615A0      404 Un-initialized Data ABERROR_BSS
  4619A4       10 Un-initialized Data ABFILE_BSS
  4619B4      104 Un-initialized Data ABUTIL_BSS
  461AB8        0 Un-initialized Data ABWMFPAR_BSS
  461AB8        0 Un-initialized Data CWUTIL_BSS
  461AB8      180 Un-initialized Data INVOICE_BSS
  462000        8 __T_L_S__DAT
  462008      8E0 __T_L_S__DATA
  4628E8        0 __T_L_S__DATA_END
  4628F0        0 __T_L_S__BS
  4628F0    12BF8 __T_L_S__BSS
  4754E8        0 __T_L_S__BSS_END

  401478 EVALUATELEVEL@F17LEVELMANAGERCLASSs
  401544 RESTORERESETBUFFER@F17LEVELMANAGERCLASSs
  4015FC SAVERESETBUFFER@F17LEVELMANAGERCLASSs
  4016DC RESTOREBUFFEROFF@F17LEVELMANAGERCLASS
  40176C RESTOREBUFFERON@F17LEVELMANAGERCLASS
  401814 SAVEBUFFER@F17LEVELMANAGERCLASS
  4018A0 REFRESHFIELDS@F17LEVELMANAGERCLASSs
  401A1C RESETTOTALS@F17LEVELMANAGERCLASSs
  401B40 ASKLEVELOFF@F17LEVELMANAGERCLASSs
  401C60 ASKLEVELON@F17LEVELMANAGERCLASSs
  401D0C ASKLEVEL@F17LEVELMANAGERCLASSUc
  401E28 RESET@F17LEVELMANAGERCLASS
  402018 ASKBREAK@F17BREAKMANAGERCLASSUc
  4020A8 RESET@F17BREAKMANAGERCLASS
  402130 KILL_@_WINDOWCOMPONENT_@_BROWSECLASS@F15WINDOWCOMPONENT
  402160 RESET_@_WINDOWCOMPONENT_@_BROWSECLASS@F15WINDOWCOMPONENTUc
  40219C RESETREQUIRED_@_WINDOWCOMPONENT_@_BROWSECLASS@F15WINDOWCOMPONENT
  4021CC SETALERTS_@_WINDOWCOMPONENT_@_BROWSECLASS@F15WINDOWCOMPONENT
  402200 TAKEEVENT_@_WINDOWCOMPONENT_@_BROWSECLASS@F15WINDOWCOMPONENT
  402234 UPDATE_@_WINDOWCOMPONENT_@_BROWSECLASS@F15WINDOWCOMPONENT
  402268 UPDATEWINDOW_@_WINDOWCOMPONENT_@_BROWSECLASS@F15WINDOWCOMPONENT
  40229C UPDATEWINDOW@F11BROWSECLASS
  4024F8 UPDATEVIEWRECORD@F11BROWSECLASS
  402634 UPDATETOOLBARBUTTONS@F11BROWSECLASS
  402708 UPDATETHUMBFIXED@F11BROWSECLASS
  402910 UPDATETHUMB@F11BROWSECLASS
  402C08 UPDATERESETS@F11BROWSECLASS
  402C38 UPDATEQUERY@F11BROWSECLASS10QUERYCLASSUc
  402F1C UPDATEBUFFER@F11BROWSECLASS
  402F84 TAKEVCRSCROLL@F11BROWSECLASSl
  40308C TAKESCROLL@F11BROWSECLASSl
  403138 TAKENEWSELECTION@F11BROWSECLASS
  403344 TAKELOCATE@F11BROWSECLASS
  4036AC TAKEKEY@F11BROWSECLASS
  403950 TAKEEVENT@F11BROWSECLASS
  404200 TAKECHOICECHANGED@F11BROWSECLASS
  404288 TAKEACCEPTEDLOCATOR@F11BROWSECLASS
  4043A4 GETUSEMRP@F11BROWSECLASS
  4043C8 SETUSEMRP@F11BROWSECLASSUc
  4043F8 SETUSEPOPUP@F11BROWSECLASSUc
  404428 SETSORT@F11BROWSECLASSUcUc
  4045B8 SETQUEUERECORD@F11BROWSECLASS
  404600 SETALERTS@F11BROWSECLASS
  404BF4 SCROLLPAGE@F11BROWSECLASSl
  404DD0 SCROLLONE@F11BROWSECLASSl
  404E70 SCROLLEND@F11BROWSECLASSl
  404F20 RESETTHUMBLIMITS@F11BROWSECLASS
  405090 RESETSORT@F11BROWSECLASSUc
  4050DC RESETRESETS@F11BROWSECLASS
  40520C RESETQUEUE@F11BROWSECLASSUc
  4057E4 RESETFROMVIEW@F11BROWSECLASS
  405848 RESETFROMFILE@F11BROWSECLASS
  405890 RESETFROMBUFFER@F11BROWSECLASS
  405B60 RESETFROMASK@F11BROWSECLASSRUcRUc
  405DB8 RECORDS@F11BROWSECLASS
  405E54 PREVIOUS@F11BROWSECLASS
  405EBC POSTNEWSELECTION@F11BROWSECLASS
  405F48 NOTIFYUPDATEERROR@F11BROWSECLASS
  405F88 NEXT@F11BROWSECLASS
  405FF0 KILL@F11BROWSECLASS
  406310 INITSORT@F11BROWSECLASSUc
  406388 INIT@F11BROWSECLASS12ILISTCONTROLBi11BROWSEQUEUE15RELATIONMANAGER13WINDOWMANAGER
  406504 INIT@F11BROWSECLASSlRsbBiBq15RELATIONMANAGER13WINDOWMANAGER
  40659C FETCH@F11BROWSECLASSUc
  4068DC CHECKEIP@F11BROWSECLASS
  406A04 ASKRECORD@F11BROWSECLASSUc
  406A40 ASK@F11BROWSECLASSUc
  406B24 APPLYRANGE@F11BROWSECLASS
  406BD0 ADDTOOLBARTARGET@F11BROWSECLASS12TOOLBARCLASS
  406C60 ADDSORTORDER@F11BROWSECLASS9STEPCLASSBk
  406D24 ADDLOCATOR@F11BROWSECLASS12LOCATORCLASS
  406D6C ADDFIELD@F11BROWSECLASSRsbRsb
  406DF8 ADDFIELD@F11BROWSECLASSRlRl
  406E78 ADDFIELD@F11BROWSECLASSRuRu
  406EE8 ADDEDITCONTROL@F11BROWSECLASS9EDITCLASSlUc
  406F3C RECORDS_@_BROWSEQUEUE_@_STANDARDBEHAVIOR@F11BROWSEQUEUE
  406F64 INSERT_@_BROWSEQUEUE_@_STANDARDBEHAVIOR@F11BROWSEQUEUE
  406F90 INSERT_@_BROWSEQUEUE_@_STANDARDBEHAVIOR@F11BROWSEQUEUEl
  406FC4 FETCH_@_BROWSEQUEUE_@_STANDARDBEHAVIOR@F11BROWSEQUEUEl
  406FF8 UPDATE_@_BROWSEQUEUE_@_STANDARDBEHAVIOR@F11BROWSEQUEUE
  407024 DELETE_@_BROWSEQUEUE_@_STANDARDBEHAVIOR@F11BROWSEQUEUE
  40704C FREE_@_BROWSEQUEUE_@_STANDARDBEHAVIOR@F11BROWSEQUEUE
  407074 WHO_@_BROWSEQUEUE_@_STANDARDBEHAVIOR@F11BROWSEQUEUEl
  4070B0 GETVIEWPOSITION_@_BROWSEQUEUE_@_STANDARDBEHAVIOR@F11BROWSEQUEUE
  4070E8 SETVIEWPOSITION_@_BROWSEQUEUE_@_STANDARDBEHAVIOR@F11BROWSEQUEUEsb
  407138 CHOICE_@_ILISTCONTROL_@_STANDARDBEHAVIOR@F12ILISTCONTROL
  407160 GETCONTROL_@_ILISTCONTROL_@_STANDARDBEHAVIOR@F12ILISTCONTROL
  407184 GETITEMS_@_ILISTCONTROL_@_STANDARDBEHAVIOR@F12ILISTCONTROL
  4071D4 GETVISIBLE_@_ILISTCONTROL_@_STANDARDBEHAVIOR@F12ILISTCONTROL
  407224 SETCHOICE_@_ILISTCONTROL_@_STANDARDBEHAVIOR@F12ILISTCONTROLl
  407290 SETCONTROL_@_ILISTCONTROL_@_STANDARDBEHAVIOR@F12ILISTCONTROLl
  4072C0 INIT@F16STANDARDBEHAVIORBqRsbl
  407320 TAKENEWSELECTION@F16BROWSEEIPMANAGER
  4073E8 TAKECOMPLETED@F16BROWSEEIPMANAGERUc
  407650 KILL@F16BROWSEEIPMANAGER
  4076A8 INIT@F16BROWSEEIPMANAGER
  407B88 CLEARCOLUMN@F16BROWSEEIPMANAGER
  407C04 UPDATEWINDOW@F18FILTERLOCATORCLASS
  40809C TAKEACCEPTED@F18FILTERLOCATORCLASS
  408188 RESET@F18FILTERLOCATORCLASS
  4081A8 TAKEKEY@F23INCREMENTALLOCATORCLASS
  408308 SETALERTS@F23INCREMENTALLOCATORCLASSl
  408384 UPDATEWINDOW@F17ENTRYLOCATORCLASS
  4083B4 UPDATE@F17ENTRYLOCATORCLASS
  4084E8 TAKEACCEPTED@F17ENTRYLOCATORCLASS
  4085D8 SETSHADOW@F17ENTRYLOCATORCLASSsb
  408624 SET@F17ENTRYLOCATORCLASS
  4086B4 GETSHADOW@F17ENTRYLOCATORCLASS
  4086E4 INIT@F17ENTRYLOCATORCLASSlRuUc
  40879C TAKEKEY@F16STEPLOCATORCLASS
  408A04 SET@F16STEPLOCATORCLASS
  408A24 INIT@F16STEPLOCATORCLASSlRuUc
  408AA8 UPDATEWINDOW@F12LOCATORCLASS
  408AD4 TAKEACCEPTED@F12LOCATORCLASS
  408AF4 SETSHADOW@F12LOCATORCLASSsb
  408B24 SETENABLED@F12LOCATORCLASSUc
  408B90 SETALERTS@F12LOCATORCLASSl
  408BB8 SETLOCATORFIELD@F12LOCATORCLASSRu
  408C34 SET@F12LOCATORCLASS
  408C80 RESET@F12LOCATORCLASS
  408CA0 INIT@F12LOCATORCLASSlRuUc11BROWSECLASS
  408D10 INIT@F12LOCATORCLASSlRuUc
  408D68 GETSHADOW@F12LOCATORCLASS
  408DA0 DESTRUCT@F12LOCATORCLASS
  408DD0 UNHASH@F15STEPSTRINGCLASSl
  408EB0 SETLIMITNEEDED@F15STEPSTRINGCLASS
  408EE4 SETLIMIT@F15STEPSTRINGCLASSuu
  4092AC KILL@F15STEPSTRINGCLASS
  409300 INIT@F15STEPSTRINGCLASSUcUc
  409564 HASH@F15STEPSTRINGCLASSsb
  409660 GETVALUE@F15STEPSTRINGCLASSUc
  409708 GETPERCENTILE@F15STEPSTRINGCLASSu
  4098C4 SETLIMIT@F13STEPLONGCLASSuu
  4099C0 GETVALUE@F13STEPLONGCLASSUc
  409A50 GETPERCENTILE@F13STEPLONGCLASSu
  409B20 SETLIMITNEEDED@F9STEPCLASS
  409B40 KILL@F9STEPCLASS
  409B60 INIT@F9STEPCLASSUc
  409B90 KILL_@_WINDOWCOMPONENT_@_FILEDROPCLASS@F15WINDOWCOMPONENT
  409BC0 RESET_@_WINDOWCOMPONENT_@_FILEDROPCLASS@F15WINDOWCOMPONENTUc
  409C08 RESETREQUIRED_@_WINDOWCOMPONENT_@_FILEDROPCLASS@F15WINDOWCOMPONENT
  409C38 SETALERTS_@_WINDOWCOMPONENT_@_FILEDROPCLASS@F15WINDOWCOMPONENT
  409C58 TAKEEVENT_@_WINDOWCOMPONENT_@_FILEDROPCLASS@F15WINDOWCOMPONENT
  409CB4 UPDATE_@_WINDOWCOMPONENT_@_FILEDROPCLASS@F15WINDOWCOMPONENT
  409CD4 UPDATEWINDOW_@_WINDOWCOMPONENT_@_FILEDROPCLASS@F15WINDOWCOMPONENT
  409CF4 GETUSEMRP@F13FILEDROPCLASS
  409D18 SETUSEMRP@F13FILEDROPCLASSUc
  409D48 VALIDATERECORD@F13FILEDROPCLASS
  409D70 TAKENEWSELECTION@F13FILEDROPCLASSl
  409E98 TAKENEWSELECTION@F13FILEDROPCLASS
  409ED0 TAKEEVENT@F13FILEDROPCLASS
  409F44 TAKEACCEPTED@F13FILEDROPCLASS
  409F64 SETQUEUERECORD@F13FILEDROPCLASS
  409FAC RESETQUEUE@F13FILEDROPCLASSUc
  40A2CC KILL@F13FILEDROPCLASS
  40A348 INIT@F13FILEDROPCLASSlRsbBiBq15RELATIONMANAGER13WINDOWMANAGER
  40A578 BUFFERMATCHES@F13FILEDROPCLASS
  40A610 ADDRECORD@F13FILEDROPCLASS
  40A658 ADDFIELD@F13FILEDROPCLASSRuRu
  40A6C8 TAKENEWSELECTION@F10EIPMANAGER
  40A75C TAKEFOCUSLOSS@F10EIPMANAGER
  40A7E4 TAKEFIELDEVENT@F10EIPMANAGER
  40A978 TAKEEVENT@F10EIPMANAGER
  40AA24 TAKECOMPLETED@F10EIPMANAGERUc
  40AA90 TAKEACTION@F10EIPMANAGERl
  40AE1C TAKEACCEPTALL@F10EIPMANAGER
  40AFB4 RUN@F10EIPMANAGERUc
  40B084 RESETCOLUMN@F10EIPMANAGER
  40B18C GETEDIT@F10EIPMANAGER
  40B208 NEXT@F10EIPMANAGER
  40B36C KILL@F10EIPMANAGER
  40B544 INITCONTROLS@F10EIPMANAGER
  40B7BC INIT@F10EIPMANAGER
  40B874 CLEARCOLUMN@F10EIPMANAGER
  40B8E0 ADDCONTROL@F10EIPMANAGER9EDITCLASSlUc
  40B994 CREATECONTROL@F14EDITENTRYCLASS
  40B9D8 RESETCONTROL@F9EDITCLASS
  40B9F8 GETFEQ@F9EDITCLASS
  40BA1C TAKEEVENT@F9EDITCLASSl
  40BA88 TAKEACCEPTED@F9EDITCLASSUc
  40BAC0 SETREADONLY@F9EDITCLASSUc
  40BB34 SETALERTS@F9EDITCLASS
  40BC60 KILL@F9EDITCLASS
  40BCB4 INIT@F9EDITCLASSllRu
  40BED8 KILL_@_WINDOWCOMPONENT_@_HISTHANDLERCLASS@F15WINDOWCOMPONENT
  40BEF8 RESET_@_WINDOWCOMPONENT_@_HISTHANDLERCLASS@F15WINDOWCOMPONENTUc
  40BF20 RESETREQUIRED_@_WINDOWCOMPONENT_@_HISTHANDLERCLASS@F15WINDOWCOMPONENT
  40BF40 SETALERTS_@_WINDOWCOMPONENT_@_HISTHANDLERCLASS@F15WINDOWCOMPONENT
  40BF60 TAKEEVENT_@_WINDOWCOMPONENT_@_HISTHANDLERCLASS@F15WINDOWCOMPONENT
  40BF8C UPDATE_@_WINDOWCOMPONENT_@_HISTHANDLERCLASS@F15WINDOWCOMPONENT
  40BFAC UPDATEWINDOW_@_WINDOWCOMPONENT_@_HISTHANDLERCLASS@F15WINDOWCOMPONENT
  40BFDC VLBPROC@F16HISTHANDLERCLASSls
  40C0E8 TAKEEVENT@F16HISTHANDLERCLASS
  40C1D8 INIT@F16HISTHANDLERCLASSBw10ERRORCLASS16ERRORHISTORYLIST
  40C220 _VLBPROC@F16HISTHANDLERCLASSls
  40C26C TAKEACCEPTED@F11MSGBOXCLASS
  40C2CC SETUPADDITIONALFEQS@F11MSGBOXCLASS
  40C374 KILL@F11MSGBOXCLASS
  40C3DC INIT@F11MSGBOXCLASS
  40C6EC INIT@F11MSGBOXCLASSBw10ERRORCLASSOsbllll
  40C7BC FETCHSTDBUTTON@F11MSGBOXCLASSs
  40C834 GETALLSTATUSVARIABLES@F10ERRORCLASS16ERRORSTATUSGROUP
  40C8BC GETERRORBUFFERFATALITY@F10ERRORCLASS
  40C938 GETERRORBUFFERTITLE@F10ERRORCLASS
  40C9BC GETERRORBUFFERID@F10ERRORCLASS
  40CA2C SETMESSAGETEXT@F10ERRORCLASSsb
  40CAC0 SETKEYNAME@F10ERRORCLASSsb
  40CB54 SETFIELDNAME@F10ERRORCLASSsb
  40CBE8 SETFILENAME@F10ERRORCLASSsb
  40CC7C STOREERRORENTRY@F10ERRORCLASSUs
  40CE1C GETHISTORYRESETONVIEW@F10ERRORCLASS
  40CE80 SETHISTORYRESETONVIEW@F10ERRORCLASSUc
  40CEEC GETHISTORYVIEWLEVEL@F10ERRORCLASS
  40CF50 SETHISTORYVIEWLEVEL@F10ERRORCLASSl
  40CFBC GETHISTORYTHRESHOLD@F10ERRORCLASS
  40D020 SETHISTORYTHRESHOLD@F10ERRORCLASSl
  40D08C GETLOGERRORS@F10ERRORCLASS
  40D0F0 GETSILENT@F10ERRORCLASS
  40D154 SETDEFAULTCATEGORY@F10ERRORCLASSsa
  40D1C0 GETDEFAULTCATEGORY@F10ERRORCLASS
  40D224 VIEWHISTORY@F10ERRORCLASS
  40D298 THROWMESSAGE@F10ERRORCLASSssb
  40D2FC THROW@F10ERRORCLASSs
  40D338 TAKEUSER@F10ERRORCLASS
  40D3B8 TAKEPROGRAM@F10ERRORCLASS
  40D3E4 TAKEOTHER@F10ERRORCLASS
  40D410 TAKENOTIFY@F10ERRORCLASS
  40D480 TAKEFATAL@F10ERRORCLASS
  40D520 TAKEERROR@F10ERRORCLASSs
  40D728 TAKEBENIGN@F10ERRORCLASS
  40D748 SUBSSTRING@F10ERRORCLASS
  40DB70 SETPROCEDURENAME@F10ERRORCLASSOsb
  40DC68 GETERRORENTRY@F10ERRORCLASSUs15ERRORENTRYGROUPl
  40DD28 GETERRORENTRY@F10ERRORCLASSUs15ERRORENTRYGROUP
  40DDA0 SETID@F10ERRORCLASSUsl
  40DE34 SETID@F10ERRORCLASSUs
  40DEA8 SETKEY@F10ERRORCLASSsb
  40DEF4 SETFILE@F10ERRORCLASSsb
  40DF40 SETFIELD@F10ERRORCLASSsb
  40DF8C SETERRORS@F10ERRORCLASS
  40E064 SETERRORLOG@F10ERRORCLASS17ERRORLOGINTERFACE
  40E15C SETCATEGORY@F10ERRORCLASSssa
  40E208 RESETHISTORY@F10ERRORCLASS
  40E284 REMOVEERROR@F10ERRORCLASSUs
  40E33C MESSAGEBOX@F10ERRORCLASSUcsbOsbOsblll
  40E3E0 MSG@F10ERRORCLASSsbOsbOsblll
  40E7CC MESSAGE@F10ERRORCLASSsll
  40E874 KILL@F10ERRORCLASS
  40E954 INIT@F10ERRORCLASS16ERRORSTATUSCLASS
  40E9D0 INIT@F10ERRORCLASS
  40EB00 HISTORYMSG@F10ERRORCLASSsblll
  40ECD4 GETPROCEDURENAME@F10ERRORCLASS
  40EE28 GETCATEGORY@F10ERRORCLASSs
  40EEF4 ADDHISTORY@F10ERRORCLASS
  40EFA0 ADDERRORS@F10ERRORCLASS10ERRORBLOCK
  40F208 ADDERROR@F10ERRORCLASSUsRsbRsbUcsa
  40F340 DESTRUCT@F10ERRORCLASS
  40F37C CONSTRUCT@F10ERRORCLASS
  40F3B4 DESTRUCT@F16ERRORSTATUSCLASS
  40F40C CONSTRUCT@F16ERRORSTATUSCLASS
  40F594 CLOSE_@_ERRORLOGINTERFACE_@_STANDARDERRORLOGCLASS@F17ERRORLOGINTERFACEUc
  40F5C4 OPEN_@_ERRORLOGINTERFACE_@_STANDARDERRORLOGCLASS@F17ERRORLOGINTERFACEUc
  40F5F4 TAKE_@_ERRORLOGINTERFACE_@_STANDARDERRORLOGCLASS@F17ERRORLOGINTERFACEsb
  40F6AC CLOSE@F21STANDARDERRORLOGCLASSUc
  40F748 OPEN@F21STANDARDERRORLOGCLASSUc
  40F80C DESTRUCT@F21STANDARDERRORLOGCLASS
  40F838 CONSTRUCT@F21STANDARDERRORLOGCLASS
  40F860 REMOVERELATIONFILEMAPPING@F12FILESMANAGER15RELATIONMANAGER
  40F8A0 REMOVERELATIONFILEMAPPING@F12FILESMANAGERl
  40F90C REMOVEFILEMAPPING@F12FILESMANAGER11FILEMANAGER
  40F94C REMOVEFILEMAPPING@F12FILESMANAGERl
  40FA64 NOTEUSAGE@F12FILESMANAGER11FILEMANAGERUc
  40FB8C NOTEOPEN@F12FILESMANAGER11FILEMANAGER
  40FC1C NOTECLOSE@F12FILESMANAGER11FILEMANAGER
  40FD28 GETRELATIONFILEMAPPING@F12FILESMANAGERl
  40FD8C GETFILEMAPPING@F12FILESMANAGERl
  40FDF0 GETFILEID@F12FILESMANAGERBf
  40FE24 FINDRECORD@F12FILESMANAGER11FILEMANAGER
  40FF24 ADDFILEMAPPING@F12FILESMANAGER15RELATIONMANAGER
  410008 ADDFILEMAPPING@F12FILESMANAGER11FILEMANAGER
  4100F4 DESTRUCT@F12FILESMANAGER
  410160 CONSTRUCT@F12FILESMANAGER
  410B30 OPENFILE_@_IFILEOPENSERVER_@_UNTHREADEDFILEOPENSERVER@F15IFILEOPENSERVERl
  410BEC CLOSEFILE_@_IFILEOPENSERVER_@_UNTHREADEDFILEOPENSERVER@F15IFILEOPENSERVER
  410C8C LINK_@_IFILEOPENSERVER_@_UNTHREADEDFILEOPENSERVER@F15IFILEOPENSERVER
  410CF8 RELEASE_@_IFILEOPENSERVER_@_UNTHREADEDFILEOPENSERVER@F15IFILEOPENSERVER
  410DC0 INIT@F24UNTHREADEDFILEOPENSERVERBf
  410DFC DESTRUCT@F24UNTHREADEDFILEOPENSERVER
  410E40 CONSTRUCT@F24UNTHREADEDFILEOPENSERVER
  410E90 OPENFILE_@_IFILEOPENSERVER_@_THREADEDFILEOPENSERVER@F15IFILEOPENSERVERl
  410EE4 CLOSEFILE_@_IFILEOPENSERVER_@_THREADEDFILEOPENSERVER@F15IFILEOPENSERVER
  410F14 LINK_@_IFILEOPENSERVER_@_THREADEDFILEOPENSERVER@F15IFILEOPENSERVER
  410F3C RELEASE_@_IFILEOPENSERVER_@_THREADEDFILEOPENSERVER@F15IFILEOPENSERVER
  410F64 RELEASE@F14FILEOPENSERVER
  410FB0 LINK@F14FILEOPENSERVER
  410FD4 INIT@F14FILEOPENSERVERBf
  411004 DESTRUCT@F14FILEOPENSERVER
  411024 CONSTRUCT@F14FILEOPENSERVER
  411080 VALIDATERECORD@F11VIEWMANAGER
  4110A0 UNUSEVIEW@F11VIEWMANAGER
  41120C USEVIEW@F11VIEWMANAGER
  4113E4 SETSORT@F11VIEWMANAGERUc
  411474 SETORDER@F11VIEWMANAGERsb
  41154C SETFREEELEMENT@F11VIEWMANAGER
  4115EC SETFILTER@F11VIEWMANAGERsbsb
  411758 SETFILTER@F11VIEWMANAGERsb
  4117B0 SAVEBUFFERS@F11VIEWMANAGER
  41192C RESTOREBUFFERS@F11VIEWMANAGER
  4119E8 RESET@F11VIEWMANAGER
  411A18 RESET@F11VIEWMANAGERUc
  411A80 PRIMERECORD@F11VIEWMANAGERUc
  411C10 PREVIOUS@F11VIEWMANAGER
  411C90 OPEN@F11VIEWMANAGER
  411D7C NEXT@F11VIEWMANAGER
  411DFC LIMITMAJORCOMPONENTS@F11VIEWMANAGERRu
  411EE8 KILL@F11VIEWMANAGER
  4120A8 GETFIELDNAME@F11VIEWMANAGERRu
  412290 GETFIELDASCENDING@F11VIEWMANAGERRu
  41260C INIT@F11VIEWMANAGERBi15RELATIONMANAGER9SORTORDER
  4126D0 GETFREEELEMENTPOSITION@F11VIEWMANAGER
  412754 GETFREEELEMENTNAME@F11VIEWMANAGER
  4127C4 GETFREEELEMENTASCENDING@F11VIEWMANAGER
  412838 CLEARFILESRECORD@F11VIEWMANAGER
  412910 CLOSE@F11VIEWMANAGERUc
  412958 CLOSE@F11VIEWMANAGER
  412988 APPLYRANGE@F11VIEWMANAGER
  412BC0 APPLYORDER@F11VIEWMANAGER
  412C40 APPLYFILTER@F11VIEWMANAGER
  4131F8 APPENDORDER@F11VIEWMANAGERsb
  41332C ADDSORTORDER@F11VIEWMANAGERBk
  41345C ADDRANGE@F11VIEWMANAGERRu15RELATIONMANAGER15RELATIONMANAGER
  4134F8 ADDRANGE@F11VIEWMANAGERRu
  41357C DESTRUCT@F11VIEWMANAGER
  4135B8 DEFEREDADDRELATIONS@F15RELATIONMANAGER
  413614 UPDATESECONDARY@F15RELATIONMANAGERBk18BUFFEREDPAIRSCLASSUc
  413824 UPDATE@F15RELATIONMANAGERUc
  413ABC INSERT@F15RELATIONMANAGER
  413C4C SETOPENRELATED@F15RELATIONMANAGER
  413C70 SETQUICKSCAN@F15RELATIONMANAGERUcUc
  413DE0 SAVE@F15RELATIONMANAGER
  413E54 FORCEOPEN@F15RELATIONMANAGERUc
  413E9C OPEN@F15RELATIONMANAGERUc
  413EF8 OPENCLOSESERVER@F15RELATIONMANAGERUcUc
  41412C LOGOUTINSERT@F15RELATIONMANAGER
  4141F0 LOGOUTUPDATE@F15RELATIONMANAGER
  414290 LOGOUTPRIME@F15RELATIONMANAGER
  4143D0 LOGOUTDELETE@F15RELATIONMANAGER
  414484 LISTLINKINGFIELDS@F15RELATIONMANAGER15RELATIONMANAGER15FIELDPAIRSCLASSUc
  41468C KILL@F15RELATIONMANAGER
  414754 INIT@F15RELATIONMANAGER11FILEMANAGERUc
  414800 DELETESECONDARY@F15RELATIONMANAGERBk18BUFFEREDPAIRSCLASSUcUc
  414B5C DELETE@F15RELATIONMANAGERUc
  414DC0 CLOSE@F15RELATIONMANAGERUc
  414DF4 CASCADEUPDATES@F15RELATIONMANAGER
  414F10 CANCELAUTOINC@F15RELATIONMANAGER
  414F48 ADDRELATIONLINK@F15RELATIONMANAGERRsbRsb
  415014 ADDRELATIONLINK@F15RELATIONMANAGERRlRl
  4150D4 ADDRELATION@F15RELATIONMANAGER15RELATIONMANAGERUcUcBk
  415180 ADDRELATION@F15RELATIONMANAGER15RELATIONMANAGER
  4151F8 DEFEREDRELATIONS@F15RELATIONMANAGER
  415234 CONSTRUCT@F15RELATIONMANAGER
  415258 FUNCTIONCALLED_@_FILECALLBACKINTERFACE_@_FILEMANAGER@F21FILECALLBACKINTERFACEl6PARAMSRscRsc
  415470 FUNCTIONDONE_@_FILECALLBACKINTERFACE_@_FILEMANAGER@F21FILECALLBACKINTERFACEl6PARAMSRscRsc
  4156C4 POSTUPDATE@F11FILEMANAGERRscRsc
  415704 PREUPDATE@F11FILEMANAGERllRscRsc
  415744 POSTINSERT@F11FILEMANAGERRscRsc
  415784 PREINSERT@F11FILEMANAGERllRscRsc
  4157C4 POSTDELETE@F11FILEMANAGERRscRsc
  415804 PREDELETE@F11FILEMANAGERRscRsc
  415844 FUNCTIONDONE@F11FILEMANAGERl6PARAMSRscRsc
  415930 FUNCTIONCALLED@F11FILEMANAGERl6PARAMSRscRsc
  415A30 GETAUTOINCDONE@F11FILEMANAGER
  415A58 GETMRPSIZE@F11FILEMANAGER
  415A80 SETMRPSIZE@F11FILEMANAGERUc
  415AB4 GETUSEMRP@F11FILEMANAGER
  415ADC SETUSEMRP@F11FILEMANAGERUc
  415B10 DELETED@F11FILEMANAGER
  415B30 DELETERECORD@F11FILEMANAGERUc
  415B9C VALIDATERECORD@F11FILEMANAGERPl
  415CD4 VALIDATEFIELDS@F11FILEMANAGERllPl
  415E1C VALIDATEFIELDSERVER@F11FILEMANAGERlUc
  415EF4 TRYVALIDATEFIELD@F11FILEMANAGERl
  415F30 VALIDATEFIELD@F11FILEMANAGERl
  415F6C USEFILE@F11FILEMANAGERUc
  4160A8 UPDATESERVER@F11FILEMANAGERUc
  4161C4 UPDATE@F11FILEMANAGER
  4161F0 TRYUPDATE@F11FILEMANAGER
  41621C TRYREGET@F11FILEMANAGERsb
  4162DC TRYPRIMEAUTOINC@F11FILEMANAGER
  416308 TRYPREVIOUS@F11FILEMANAGER
  416338 TRYOPEN@F11FILEMANAGER
  416368 TRYNEXT@F11FILEMANAGER
  416398 TRYINSERT@F11FILEMANAGER
  4163C4 TRYFETCH@F11FILEMANAGERBk
  41642C THROWMESSAGE@F11FILEMANAGERUssb
  416498 THROW@F11FILEMANAGER
  4164E0 THROW@F11FILEMANAGERUs
  416520 SETKEY@F11FILEMANAGERBk
  4165D4 SETERRORS@F11FILEMANAGER10ERRORCLASS
  416604 SETERROR@F11FILEMANAGERUs
  416644 SAVEFILE@F11FILEMANAGER
  4167D8 SAVEBUFFER@F11FILEMANAGER
  416A0C RESTOREFILE@F11FILEMANAGERRUs11FILEMANAGERUc
  416BC8 RESTOREFILE@F11FILEMANAGERRUsUc
  416C58 RESTOREBUFFER@F11FILEMANAGERRUs11FILEMANAGERUc
  416E98 RESTOREBUFFER@F11FILEMANAGERRUsUc
  416ED8 PRIMERECORD@F11FILEMANAGERUc
  417024 PRIMEFIELDS@F11FILEMANAGER
  417044 PRIMEAUTOINCSERVER@F11FILEMANAGERUc
  417660 PRIMEAUTOINC@F11FILEMANAGER
  41768C PREVIOUS@F11FILEMANAGER
  4176BC POSITION@F11FILEMANAGER
  417758 OPENSERVER@F11FILEMANAGERUcUc
  417864 OPENFILE@F11FILEMANAGERUc
  417A8C OPEN@F11FILEMANAGER
  417ABC NEXTSERVER@F11FILEMANAGERUcUc
  417C14 NEXT@F11FILEMANAGER
  417C44 KILL@F11FILEMANAGER
  417CB4 KEYTOORDER@F11FILEMANAGERBkUc
  417E50 ISOPENED@F11FILEMANAGER
  417E94 INSERTSERVER@F11FILEMANAGERUc
  41810C INSERT@F11FILEMANAGER
  418138 INIT@F11FILEMANAGERBf10ERRORCLASS
  418284 INIT@F11FILEMANAGER
  4182F0 GETOPENED@F11FILEMANAGER
  418318 GETNAME@F11FILEMANAGER
  418378 GETFIELDNAME@F11FILEMANAGERBkUc
  418434 GETFIELDASCENDING@F11FILEMANAGERBkUc
  4184D8 GETFIELD@F11FILEMANAGERBkUc
  418580 GETEOF@F11FILEMANAGER
  4185A8 GETCOMPONENTS@F11FILEMANAGERBk
  4185EC FETCH@F11FILEMANAGERBk
  418640 EQUALBUFFER@F11FILEMANAGERRUs
  418810 CLOSE@F11FILEMANAGER
  4188E8 CLEARKEY@F11FILEMANAGERBkUcUcUc
  4189D8 CANCELAUTOINC@F11FILEMANAGER15RELATIONMANAGER
  418A6C BINDFIELDS@F11FILEMANAGER
  418AB0 ADDKEY@F11FILEMANAGERBksbUc
  418E24 DESTRUCT@F11FILEMANAGER
  418F20 TOOLBOX@F10POPUPCLASSsb
  418FC4 SETTRANSLATOR@F10POPUPCLASS15TRANSLATORCLASS
  419014 SETTOOLBOX@F10POPUPCLASSsbUc
  4190A0 SETICON@F10POPUPCLASSsbsb
  419130 SETITEMENABLE@F10POPUPCLASSsbUc
  4191FC SETITEMCHECK@F10POPUPCLASSsbUc
  4192C8 SETITEM@F10POPUPCLASSllsbsb
  4195B0 RESETTOOLBOX@F10POPUPCLASS
  4199D4 LOCATENAME@F10POPUPCLASSsb
  419A74 KILL@F10POPUPCLASS
  419AB0 INIT@F10POPUPCLASS
  419B08 GETNAME@F10POPUPCLASSl
  419EA4 GETMENUTEXT@F10POPUPCLASS
  41A1AC GETLASTSELECTION@F10POPUPCLASS
  41A1DC GETITEMS@F10POPUPCLASSUc
  41A2C8 EXECUTEPOPUP@F10POPUPCLASSsbll
  41A3C4 DELETEITEM@F10POPUPCLASSsb
  41A41C CHECKMIMICS@F10POPUPCLASS
  41A638 ASKTOOLBOX@F10POPUPCLASSsb
  41AB34 ASK@F10POPUPCLASSll
  41ACA4 ADDSUBMENU@F10POPUPCLASSsbsbsb
  41AD6C ADDSUBMENU@F10POPUPCLASSsbsb
  41AE64 ADDMENU@F10POPUPCLASSsbUc
  41B020 ADDITEMMIMIC@F10POPUPCLASSsblOsb
  41B12C ADDITEMEVENT@F10POPUPCLASSsbll
  41B248 ADDITEM@F10POPUPCLASSsbsbsbUc
  41B2E8 ADDITEM@F10POPUPCLASSsbsb
  41B364 ADDITEM@F10POPUPCLASSsb
  41B780 KILL@F14QUERYFORMCLASS
  41B7CC INIT@F14QUERYFORMCLASS15QUERYFORMVISUAL8INICLASSsb10ERRORCLASS
  41B850 OVERRIDERESIZE@F15QUERYFORMVISUAL
  41B8FC UPDATEFIELDS@F15QUERYFORMVISUAL
  41BA50 TYPE@F15QUERYFORMVISUAL
  41BA74 RESETFROMQUERY@F15QUERYFORMVISUAL
  41BB18 TAKEFIELDEVENT@F15QUERYFORMVISUAL
  41BCE4 TAKECOMPLETED@F15QUERYFORMVISUAL
  41BD24 TAKEACCEPTED@F15QUERYFORMVISUAL
  41C048 SETTEXT@F15QUERYFORMVISUALUssb
  41C990 INIT@F15QUERYFORMVISUAL
  41CD78 TAKEWINDOWEVENT@F11QUERYVISUAL
  41DC74 RESET@F11QUERYVISUALUc
  41DDD0 KILL@F11QUERYVISUAL
  41DE50 TAKEFIELDEVENT@F11QUERYVISUAL
  41DFA0 TAKEACCEPTED@F11QUERYVISUAL
  41E19C INIT@F11QUERYVISUAL
  41E618 CLEARQUERY@F10QUERYCLASS
  41E6EC GETQUERIES@F10QUERYCLASS11SECTORQUEUE
  41E7C4 DELETE@F10QUERYCLASSsb
  41E83C RESTORE@F10QUERYCLASSsb
  41F0E8 TAKE@F10QUERYCLASS10POPUPCLASS
  41F1CC SAVE@F10QUERYCLASSsb
  41F354 SETQUICKPOPUP@F10QUERYCLASS10POPUPCLASSUs
  41F938 SETLIMIT@F10QUERYCLASSsbOsbOsbOsb
  41FA3C RESET@F10QUERYCLASSOsb
  41FB10 QUOTE@F10QUERYCLASSsb
  41FC58 KILL@F10QUERYCLASS
  41FCB8 INIT@F10QUERYCLASS11QUERYVISUAL8INICLASSsb10ERRORCLASS
  4201A4 GETLIMIT@F10QUERYCLASSRscRscRUcUcRsc
  420DB8 GETFILTER@F10QUERYCLASS
  4212DC FINDNAME@F10QUERYCLASSsb
  421360 ASK@F10QUERYCLASSUc
  42169C ADDITEM@F10QUERYCLASSsbsbOsbUc
  421890 MAKEOPERATOR@FsbsbRscRsc
  421CAC MAKEOPERATOR@Fsbsb
  421D74 SETPOSITION@F16PAGEMANAGERCLASSlssUsUs
  421F54 SETCENTRE@F16PAGEMANAGERCLASSlUcUc
  421FE0 KILL@F16PAGEMANAGERCLASS
  422064 INIT@F16PAGEMANAGERCLASS17PRINTPREVIEWCLASSlUsRsb
  422214 HIGHLIGHT@F16PAGEMANAGERCLASSl
  4222D0 GETPROP@F16PAGEMANAGERCLASSlUs
  422368 EXISTS@F16PAGEMANAGERCLASSl
  4223B8 DRAW@F16PAGEMANAGERCLASSls
  422BF8 DELETE@F16PAGEMANAGERCLASSl
  422C6C DELETE@F16PAGEMANAGERCLASS
  422CB0 COORDCONTAINED@F16PAGEMANAGERCLASSss
  422F24 TAKEWINDOWEVENT@F13REPORTMANAGER
  423248 TAKERECORD@F13REPORTMANAGER
  4233B4 TAKENORECORDS@F13REPORTMANAGER
  4233E4 TAKECLOSEEVENT@F13REPORTMANAGER
  423638 TAKEACCEPTED@F13REPORTMANAGER
  423688 SETDYNAMICCONTROLSATTRIBUTES@F13REPORTMANAGER
  4236A8 SETSTATICCONTROLSATTRIBUTES@F13REPORTMANAGER
  4236C8 PROCESSRESULTFILES@F13REPORTMANAGER15OUTPUTFILEQUEUE
  4236F0 OPENREPORT@F13REPORTMANAGER
  4237FC OPEN@F13REPORTMANAGER
  42389C KILL@F13REPORTMANAGER
  4239FC INIT@F13REPORTMANAGER12PROCESSCLASSBr17PRINTPREVIEWCLASS
  423BA0 NEXT@F13REPORTMANAGER
  423C48 CANCELPRINTREPORT@F13REPORTMANAGER
  423C98 PRINTREPORT@F13REPORTMANAGER
  423EB8 ENDREPORT@F13REPORTMANAGER
  423F14 ASKPREVIEW@F13REPORTMANAGER
  424060 ASK@F13REPORTMANAGER
  4240D4 GETUSEMRP@F13REPORTMANAGER
  4240FC SETUSEMRP@F13REPORTMANAGERUc
  424130 TAKEFIELDEVENT@F17PRINTPREVIEWCLASS
  4241CC TAKEWINDOWEVENT@F17PRINTPREVIEWCLASS
  424740 TAKEEVENT@F17PRINTPREVIEWCLASS
  424F20 TAKEACCEPTED@F17PRINTPREVIEWCLASS
  425644 SYNCIMAGEQUEUE@F17PRINTPREVIEWCLASS
  4256A4 SETINIMANAGER@F17PRINTPREVIEWCLASS8INICLASS
  4256EC SETDEFAULTPAGES@F17PRINTPREVIEWCLASS
  425750 RESETUSERZOOM@F17PRINTPREVIEWCLASS
  42583C PROCESSRESULTFILES@F17PRINTPREVIEWCLASS15OUTPUTFILEQUEUE
  425864 OPEN@F17PRINTPREVIEWCLASS
  425CC8 NEWZOOM@F17PRINTPREVIEWCLASS
  425D00 KILL@F17PRINTPREVIEWCLASS
  425DE4 INPAGELIST@F17PRINTPREVIEWCLASSl
  426054 INITWINDOWPOSITION@F17PRINTPREVIEWCLASSBw
  4261CC INIT@F17PRINTPREVIEWCLASS12PREVIEWQUEUE25REPORTTARGETSELECTORCLASS17WMFDOCUMENTPARSER
  42622C INIT@F17PRINTPREVIEWCLASS12PREVIEWQUEUE
  42693C DRAWPAGE@F17PRINTPREVIEWCLASS
  426A10 DISPLAY@F17PRINTPREVIEWCLASSslUsUs
  426D4C DELETEIMAGEQUEUE@F17PRINTPREVIEWCLASSl
  426E08 CONFIGMENUCHECKS@F17PRINTPREVIEWCLASS
  426EF0 ASKTHUMBNAILS@F17PRINTPREVIEWCLASS
  427018 ASKPRINTPAGES@F17PRINTPREVIEWCLASS
  427208 ASKPAGE@F17PRINTPREVIEWCLASS
  42737C CHILDPROCESSINGEND@F12PROCESSCLASSUs
  4273AC CHILDPROCESSINGSTART@F12PROCESSCLASSUs
  42740C UPDATEDISPLAY@F12PROCESSCLASS
  4274AC TAKERECORD@F12PROCESSCLASS
  4274CC TAKELOCATE@F12PROCESSCLASS
  427524 TAKEACCEPTED@F12PROCESSCLASS
  427544 SETPROGRESSLIMITS@F12PROCESSCLASSsbsb
  42764C SETPROGRESSLIMITS@F12PROCESSCLASS
  427760 RESET@F12PROCESSCLASS
  427824 NEXT@F12PROCESSCLASSUc
  427BC8 KILL@F12PROCESSCLASS
  427C5C INIT@F12PROCESSCLASSBi15RELATIONMANAGERlPUc9STEPCLASSRu
  427CEC PERCENTILE2IDX@F17PRINTPREVIEWCLASSs
  427D98 IDX2PERCENTILE@F17PRINTPREVIEWCLASSUc
  4280A0 SETPRIORITIES@F17WINDOWRESIZECLASS13POSITIONGROUP
  428110 SETSIZE@F17WINDOWRESIZECLASSl13POSITIONGROUP
  428200 GETSIZEINFO@F17WINDOWRESIZECLASSl13POSITIONGROUP
  42833C RESTORECONTROLS@F17WINDOWRESIZECLASS
  4283CC TAKERESIZE@F17WINDOWRESIZECLASS
  42847C SETSTRATEGY@F17WINDOWRESIZECLASSlUsUs
  42869C SETPOSITION@F17WINDOWRESIZECLASSl13POSITIONGROUP13POSITIONGROUP13POSITIONGROUP13POSITIONGROUP
  428DC0 SETPARENTDEFAULT@F17WINDOWRESIZECLASS
  429104 SETPARENTDEFAULTS@F17WINDOWRESIZECLASS
  429190 SETPARENTCONTROL@F17WINDOWRESIZECLASSll
  4292A8 RESTOREWINDOW@F17WINDOWRESIZECLASS
  42937C RESIZECHILDREN@F17WINDOWRESIZECLASSl13POSITIONGROUP13POSITIONGROUP
  4295A4 RESIZE@F17WINDOWRESIZECLASSl
  4298F4 RESIZE@F17WINDOWRESIZECLASS
  429928 RESET@F17WINDOWRESIZECLASS
  429CA0 KILL@F17WINDOWRESIZECLASS
  429D58 INIT@F17WINDOWRESIZECLASSUcUcUc
  429F9C GETCURRENTPOS@F17WINDOWRESIZECLASSl13POSITIONGROUP
  42A00C GETORIGPOS@F17WINDOWRESIZECLASSl13POSITIONGROUP
  42A088 GETRESIZESTRATEGY@F17WINDOWRESIZECLASSsOUc
  42A298 GETPOSITIONSTRATEGY@F17WINDOWRESIZECLASSsOUc
  42A498 GETPARENTCONTROL@F17WINDOWRESIZECLASSl
  42A504 INIT@F22REPORTATTRIBUTEMANAGERBr
  42A528 DESTRUCT@F22REPORTATTRIBUTEMANAGER
  42A568 CONSTRUCT@F22REPORTATTRIBUTEMANAGER
  42A598 DESTRUCT@F25REPORTTARGETSELECTORCLASS
  42A5D8 CONSTRUCT@F25REPORTTARGETSELECTORCLASS
  42A618 GETREPORTGENERATORNAME@F25REPORTTARGETSELECTORCLASSs
  42A6D8 GETSELECTED@F25REPORTTARGETSELECTORCLASS
  42A770 GETPRINTSELECTED@F25REPORTTARGETSELECTORCLASS
  42A7A0 ITEMS@F25REPORTTARGETSELECTORCLASS
  42AE6C ASK@F25REPORTTARGETSELECTORCLASSUcUc
  42B0CC TAKEEVENT@F12TOOLBARCLASSPl13WINDOWMANAGER
  42B148 SETTARGET@F12TOOLBARCLASSl
  42B25C KILL@F12TOOLBARCLASS
  42B290 INIT@F12TOOLBARCLASS
  42B2D0 DISPLAYBUTTONS@F12TOOLBARCLASS
  42B330 ADDTARGET@F12TOOLBARCLASS13TOOLBARTARGETl
  42B3B8 TRYTAKETOOLBAR@F18TOOLBARUPDATECLASS
  42B3E4 TAKEEVENT@F18TOOLBARUPDATECLASSPl13WINDOWMANAGER
  42B458 TAKETOOLBAR@F18TOOLBARUPDATECLASS
  42B564 DISPLAYBUTTONS@F18TOOLBARUPDATECLASS
  42B634 TAKETOOLBAR@F19TOOLBARRELTREECLASS
  42B674 DISPLAYBUTTONS@F19TOOLBARRELTREECLASS
  42B6BC TRYTAKETOOLBAR@F19TOOLBARLISTBOXCLASS
  42B730 TAKEEVENT@F19TOOLBARLISTBOXCLASSPl13WINDOWMANAGER
  42B8B0 TAKETOOLBAR@F19TOOLBARLISTBOXCLASS
  42B8F0 DISPLAYBUTTONS@F19TOOLBARLISTBOXCLASS
  42B938 TAKEEVENT@F13TOOLBARTARGETPl13WINDOWMANAGER
  42B9E8 TRYTAKETOOLBAR@F13TOOLBARTARGET
  42BA08 DISPLAYBUTTONS@F13TOOLBARTARGET
  42BC28 SETTIPS@Fsb
  42BD70 SETMASK@F15SELECTFILECLASSsbsb
  42BE64 SETMASK@F15SELECTFILECLASSsb
  42BECC ASK@F15SELECTFILECLASSUc
  42C074 ADDMASK@F15SELECTFILECLASSsbsb
  42C168 ADDMASK@F15SELECTFILECLASSsb
  42C238 INIT@F15SELECTFILECLASS
  42C284 UPDATEQUEUE@F8INICLASSsbsbBqRuPuPuPu
  42C4C0 UPDATE@F8INICLASSsbsbsb
  42C590 UPDATE@F8INICLASSsbBw
  42C774 UPDATE@F8INICLASS
  42C794 TRYFETCH@F8INICLASSsbsb
  42C81C REMOVE@F8INICLASSsbsb
  42C9BC KILL@F8INICLASS
  42CB10 INIT@F8INICLASSsbll
  42CC5C GETSECTORS@F8INICLASSOsbOsbOsb11SECTORQUEUE
  42CE74 GETSECTOR@F8INICLASSsbsbsb
  42CF70 GETFAMILY@F8INICLASSsbRscRscRsc
  42D190 FETCHQUEUE@F8INICLASSsbsbBqRuPuPuPu
  42D40C FETCHFIELD@F8INICLASSsbsbUc
  42D5A8 FETCH@F8INICLASSsbsbRu
  42D680 FETCH@F8INICLASSsbBw
  42D8E8 FETCH@F8INICLASSsbsb
  42DA80 FETCH@F8INICLASS
  42DAA0 DELETESECTOR@F8INICLASSsb
  42DB8C ADDSECTOR@F8INICLASSsb
  42DC84 UPDATEWINDOWINFO@F8INICLASSsb10WINDOWINFO
  42DF18 FETCHWINDOWINFO@F8INICLASSsb10WINDOWINFO
  42E1AC UPDATE@F8INICLASSsbsbsbsb
  42E3C0 FETCH@F8INICLASSsbsbsbsb
  42E614 DESTRUCT@F8INICLASS
  42E650 CONSTRUCT@F8INICLASS
  42E684 KILL@F18BUFFEREDPAIRSCLASS
  42E744 INIT@F18BUFFEREDPAIRSCLASS
  42E788 EQUALRIGHTBUFFER@F18BUFFEREDPAIRSCLASSUc
  42E848 EQUALLEFTBUFFER@F18BUFFEREDPAIRSCLASSUc
  42E908 EQUALRIGHTBUFFER@F18BUFFEREDPAIRSCLASS
  42E934 EQUALLEFTBUFFER@F18BUFFEREDPAIRSCLASS
  42E960 ASSIGNRIGHTTOBUFFER@F18BUFFEREDPAIRSCLASS
  42E9D8 ASSIGNLEFTTOBUFFER@F18BUFFEREDPAIRSCLASS
  42EA50 ASSIGNBUFFERTORIGHT@F18BUFFEREDPAIRSCLASS
  42EAC8 ASSIGNBUFFERTOLEFT@F18BUFFEREDPAIRSCLASS
  42EB40 ADDPAIR@F18BUFFEREDPAIRSCLASSRuRu
  42EC14 INIT@F15FIELDPAIRSCLASS
  42EC4C KILL@F15FIELDPAIRSCLASS
  42ECE4 EQUALLEFTRIGHT@F15FIELDPAIRSCLASS
  42ED5C EQUAL@F15FIELDPAIRSCLASS
  42ED84 CLEARRIGHT@F15FIELDPAIRSCLASS
  42EDE8 CLEARLEFT@F15FIELDPAIRSCLASS
  42EE4C ASSIGNRIGHTTOLEFT@F15FIELDPAIRSCLASS
  42EEC4 ASSIGNLEFTTORIGHT@F15FIELDPAIRSCLASS
  42EF3C ADDITEM@F15FIELDPAIRSCLASSRu
  42EFC0 ADDPAIR@F15FIELDPAIRSCLASSRuRu
  42F04C NEXT@F13CONSTANTCLASS
  42F294 SET@F13CONSTANTCLASSRsb
  42F334 RESET@F13CONSTANTCLASS
  42F3B8 KILL@F13CONSTANTCLASS
  42F454 INIT@F13CONSTANTCLASSUc
  42F4CC GETCSTRING@F13CONSTANTCLASS
  42F590 GETPSTRING@F13CONSTANTCLASS
  42F65C GETLONG@F13CONSTANTCLASS
  42F69C GETUSHORT@F13CONSTANTCLASS
  42F6E0 GETSHORT@F13CONSTANTCLASS
  42F710 GETBYTE@F13CONSTANTCLASS
  42F790 ADDITEM@F13CONSTANTCLASSUcRu
  42F818 CONSTRUCT@F13CONSTANTCLASS
  42F854 REMOVEDOLLAR@Fsb
  42F9B4 ADDDOLLAR@Fsb
  42FAD8 SAVEONINSERTACTION@F13WINDOWMANAGER
  42FBC4 SAVEONCHANGEACTION@F13WINDOWMANAGER
  42FD2C DELETEACTION@F13WINDOWMANAGER
  42FF38 CHANGEACTION@F13WINDOWMANAGER
  430360 INSERTACTION@F13WINDOWMANAGER
  4305D0 TAKEDISABLEBUTTON@F13WINDOWMANAGERlUc
  430628 UPDATE@F13WINDOWMANAGER
  430694 TAKEWINDOWEVENT@F13WINDOWMANAGER
  430808 TAKESELECTED@F13WINDOWMANAGER
  430828 TAKEREJECTED@F13WINDOWMANAGER
  430880 TAKENOTIFY@F13WINDOWMANAGERlll
  4308B8 TAKENEWSELECTION@F13WINDOWMANAGER
  430950 TAKEFIELDEVENT@F13WINDOWMANAGER
  430970 TAKEEVENT@F13WINDOWMANAGER
  430B5C TAKECLOSEEVENT@F13WINDOWMANAGER
  430D64 TAKECOMPLETED@F13WINDOWMANAGER
  430E98 TAKEACCEPTED@F13WINDOWMANAGER
  430FE0 SETRESPONSE@F13WINDOWMANAGERUc
  431050 SETALERTS@F13WINDOWMANAGER
  431138 SAVEHISTORY@F13WINDOWMANAGER
  431214 RUN@F13WINDOWMANAGERUsUc
  431248 RUN@F13WINDOWMANAGER
  4312A8 RESTOREFIELD@F13WINDOWMANAGERl
  4314C8 RESETBUFFERS@F13WINDOWMANAGERUc
  431548 RESET@F13WINDOWMANAGERUc
  431610 PRIMEUPDATE@F13WINDOWMANAGER
  4317D0 PRIMEFIELDS@F13WINDOWMANAGER
  4317F0 POSTCOMPLETED@F13WINDOWMANAGER
  4318B4 OPEN@F13WINDOWMANAGERBwBw
  431928 OPEN@F13WINDOWMANAGER
  431988 KILL@F13WINDOWMANAGER
  431B54 INIT@F13WINDOWMANAGER
  431C0C REMOVEITEM@F13WINDOWMANAGER15WINDOWCOMPONENT
  431C7C ASK@F13WINDOWMANAGER
  431CFC ADDUPDATEFILE@F13WINDOWMANAGER11FILEMANAGER
  431D68 ADDITEM@F13WINDOWMANAGER17WINDOWRESIZECLASS
  431D9C ADDITEM@F13WINDOWMANAGER15WINDOWCOMPONENT
  431E1C ADDITEM@F13WINDOWMANAGER18TOOLBARUPDATECLASS
  431EB4 ADDITEM@F13WINDOWMANAGER12TOOLBARCLASS
  431EF0 ADDITEM@F13WINDOWMANAGERlUc
  431F60 ADDITEM@F13WINDOWMANAGER11BROWSECLASS
  431FAC ADDHISTORYFILE@F13WINDOWMANAGERRgRg
  432058 ADDHISTORYFIELD@F13WINDOWMANAGERll
  4320B4 DISABLECANCELCONTROLS@F13WINDOWMANAGER
  432134 ENABLECANCELCONTROLS@F13WINDOWMANAGER
  4321B4 PROCESSDOCUMENT@F17WMFDOCUMENTPARSER
  4321DC OPENDOCUMENT@F17WMFDOCUMENTPARSER
  4322C4 CLOSEDOCUMENT@F17WMFDOCUMENTPARSER
  43231C INIT@F17WMFDOCUMENTPARSER12PREVIEWQUEUE16IREPORTGENERATOR10ERRORCLASS
  43246C GENERATEREPORT@F17WMFDOCUMENTPARSERUc
  4329E4 TAKERECORD@F9WMFPARSER
  4374C4 PROCESSFILE@F9WMFPARSER
  437504 PROCESSHEADER@F9WMFPARSER
  43770C ADDOBJECT@F9WMFPARSERUc
  437830 CLOSEFILE@F9WMFPARSER
  437898 RUN@F9WMFPARSER
  4378C0 OPENFILE@F9WMFPARSER
  4379B8 KILL@F9WMFPARSER
  437A54 INIT@F9WMFPARSERsb16IREPORTGENERATOR10ERRORCLASS
  437B60 GETBOXBOTTOM@F9WMFPARSER
  437B88 GETBOXRIGHT@F9WMFPARSER
  437BB0 GETBOXTOP@F9WMFPARSER
  437BD8 GETBOXLEFT@F9WMFPARSER
  437C00 DESTRUCT@F9WMFPARSER
  437D38 CONSTRUCT@F9WMFPARSER
  437EB8 GETIFACE@F15CRITICALSECTION
  437EDC DESTRUCT@F15CRITICALSECTION
  437F10 CONSTRUCT@F15CRITICALSECTION
  437F40 KILL@F17CRITICALPROCEDURE
  437F88 INIT@F17CRITICALPROCEDURE11ISYNCOBJECT
  437FD4 DESTRUCT@F17CRITICALPROCEDURE
  437FFC CONSTRUCT@F17CRITICALPROCEDURE
  438024 RESIZEIMAGE@FlllllBr
  438D18 __thr_inst0
  438D28 __thr_init_entry
  438D48 __thr_init_exit
  4392A4 SELECTSTATES@F
  439D20 UPDATECUSTOMERS@F
  43CAD4 BROWSEALLORDERS@F
  43D3D4 SELECTPRODUCTS@F
  43EE28 UPDATEDETAIL@F
  43FF34 UPDATEORDERS@F
  440B70 MAIN@F
  4415E8 PRINTINVOICEFROMBROWSE@F
  442EA0 BROWSEORDERS@F
  4441B4 BROWSECUSTOMERS@F
  444C54 PRINTSELECTEDCUSTOMER@F
  4453B0 PRINTSELECTEDPRODUCT@F
  44601C BROWSEPRODUCTS@F
  446E6C UPDATEPRODUCTS@F
  4475F8 PRINTCUSTOMER:STATEKEY@F
  447C6C PRINTPRODUCT:KEYPRODUCTSKU@F
  448E50 PRINTINVOICE@F
  449790 PRINTMAILINGLABELS@F
  449FE4 UPDATECOMPANY@F
  44A56C SPLASHSCREEN@F
  44A62C KILL@F20HIDE:RELATE:CUSTOMER
  44A73C DEFEREDADDRELATIONS@F20HIDE:RELATE:CUSTOMER
  44A76C INIT@F20HIDE:RELATE:CUSTOMER
  44A7C8 VALIDATEFIELDSERVER@F20HIDE:ACCESS:CUSTOMERlUc
  44A8E4 USEFILE@F20HIDE:ACCESS:CUSTOMERUc
  44AA5C PRIMEFIELDS@F20HIDE:ACCESS:CUSTOMER
  44AAB4 KILL@F20HIDE:ACCESS:CUSTOMER
  44AAF0 INIT@F20HIDE:ACCESS:CUSTOMER
  44ABA4 KILL@F19HIDE:RELATE:INVOICE
  44ACD0 DEFEREDADDRELATIONS@F19HIDE:RELATE:INVOICE
  44AD00 INIT@F19HIDE:RELATE:INVOICE
  44AD5C VALIDATEFIELDSERVER@F19HIDE:ACCESS:INVOICElUc
  44AE78 USEFILE@F19HIDE:ACCESS:INVOICEUc
  44AFC4 PRIMEFIELDS@F19HIDE:ACCESS:INVOICE
  44B028 KILL@F19HIDE:ACCESS:INVOICE
  44B064 INIT@F19HIDE:ACCESS:INVOICE
  44B118 KILL@F25HIDE:RELATE:INVOICEDETAIL
  44B1E4 DEFEREDADDRELATIONS@F25HIDE:RELATE:INVOICEDETAIL
  44B214 INIT@F25HIDE:RELATE:INVOICEDETAIL
  44B270 VALIDATEFIELDSERVER@F25HIDE:ACCESS:INVOICEDETAILlUc
  44B3F4 USEFILE@F25HIDE:ACCESS:INVOICEDETAILUc
  44B518 KILL@F25HIDE:ACCESS:INVOICEDETAIL
  44B554 INIT@F25HIDE:ACCESS:INVOICEDETAIL
  44B608 KILL@F24HIDE:RELATE:INVENTORYLOG
  44B6B8 DEFEREDADDRELATIONS@F24HIDE:RELATE:INVENTORYLOG
  44B6E8 INIT@F24HIDE:RELATE:INVENTORYLOG
  44B744 USEFILE@F24HIDE:ACCESS:INVENTORYLOGUc
  44B890 PRIMEFIELDS@F24HIDE:ACCESS:INVENTORYLOG
  44B8D0 KILL@F24HIDE:ACCESS:INVENTORYLOG
  44B90C INIT@F24HIDE:ACCESS:INVENTORYLOG
  44B9C0 KILL@F19HIDE:RELATE:PRODUCT
  44BB04 DEFEREDADDRELATIONS@F19HIDE:RELATE:PRODUCT
  44BB34 INIT@F19HIDE:RELATE:PRODUCT
  44BB90 USEFILE@F19HIDE:ACCESS:PRODUCTUc
  44BCB4 KILL@F19HIDE:ACCESS:PRODUCT
  44BCF0 INIT@F19HIDE:ACCESS:PRODUCT
  44BDA4 KILL@F19HIDE:RELATE:COMPANY
  44BE18 INIT@F19HIDE:RELATE:COMPANY
  44BE74 USEFILE@F19HIDE:ACCESS:COMPANYUc
  44BF3C KILL@F19HIDE:ACCESS:COMPANY
  44BF78 INIT@F19HIDE:ACCESS:COMPANY
  44C02C KILL@F18HIDE:RELATE:STATES
  44C190 DEFEREDADDRELATIONS@F18HIDE:RELATE:STATES
  44C1C0 INIT@F18HIDE:RELATE:STATES
  44C21C USEFILE@F18HIDE:ACCESS:STATESUc
  44C2DC KILL@F18HIDE:ACCESS:STATES
  44C318 INIT@F18HIDE:ACCESS:STATES
  44C3CC INVOICE_BC0$INVOICE_BC0:FILESINIT@F
  44C484 INVOICE_BC0$INVOICE_BC0:DCTKILL@F
  44C5F0 INVOICE_BC0$INVOICE_BC0:DCTINIT@F
  44C920 DCTKILL@F
  44C93C DCTINIT@F
  44C95C _main
  44CAA4 DESTRUCT@F10DICTIONARY
  44CAC8 CONSTRUCT@F10DICTIONARY
  44CAF4 MIXCOLORS@F16MENUSTYLEMANAGERllUc
  44CC64 SETCUSTOMTHEMECOLORS@F16MENUSTYLEMANAGERsb
  44CC94 SETTHEMECOLORS@F16MENUSTYLEMANAGERsb
  44DE14 SETTHEMECOLORS@F16MENUSTYLEMANAGER
  44E02C SETLINEMODE@F16MENUSTYLEMANAGERUc
  44E0C0 SETLINESEMBOSSED@F16MENUSTYLEMANAGERUc
  44E17C SETVERTICALSELECTION@F16MENUSTYLEMANAGERl
  44E1B8 GETIMAGEBAR@F16MENUSTYLEMANAGER
  44E1DC SETIMAGEBAR@F16MENUSTYLEMANAGERl
  44E218 SETFLATMODE@F16MENUSTYLEMANAGERUc
  44E2A0 SETTEXTCOLOR@F16MENUSTYLEMANAGERUcl
  44E318 ISWINDOWSTHEMEIGNORED@F16MENUSTYLEMANAGER
  44E35C IGNOREWINDOWSTHEME@F16MENUSTYLEMANAGERUc
  44E3C0 REFRESH@F16MENUSTYLEMANAGERUc
  44E484 SETDEFAULTTHEMEVALUES@F16MENUSTYLEMANAGER
  44E568 APPLYTHEME@F16MENUSTYLEMANAGER
  44E6F4 SUSPENDREFRESH@F16MENUSTYLEMANAGER
  44E718 GETISVERTICALGRADIENT@F16MENUSTYLEMANAGERUc
  44E7B8 SETCOLOR@F16MENUSTYLEMANAGERUcllOUc
  44E878 USECUSTOMTHEME@F16MENUSTYLEMANAGER
  44E8BC USECUSTOMTHEME@F16MENUSTYLEMANAGERUc
  44E964 INIT@F16MENUSTYLEMANAGERl
  44E9E4 INITMENUINTERFACE@F16MENUSTYLEMANAGER
  44F000 $DEFAULTERRORS
  450348 $OVERRIDECHARACTERS
  450368 $SCROLL:NAME
  450494 $SCROLL:ALPHA
  45055C TYPE$BROWSECLASS
  450934 TYPE$BROWSEEIPMANAGER
  450C08 VMT$BROWSEEIPMANAGER
  450CAC VMT$BROWSECLASS
  450E78 TYPE$STANDARDBEHAVIOR
  450EB4 VMT$STANDARDBEHAVIOR
  450F00 TYPE$FILTERLOCATORCLASS
  450F80 VMT$FILTERLOCATORCLASS
  450FC0 TYPE$INCREMENTALLOCATORCLASS
  45101C VMT$INCREMENTALLOCATORCLASS
  45105C TYPE$STEPLOCATORCLASS
  4510AC VMT$STEPLOCATORCLASS
  4510E8 TYPE$STEPSTRINGCLASS
  451138 VMT$STEPSTRINGCLASS
  451158 TYPE$STEPLONGCLASS
  451180 VMT$STEPLONGCLASS
  4511B0 TYPE$FILEDROPCLASS
  451310 VMT$FILEDROPCLASS
  451410 TYPE$COLORMAP
  45143C TCB$COLORMAP
  45144C TYPE$EDITENTRYCLASS
  451494 VMT$EDITENTRYCLASS
  45176C STDERRORFILE$TYPE$RECORD
  451784 $STDERRORFILE
  4517D0 TYPE$PNQ
  4517F0 TYPE$DEFAULTERRORS
  451A50 TYPE$HISTHANDLERCLASS
  451A98 VMT$HISTHANDLERCLASS
  451AC8 TYPE$MSGBOXCLASS
  451D40 VMT$MSGBOXCLASS
  451DC8 TYPE$ERRORCLASS
  45204C VMT$ERRORCLASS
  452098 TYPE$STANDARDERRORLOGCLASS
  4520D0 VMT$STANDARDERRORLOGCLASS
  4520E8 TYPE$ERRORSTATUSCLASS
  4521DC VMT$ERRORSTATUSCLASS
  4528A0 TYPE$UNTHREADEDFILEOPENERMAP
  4528C4 TCB$UNTHREADEDFILEOPENERMAP
  4528D4 TYPE$FILESMANAGER
  452918 VMT$FILESMANAGER
  452924 TYPE$FILEMAPPING_T
  452950 TYPE$FILEMAPPING_R
  452980 TYPE$STATUSQ_T
  4529E8 TYPE$UNTHREADEDFILEOPENSERVER
  452A38 VMT$UNTHREADEDFILEOPENSERVER
  452A5C TYPE$THREADEDFILEOPENSERVER
  452A90 VMT$THREADEDFILEOPENSERVER
  452CD4 TYPE$POPUPITEMQUEUE
  452D44 TYPE$POPUPCLASS
  452DE8 VMT$POPUPCLASS
  452F48 TYPE$POPUPQUEUE
  452F70 TYPE$FIELDQUEUE
  452FF8 TYPE$QUERYFORMCLASS
  4530A8 VMT$QUERYFORMCLASS
  4530BC TYPE$QUERYFORMVISUAL
  4532E8 VMT$QUERYFORMVISUAL
  453470 TYPE$PAGEMANAGERCLASS
  45352C VMT$PAGEMANAGERCLASS
  453538 TYPE$ZOOMITEMQUEUE
  453570 $ZOOMPRESETS
  453664 TYPE$PRINTPREVIEWCLASS
  453C14 VMT$PRINTPREVIEWCLASS
  453CF8 TYPE$WINDOWRESIZECLASS
  453F38 VMT$WINDOWRESIZECLASS
  453F64 TYPE$REPORTATTRIBUTEMANAGER
  453F80 VMT$REPORTATTRIBUTEMANAGER
  4540B0 TYPE$REPORTTARGETSELECTORCLASS
  454114 VMT$REPORTTARGETSELECTORCLASS
  454164 TYPE$TOOLBARTARGETQUEUE
  454180 $UPDATECHANGETIPS
  45428C $UPDATEINSERTTIPS
  4542CC $RELTREEBOXTIPS
  454368 $LISTBOXTIPS
  454424 TYPE$TOOLBARCLASS
  45443C VMT$TOOLBARCLASS
  454454 TYPE$TOOLBARUPDATECLASS
  4544DC VMT$TOOLBARUPDATECLASS
  4544F8 TYPE$TOOLBARLISTBOXCLASS
  454574 VMT$TOOLBARLISTBOXCLASS
  45468C TYPE$CONSTDESCRIPTORLIST
  4546B4 TYPE$CONSTANTCLASS
  454754 VMT$CONSTANTCLASS
  454760 TYPE$SELECTFILECLASS
  4547EC VMT$SELECTFILECLASS
  4547F8 TYPE$INICLASS
  454840 VMT$INICLASS
  4548CC TYPE$BUFFEREDPAIRSCLASS
  4548F0 VMT$BUFFEREDPAIRSCLASS
  454928 TYPE$FIELDPAIRSCLASS
  454940 VMT$FIELDPAIRSCLASS
  454980 TYPE$FILELIST
  4549A4 TYPE$HISTORYLIST
  4549DC TYPE$BUTTONLIST
  454A00 TYPE$COMPONENTLIST
  454B54 WMFINFILE$TYPE$WMFF@:RECORD
  454B74 TYPE$QUEUEDC
  454BD8 TYPE$QUEUEHOLES
  454BEC TYPE$QUEUEBRUSH
  454C18 TYPE$QUEUEPENS
  454C44 TYPE$QUEUEFONTS
  454C8C TYPE$QUEUEOBJECTS
  454CA8 TYPE$WMFDOCUMENTPARSER
  454D0C VMT$WMFDOCUMENTPARSER
  454D18 TYPE$WMFPARSER
  455814 VMT$WMFPARSER
  455820 TYPE$POINTQUEUE
  45583C TYPE$SLICEFORMATQUEUE
  4558E4 TYPE$TEXTFORMATQUEUE
  45599C TYPE$CRITICALSECTION
  4559B4 VMT$CRITICALSECTION
  4559C0 TYPE$CRITICALPROCEDURE
  4559D8 VMT$CRITICALPROCEDURE
  45E638 TYPE$HIDE:RELATE:CUSTOMER
  45E6DC VMT$HIDE:RELATE:CUSTOMER
  45E718 TYPE$HIDE:ACCESS:CUSTOMER
  45E8FC VMT$HIDE:ACCESS:CUSTOMER
  45E9D8 TYPE$HIDE:RELATE:INVOICE
  45EA7C VMT$HIDE:RELATE:INVOICE
  45EAB8 TYPE$HIDE:ACCESS:INVOICE
  45EC9C VMT$HIDE:ACCESS:INVOICE
  45ED78 TYPE$HIDE:RELATE:INVOICEDETAIL
  45EE1C VMT$HIDE:RELATE:INVOICEDETAIL
  45EE58 TYPE$HIDE:ACCESS:INVOICEDETAIL
  45F03C VMT$HIDE:ACCESS:INVOICEDETAIL
  45F118 TYPE$HIDE:RELATE:INVENTORYLOG
  45F1BC VMT$HIDE:RELATE:INVENTORYLOG
  45F1F8 TYPE$HIDE:ACCESS:INVENTORYLOG
  45F3DC VMT$HIDE:ACCESS:INVENTORYLOG
  45F4B8 TYPE$HIDE:RELATE:PRODUCT
  45F55C VMT$HIDE:RELATE:PRODUCT
  45F598 TYPE$HIDE:ACCESS:PRODUCT
  45F77C VMT$HIDE:ACCESS:PRODUCT
  45F858 TYPE$HIDE:RELATE:COMPANY
  45F8FC VMT$HIDE:RELATE:COMPANY
  45F938 TYPE$HIDE:ACCESS:COMPANY
  45FB1C VMT$HIDE:ACCESS:COMPANY
  45FBF8 TYPE$HIDE:RELATE:STATES
  45FC9C VMT$HIDE:RELATE:STATES
  45FCD8 TYPE$HIDE:ACCESS:STATES
  45FEBC VMT$HIDE:ACCESS:STATES
  460208 $RE
  460324 TYPE$DICTIONARY
  460334 VMT$DICTIONARY
  460340 CUSTOMER$TYPE$CUSTOMER:RECORD
  46047C INVOICE$TYPE$INVOICE:RECORD
  4605E0 INVOICEDETAIL$TYPE$INVOICEDETAIL:RECORD
  460768 INVENTORYLOG$TYPE$INVENTORYLOG:RECORD
  460860 PRODUCT$TYPE$PRODUCT:RECORD
  460930 COMPANY$TYPE$COMPANY:RECORD
  4609C0 STATES$TYPE$STATES:RECORD
  460B1C TYPE$MENUSTYLEMANAGER
  460D50 VMT$MENUSTYLEMANAGER
  461238 VMTP$DICTIONARY
  4613B0 VMTP$HIDE:RELATE:CUSTOMER
  4613B8 VMTP$HIDE:ACCESS:CUSTOMER
  4613C0 VMTP$HIDE:RELATE:INVOICE
  4613C8 VMTP$HIDE:ACCESS:INVOICE
  4613D0 VMTP$HIDE:RELATE:INVOICEDETAIL
  4613D8 VMTP$HIDE:ACCESS:INVOICEDETAIL
  4613E0 VMTP$HIDE:RELATE:INVENTORYLOG
  4613E8 VMTP$HIDE:ACCESS:INVENTORYLOG
  4613F0 VMTP$HIDE:RELATE:PRODUCT
  4613F8 VMTP$HIDE:ACCESS:PRODUCT
  461400 VMTP$HIDE:RELATE:COMPANY
  461408 VMTP$HIDE:ACCESS:COMPANY
  461410 VMTP$HIDE:RELATE:STATES
  461418 VMTP$HIDE:ACCESS:STATES
  461420 VMTP$WINDOWRESIZECLASS
  461428 VMTP$FILESMANAGER
  461430 VMTP$UNTHREADEDFILEOPENSERVER
  461438 VMTP$THREADEDFILEOPENSERVER
  461440 VMTP$CONSTANTCLASS
  461448 VMTP$SELECTFILECLASS
  461450 VMTP$INICLASS
  461458 VMTP$BUFFEREDPAIRSCLASS
  461460 VMTP$FIELDPAIRSCLASS
  461468 VMTP$POPUPCLASS
  461470 VMTP$TOOLBARCLASS
  461478 VMTP$TOOLBARUPDATECLASS
  461480 VMTP$TOOLBARLISTBOXCLASS
  461488 VMTP$EDITENTRYCLASS
  461490 VMTP$BROWSEEIPMANAGER
  461498 VMTP$BROWSECLASS
  4614A0 VMTP$STANDARDBEHAVIOR
  4614A8 VMTP$FILTERLOCATORCLASS
  4614B0 VMTP$INCREMENTALLOCATORCLASS
  4614B8 VMTP$STEPLOCATORCLASS
  4614C0 VMTP$STEPSTRINGCLASS
  4614C8 VMTP$STEPLONGCLASS
  4614D0 VMTP$HISTHANDLERCLASS
  4614D8 VMTP$MSGBOXCLASS
  4614E0 VMTP$ERRORCLASS
  4614E8 VMTP$STANDARDERRORLOGCLASS
  4614F0 VMTP$ERRORSTATUSCLASS
  4614F8 VMTP$QUERYFORMCLASS
  461500 VMTP$QUERYFORMVISUAL
  461508 VMTP$MENUSTYLEMANAGER
  461510 VMTP$WMFDOCUMENTPARSER
  461518 VMTP$WMFPARSER
  461520 VMTP$REPORTATTRIBUTEMANAGER
  461528 VMTP$REPORTTARGETSELECTORCLASS
  461530 VMTP$PAGEMANAGERCLASS
  461538 VMTP$PRINTPREVIEWCLASS
  461540 VMTP$FILEDROPCLASS
  461548 VMTP$CRITICALSECTION
  461550 VMTP$CRITICALPROCEDURE
  461560 $COLORMAP
  461598 $MULTIWINDOW
  46159C $TXTWINDOW
  4615A0 $WINDOW
  4615A4 STDERRORFILE$RECORD
  4619A4 $UNTHREADEDFILEOPENERMAP
  4619AC $CREATEOPENERCRIT
  461AB8 KEYS$WMFINFILE
  461AEC $GLOBALERRORS
  461B20 $INIMGR
  461C38 MEMOS$COMPANY
  462008 CUSTOMER$CUSTOMER:CUSTOMERIDKEY
  46202C CUSTOMER$CUSTOMER:KEYFULLNAME
  462050 CUSTOMER$CUSTOMER:KEYCOMPANY
  462074 CUSTOMER$CUSTOMER:KEYZIPCODE
  462098 CUSTOMER$CUSTOMER:STATEKEY
  4620BC KEYS$CUSTOMER
  4620D0 $CUSTOMER
  46211C INVOICE$INVOICE:INVOICEIDKEY
  462140 INVOICE$INVOICE:KEYCUSTORDERNUMBER
  462164 INVOICE$INVOICE:INVOICENUMBERKEY
  462188 INVOICE$INVOICE:STATEKEY
  4621AC KEYS$INVOICE
  4621BC $INVOICE
  462208 INVOICEDETAIL$INVOICEDETAIL:INVOICEDETAILIDKEY
  46222C INVOICEDETAIL$INVOICEDETAIL:INVOICEKEY
  462250 INVOICEDETAIL$INVOICEDETAIL:PRODUCTKEY
  462274 KEYS$INVOICEDETAIL
  462280 $INVOICEDETAIL
  4622CC INVENTORYLOG$INVENTORYLOG:INVENTORYLOGIDKEY
  4622F0 INVENTORYLOG$INVENTORYLOG:KEYPRODNUMBERDATE
  462314 INVENTORYLOG$INVENTORYLOG:KEYPRODUCTNUMBERDATE
  462338 INVENTORYLOG$INVENTORYLOG:KEYVENDORNUMBERDATE
  46235C KEYS$INVENTORYLOG
  46236C $INVENTORYLOG
  4623B8 PRODUCT$PRODUCT:PRODUCTIDKEY
  4623DC PRODUCT$PRODUCT:KEYPRODUCTSKU
  462400 PRODUCT$PRODUCT:KEYDESCRIPTION
  462424 KEYS$PRODUCT
  462430 $PRODUCT
  46247C COMPANY$COMPANY:COMPANYIDKEY
  4624A0 KEYS$COMPANY
  4624A4 $COMPANY
  4624F0 STATES$STATES:STATECODEKEY
  462514 KEYS$STATES
  462518 $STATES
  4627B4 $EPOC
  46289C $WMFINFILE
  4628F0 $GLOT:CUSTNAME
  462914 $GLOT:SHIPNAME
  462938 $GLOT:CUSTADDRESS
  462968 $GLOT:SHIPADDRESS
  462998 $GLOT:CUSCSZ
  4629C0 $GLOT:SHIPCSZ
  4629E8 $GLOBALERRORSTATUS
  463108 $GLOBALREQUEST
  46310C $GLOBALRESPONSE
  463110 $VCRREQUEST
  463114 $DICTIONARY
  463118 CUSTOMER$CUSTOMER:RECORD
  4631E0 INVOICE$INVOICE:RECORD
  4632E0 INVOICEDETAIL$INVOICEDETAIL:RECORD
  463314 INVENTORYLOG$INVENTORYLOG:RECORD
  463368 PRODUCT$PRODUCT:RECORD
  4633EC COMPANY$COMPANY:RECORD
  463458 STATES$STATES:RECORD
  463474 $RELATE:COMPANY
  463478 $ACCESS:COMPANY
  46347C $RELATE:CUSTOMER
  463480 $ACCESS:CUSTOMER
  463484 $RELATE:INVOICE
  463488 $ACCESS:INVOICE
  46348C $RELATE:INVOICEDETAIL
  463490 $ACCESS:INVOICEDETAIL
  463494 $RELATE:INVENTORYLOG
  463498 $ACCESS:INVENTORYLOG
  46349C $RELATE:PRODUCT
  4634A0 $ACCESS:PRODUCT
  4634A4 $RELATE:STATES
  4634A8 $ACCESS:STATES
  463814 INVOICE_BC0$_HIDE:RELATE:CUSTOMER
  463818 INVOICE_BC0$_HIDE:ACCESS:CUSTOMER
  46381C INVOICE_BC0$_HIDE:RELATE:INVOICE
  463820 INVOICE_BC0$_HIDE:ACCESS:INVOICE
  463824 INVOICE_BC0$_HIDE:RELATE:INVOICEDETAIL
  463828 INVOICE_BC0$_HIDE:ACCESS:INVOICEDETAIL
  46382C INVOICE_BC0$_HIDE:RELATE:INVENTORYLOG
  463830 INVOICE_BC0$_HIDE:ACCESS:INVENTORYLOG
  463834 INVOICE_BC0$_HIDE:RELATE:PRODUCT
  463838 INVOICE_BC0$_HIDE:ACCESS:PRODUCT
  46383C INVOICE_BC0$_HIDE:RELATE:COMPANY
  463840 INVOICE_BC0$_HIDE:ACCESS:COMPANY
  463844 INVOICE_BC0$_HIDE:RELATE:STATES
  463848 INVOICE_BC0$_HIDE:ACCESS:STATES
  46384C $FILESMANAGER
  463864 $SZDBTEXTLOG
  474160 WMFINFILE$WMFF@:RECORD
  476000 __import_section_start
  477E68 __import_section_end

Imports
ClaASC.dll:ASCII 4760A8
ClaDOS.dll:DOS 4760B8
ClaPRLB.dll:CONSTRUCT@F12REPORTENGINE 4760CC
ClaPRLB.dll:VMT$REPORTENGINE 4760D0
ClaRUN.dll:Cla$ACCEPTED 4764EC,401000
ClaRUN.dll:Cla$ADDqueue 4764F0
ClaRUN.dll:Cla$ADDqueuekey 4764F4,401008
ClaRUN.dll:Cla$ADDqueueptr 4764F8
ClaRUN.dll:Cla$AddressUfo 4764FC
ClaRUN.dll:Cla$AssertFailed 476500
ClaRUN.dll:Cla$AssertFailedM 476504
ClaRUN.dll:Cla$AssignLong2RefUfo 476508
ClaRUN.dll:Cla$AssignReal2RefUfo 47650C
ClaRUN.dll:Cla$AssignRefUfo 476510
ClaRUN.dll:Cla$BEEP 476514,401010
ClaRUN.dll:Cla$BindG 476518
ClaRUN.dll:Cla$BindV 47651C
ClaRUN.dll:Cla$CHOICE 476520,401018
ClaRUN.dll:Cla$CLEAR 476524
ClaRUN.dll:Cla$ClearDec 476528
ClaRUN.dll:Cla$CLEARqueue 47652C
ClaRUN.dll:Cla$clearstr 476530
ClaRUN.dll:Cla$ClearType 476534
ClaRUN.dll:Cla$ClearUfo 476538
ClaRUN.dll:Cla$CLOCK 47653C,401020
ClaRUN.dll:Cla$CloneUfo 476540
ClaRUN.dll:Cla$CLOSEwindow 476544,401028
ClaRUN.dll:Cla$code 476548
ClaRUN.dll:Cla$COMMIT 47654C,401030
ClaRUN.dll:Cla$comparestr 476550
ClaRUN.dll:Cla$CREATE 476554
ClaRUN.dll:Cla$DAbs 476558
ClaRUN.dll:Cla$DEBUGHOOK 47655C,401038
ClaRUN.dll:Cla$DecAdd 476560
ClaRUN.dll:Cla$DecCompareN 476564
ClaRUN.dll:Cla$DecDistinct 476568
ClaRUN.dll:Cla$DecDistinctR 47656C
ClaRUN.dll:Cla$DecDivide 476570
ClaRUN.dll:Cla$DecDivideR 476574
ClaRUN.dll:Cla$DecMul 476578
ClaRUN.dll:Cla$DecSub 47657C
ClaRUN.dll:Cla$DecSubR 476580
ClaRUN.dll:Cla$DELETEqueue 476584,401040
ClaRUN.dll:Cla$DELETEREG 476588,401048
ClaRUN.dll:Cla$DESTROY 47658C,401050
ClaRUN.dll:Cla$DISABLE 476590,401058
ClaRUN.dll:Cla$DISPLAY 476594,401060
ClaRUN.dll:Cla$DISPOSEqueue 476598
ClaRUN.dll:Cla$DISPOSEref 47659C
ClaRUN.dll:Cla$DISPOSEvref 4765A0
ClaRUN.dll:Cla$Dlongpower 4765A4
ClaRUN.dll:Cla$DPopDec 4765A8
ClaRUN.dll:Cla$DPopLong 4765AC
ClaRUN.dll:Cla$DPopReal 4765B0
ClaRUN.dll:Cla$DPopUlong 4765B4
ClaRUN.dll:Cla$DPushConstant 4765B8
ClaRUN.dll:Cla$DPushDec 4765BC
ClaRUN.dll:Cla$DPushLong 4765C0
ClaRUN.dll:Cla$DPushULong 4765C4
ClaRUN.dll:Cla$DRound 4765C8
ClaRUN.dll:Cla$DStack2Stack 4765CC
ClaRUN.dll:Cla$ENABLE 4765D0,401068
ClaRUN.dll:Cla$EndEventLoop 4765D4
ClaRUN.dll:Cla$EndEventLoops 4765D8
ClaRUN.dll:Cla$ENDPAGE 4765DC,401070
ClaRUN.dll:Cla$ERRORCODE 4765E0,401078
ClaRUN.dll:Cla$Evaluate 4765E4,401080
ClaRUN.dll:Cla$EVENT 4765E8,401088
ClaRUN.dll:Cla$FIELD 4765EC,401090
ClaRUN.dll:Cla$FILEDIALOG 4765F0,401098
ClaRUN.dll:Cla$FILEERRORCODE 4765F4,4010A0
ClaRUN.dll:Cla$FILEERRORMSG 4765F8,4010A8
ClaRUN.dll:Cla$FileExists 4765FC,4010B0
ClaRUN.dll:Cla$FILE_ADDf 476600
ClaRUN.dll:Cla$FILE_BUFFER 476604,4010B8
ClaRUN.dll:Cla$FILE_BUILDf 476608,4010C0
ClaRUN.dll:Cla$FILE_BYTES 47660C,4010C8
ClaRUN.dll:CLA$FILE_CALLBACK 476610,4010D0
ClaRUN.dll:Cla$FILE_CLEAR 476614
ClaRUN.dll:Cla$FILE_CLOSE 476618,4010D8
ClaRUN.dll:Cla$FILE_CREATE 47661C
ClaRUN.dll:Cla$FILE_DELETE 476620,4010E0
ClaRUN.dll:CLA$FILE_DESTROY 476624
ClaRUN.dll:Cla$FILE_DUPLICATEk 476628,4010E8
ClaRUN.dll:Cla$FILE_FLUSH 47662C,4010F0
ClaRUN.dll:CLA$FILE_FREESTATE 476630,4010F8
ClaRUN.dll:Cla$FILE_GETfk 476634
ClaRUN.dll:Cla$FILE_GETfl 476638
ClaRUN.dll:Cla$FILE_GETflu 47663C
ClaRUN.dll:Cla$FILE_GETNULLS 476640,401100
ClaRUN.dll:CLA$FILE_GETSTATE 476644,401108
ClaRUN.dll:Cla$FILE_GET_PROPERTY 476648
ClaRUN.dll:Cla$FILE_NAME 47664C,401110
ClaRUN.dll:Cla$FILE_NEXT 476650,401118
ClaRUN.dll:Cla$FILE_NOMEMO 476654,401120
ClaRUN.dll:Cla$FILE_OPEN 476658,401128
ClaRUN.dll:Cla$FILE_POSITIONf 47665C,401130
ClaRUN.dll:Cla$FILE_POSITIONk 476660,401138
ClaRUN.dll:Cla$FILE_PREV 476664,401140
ClaRUN.dll:Cla$FILE_PUTf 476668
ClaRUN.dll:Cla$FILE_RECORDSf 47666C,401148
ClaRUN.dll:Cla$FILE_REGETf 476670,401150
ClaRUN.dll:Cla$FILE_REGETk 476674,401158
ClaRUN.dll:Cla$FILE_RESETf 476678,401160
ClaRUN.dll:Cla$FILE_RESETk 47667C,401168
ClaRUN.dll:CLA$FILE_RESTORESTATE 476680,401170
ClaRUN.dll:Cla$FILE_SEND 476684,401178
ClaRUN.dll:Cla$FILE_SETf 476688,401180
ClaRUN.dll:Cla$FILE_SETk 47668C,401188
ClaRUN.dll:Cla$FILE_SETkk 476690,401190
ClaRUN.dll:Cla$FILE_SETNULLS 476694,401198
ClaRUN.dll:Cla$FILE_SET_PROPERTY 476698
ClaRUN.dll:Cla$FILE_WATCH 47669C,4011A0
ClaRUN.dll:Cla$FOCUS 4766A0,4011A8
ClaRUN.dll:Cla$FREEqueue 4766A4
ClaRUN.dll:Cla$FREEqueuea 4766A8,4011B0
ClaRUN.dll:Cla$freestr 4766AC
ClaRUN.dll:Cla$FreeUfo 4766B0
ClaRUN.dll:Cla$freewindow 4766B4
ClaRUN.dll:Cla$GETINI 4766B8,4011B8
ClaRUN.dll:Cla$GETPOSITION 4766BC,4011C0
ClaRUN.dll:Cla$GETPOSITIONw 4766C0,4011C8
ClaRUN.dll:Cla$GetPropS 4766C4
ClaRUN.dll:Cla$GETqueuekey 4766C8,4011D0
ClaRUN.dll:Cla$GETqueueptr 4766CC
ClaRUN.dll:Cla$GETREG 4766D0,4011D8
ClaRUN.dll:Cla$Group2Ufo 4766D4
ClaRUN.dll:Cla$HALT 4766D8,4011E0
ClaRUN.dll:Cla$HELP 4766DC,4011E8
ClaRUN.dll:Cla$HIDE 4766E0,4011F0
ClaRUN.dll:Cla$init 4766E4
ClaRUN.dll:Cla$INSTANCE 4766E8,4011F8
ClaRUN.dll:Cla$IsAlpha 4766EC,401200
ClaRUN.dll:Cla$IsUfoString 4766F0,401208
ClaRUN.dll:Cla$IsUpper 4766F4,401210
ClaRUN.dll:Cla$KEYCHAR 4766F8,401218
ClaRUN.dll:Cla$KEYCODE 4766FC,401220
ClaRUN.dll:Cla$KEY_GET_PROPERTY 476700
ClaRUN.dll:Cla$LASTFIELD 476704,401228
ClaRUN.dll:Cla$loaddec 476708
ClaRUN.dll:Cla$LOGOUT 47670C,401230
ClaRUN.dll:Cla$LONGPATH 476710,401238
ClaRUN.dll:Cla$longtostr 476714
ClaRUN.dll:Cla$Mem2Ufo 476718
ClaRUN.dll:Cla$MessageBox 47671C,401240
ClaRUN.dll:Cla$MOUSEX 476720,401248
ClaRUN.dll:Cla$MOUSEY 476724,401250
ClaRUN.dll:Cla$NewMemB 476728
ClaRUN.dll:Cla$NewMemT 47672C
ClaRUN.dll:Cla$NewMemZ 476730
ClaRUN.dll:Cla$NEWqueue 476734
ClaRUN.dll:Cla$NOTIFICATION 476738,401258
ClaRUN.dll:Cla$OPENowned 47673C,401260
ClaRUN.dll:Cla$OPENwindow 476740,401268
ClaRUN.dll:Cla$paopen 476744,401270
ClaRUN.dll:Cla$pmopen 476748,401278
ClaRUN.dll:Cla$POINTERqueue 47674C,401280
ClaRUN.dll:Cla$PopAString 476750
ClaRUN.dll:Cla$PopBind 476754,401288
ClaRUN.dll:Cla$PopCString 476758
ClaRUN.dll:Cla$PopReal 47675C
ClaRUN.dll:Cla$PopString 476760
ClaRUN.dll:Cla$PopTemp 476764
ClaRUN.dll:Cla$POPUP 476768,401290
ClaRUN.dll:Cla$POST 47676C,401298
ClaRUN.dll:Cla$PRESSKEY 476770,4012A0
ClaRUN.dll:Cla$PRINTreport 476774
ClaRUN.dll:Cla$propen 476778,4012A8
ClaRUN.dll:Cla$PushAString 47677C
ClaRUN.dll:Cla$PushBind 476780,4012B0
ClaRUN.dll:Cla$PushCString 476784
ClaRUN.dll:Cla$PushLong 476788
ClaRUN.dll:Cla$PushPictDec 47678C
ClaRUN.dll:Cla$PushPictLong 476790
ClaRUN.dll:Cla$PushReal 476794
ClaRUN.dll:Cla$PushString 476798
ClaRUN.dll:Cla$PushUfo 47679C
ClaRUN.dll:Cla$PUTINI 4767A0,4012B8
ClaRUN.dll:Cla$PUTqueue 4767A4
ClaRUN.dll:Cla$PUTqueuekey 4767A8,4012C0
ClaRUN.dll:Cla$PUTREG 4767AC,4012C8
ClaRUN.dll:Cla$pwopen 4767B0,4012D0
ClaRUN.dll:Cla$QUOTE 4767B4,4012D8
ClaRUN.dll:Cla$realdistinct 4767B8
ClaRUN.dll:Cla$RECORDSqueue 4767BC,4012E0
ClaRUN.dll:Cla$RefAssignAny 4767C0
ClaRUN.dll:Cla$REGISTEREVENT 4767C4,4012E8
ClaRUN.dll:Cla$REGULAR 4767C8,4012F0
ClaRUN.dll:Cla$RemoveFile 4767CC,4012F8
ClaRUN.dll:Cla$ROLLBACK 4767D0,401300
ClaRUN.dll:Cla$rterr 4767D4,401308
ClaRUN.dll:Cla$SELECT 4767D8,401310
ClaRUN.dll:Cla$SETCURSOR 4767DC,401318
ClaRUN.dll:Cla$SETKEYCODE 4767E0,401320
ClaRUN.dll:Cla$SETLAYOUT 4767E4,401328
ClaRUN.dll:Cla$SETPATH 4767E8,401330
ClaRUN.dll:Cla$SETPOSITION 4767EC,401338
ClaRUN.dll:Cla$SETPOSITIONw 4767F0,401340
ClaRUN.dll:Cla$SetPropF 4767F4
ClaRUN.dll:Cla$SetPropQ 4767F8
ClaRUN.dll:Cla$SetPropS 4767FC
ClaRUN.dll:Cla$SetPropV 476800
ClaRUN.dll:Cla$SETTARGET 476804,401348
ClaRUN.dll:Cla$SHORTPATH 476808,401350
ClaRUN.dll:Cla$SORTqueuekey 47680C,401358
ClaRUN.dll:Cla$Stack2DStack 476810
ClaRUN.dll:Cla$Stack2Ufo 476814
ClaRUN.dll:Cla$StackCLIP 476818,401360
ClaRUN.dll:Cla$StackCompareN 47681C
ClaRUN.dll:Cla$StackCompareNEQ 476820
ClaRUN.dll:Cla$StackCompareR 476824
ClaRUN.dll:Cla$StackConcat 476828
ClaRUN.dll:Cla$StackConcatR 47682C
ClaRUN.dll:Cla$StackCONTENTS 476830,401368
ClaRUN.dll:Cla$StackDEFORMAT2 476834
ClaRUN.dll:Cla$StackErrstr 476838,401370
ClaRUN.dll:Cla$StackFORMAT2 47683C
ClaRUN.dll:Cla$StackHeap 476840
ClaRUN.dll:Cla$StackINLIST 476844
ClaRUN.dll:Cla$StackINSTRING 476848,401378
ClaRUN.dll:Cla$StackLEFT 47684C,401380
ClaRUN.dll:Cla$StackLen 476850,401388
ClaRUN.dll:Cla$StackNUMERIC 476854,401390
ClaRUN.dll:Cla$STACKpop 476858
ClaRUN.dll:Cla$StackRotate 47685C
ClaRUN.dll:Cla$StackSUB 476860,401398
ClaRUN.dll:Cla$StackUPPER 476864,4013A0
ClaRUN.dll:Cla$START 476868,4013A8
ClaRUN.dll:Cla$START2 47686C,4013B0
ClaRUN.dll:Cla$StartEventLoop 476870
ClaRUN.dll:Cla$StashBP 476874
ClaRUN.dll:Cla$STATUSfile 476878,4013B8
ClaRUN.dll:Cla$STOP 47687C,4013C0
ClaRUN.dll:Cla$storecstr 476880
ClaRUN.dll:Cla$storedec 476884
ClaRUN.dll:Cla$storestr 476888
ClaRUN.dll:Cla$String2Ref 47688C
ClaRUN.dll:Cla$THREAD 476890,4013C8
ClaRUN.dll:Cla$THREAD_FILE 476894
ClaRUN.dll:Cla$TODAY 476898,4013D0
ClaRUN.dll:Cla$Ufo2Real 47689C
ClaRUN.dll:Cla$UfoCompareN 4768A0
ClaRUN.dll:Cla$Ufodistinct 4768A4
ClaRUN.dll:Cla$UNHIDE 4768A8,4013D8
ClaRUN.dll:Cla$UNQUOTE 4768AC,4013E0
ClaRUN.dll:Cla$UNREGISTEREVENT 4768B0,4013E8
ClaRUN.dll:Cla$UPDATE 4768B4,4013F0
ClaRUN.dll:Cla$VIEW_RESETvf 4768B8,4013F8
ClaRUN.dll:Cla$VIEW_SETvl 4768BC,401400
ClaRUN.dll:Cla$WHAT 4768C0,401408
ClaRUN.dll:Cla$WHO 4768C4,401410
ClaRUN.dll:Cla$WHOqueue 4768C8,401418
ClaRUN.dll:NewCriticalSection 4768CC,401420
ClaRUN.dll:THR$GetInstance 4768D0,401428
ClaRUN.dll:VIEWDRIVER 4768D4
ClaRUN.dll:_exit 4768D8,401430
ClaRUN.dll:_fnsplit 4768DC,401438
ClaRUN.dll:_free 4768E0
ClaRUN.dll:_malloc 4768E4
ClaRUN.dll:__a_chkstk 4768E8,401440
ClaRUN.dll:__e_index 4768EC,401448
ClaRUN.dll:__e_stack 4768F0,401450
ClaRUN.dll:__sysinit 4768F4,401458
ClaRUN.dll:__sysstart 4768F8,401460
ClaTPS.dll:TOPSPEED 476908
KERNEL32.dll:MulDiv 476918,401468
USER32.dll:GetSysColor 476928,401470



Entry Point:   43823C