  401480      CB5 Code                ABBREAK_TEXT
  402138     7A5E Code                ABBROWSE_TEXT
  409B98      B35 Code                ABDROPS_TEXT
  40A6D0     16D7 Code                ABEIP_TEXT
  40BDA8     3ABF Code                ABERROR_TEXT
  40F868     96C0 Code                ABFILE_TEXT
  418F28     2860 Code                ABPOPUP_TEXT
  41B788     65F2 Code                ABQUERY_TEXT
  421D7C     60F4 Code                ABREPORT_TEXT
  427E70     269A Code                ABRESIZE_TEXT
  42A50C       94 Code                ABRPATMG_TEXT
  42A5A0      B33 Code                ABRPPSEL_TEXT
  42B0D4      CA1 Code                ABTOOLBA_TEXT
  42BD78     3D65 Code                ABUTIL_TEXT
  42FAE0     26D9 Code                ABWINDOW_TEXT
  4321BC     5D04 Code                ABWMFPAR_TEXT
  437EC0      16B Code                CWSYNCHC_TEXT
  43802C      215 Code                CWUTIL_TEXT
  438244       23 Code                IEXE32_TEXT
  438268      AB6 Code                INIT_TEXT
  438D20       37 Code                INST00_TEXT
  438D58      845 Code                INVOICE001_TEXT
  4395A0      C4F Code                INVOICE002_TEXT
  43A1F0     2D89 Code                INVOICE003_TEXT
  43CF7C      9C1 Code                INVOICE004_TEXT
  43D940     19F3 Code                INVOICE005_TEXT
  43F334     10F9 Code                INVOICE006_TEXT
  440430      AD4 Code                INVOICE007_TEXT
  440F04      C52 Code                INVOICE008_TEXT
  441B58     1A97 Code                INVOICE009_TEXT
  4435F0     131B Code                INVOICE010_TEXT
  44490C      80B Code                INVOICE012_TEXT
  445118      70A Code                INVOICE013_TEXT
  445824      E12 Code                INVOICE014_TEXT
  446638      D69 Code                INVOICE015_TEXT
  4473A4      6E6 Code                INVOICE016_TEXT
  447A8C      64B Code                INVOICE017_TEXT
  4480D8     13D5 Code                INVOICE018_TEXT
  4494B0      736 Code                INVOICE019_TEXT
  449BE8      87B Code                INVOICE020_TEXT
  44A464      40C Code                INVOICE021_TEXT
  44A870     22F4 Code                INVOICE_BC0_TEXT
  44CB64       3C Code                INVOICE_BC_TEXT
  44CBA0      198 Code                INVOICE_TEXT
  44CD38     1F89 Code                MENUSTYLE_TEXT
  44F000     1172 Initialized Data    $DEFAULTERRORS_DATA
  450174       6F Initialized Data    ABBREAK_CONST
  4501E4      161 Initialized Data    ABBROWSE_CONST
  450348      E58 Initialized Data    ABBROWSE_DATA
  4511A0       10 Initialized Data    ABDROPS_CONST
  4511B0      214 Initialized Data    ABDROPS_DATA
  4513C4       4A Initialized Data    ABEIP_CONST
  451410       B4 Initialized Data    ABEIP_DATA
  4514C4      2A7 Initialized Data    ABERROR_CONST
  45176C      A7C Initialized Data    ABERROR_DATA
  4521E8      6B5 Initialized Data    ABFILE_CONST
  4528A0      3F8 Initialized Data    ABFILE_DATA
  452C98       39 Initialized Data    ABPOPUP_CONST
  452CD4      120 Initialized Data    ABPOPUP_DATA
  452DF4      154 Initialized Data    ABQUERY_CONST
  452F48      434 Initialized Data    ABQUERY_DATA
  45337C       F2 Initialized Data    ABREPORT_CONST
  453470      850 Initialized Data    ABREPORT_DATA
  453CC0       35 Initialized Data    ABRESIZE_CONST
  453CF8      26C Initialized Data    ABRESIZE_DATA
  453F64       44 Initialized Data    ABRPATMG_DATA
  453FA8      105 Initialized Data    ABRPPSEL_CONST
  4540B0       A3 Initialized Data    ABRPPSEL_DATA
  454154        D Initialized Data    ABTOOLBA_CONST
  454164      42C Initialized Data    ABTOOLBA_DATA
  454590       E1 Initialized Data    ABUTIL_CONST
  454674      2F9 Initialized Data    ABUTIL_DATA
  454970        D Initialized Data    ABWINDOW_CONST
  454980       9B Initialized Data    ABWINDOW_DATA
  454A1C      135 Initialized Data    ABWMFPAR_CONST
  454B54      E45 Initialized Data    ABWMFPAR_DATA
  45599C       48 Initialized Data    CWSYNCHC_DATA
  4559E4        E Initialized Data    CWUTIL_CONST
  4559F4       36 Initialized Data    CWUTIL_DATA
  455A2C       44 Initialized Data    IEXE32_DATA
  455A70       2F Initialized Data    INVOICE001_CONST
  455AA0      8EC Initialized Data    INVOICE001_DATA
  45638C       6F Initialized Data    INVOICE002_CONST
  4563FC      3E4 Initialized Data    INVOICE002_DATA
  4567E0      12D Initialized Data    INVOICE003_CONST
  456910      51C Initialized Data    INVOICE003_DATA
  456E2C       70 Initialized Data    INVOICE004_CONST
  456E9C      93C Initialized Data    INVOICE004_DATA
  4577D8      114 Initialized Data    INVOICE005_CONST
  4578EC      3C8 Initialized Data    INVOICE005_DATA
  457CB4       50 Initialized Data    INVOICE006_CONST
  457D04      3C8 Initialized Data    INVOICE006_DATA
  4580CC       9F Initialized Data    INVOICE007_CONST
  45816C      28C Initialized Data    INVOICE007_DATA
  4583F8       E6 Initialized Data    INVOICE008_CONST
  4584E0      608 Initialized Data    INVOICE008_DATA
  458AE8       68 Initialized Data    INVOICE009_CONST
  458B50     10A4 Initialized Data    INVOICE009_DATA
  459BF4      11B Initialized Data    INVOICE010_CONST
  459D10      A20 Initialized Data    INVOICE010_DATA
  45A730       29 Initialized Data    INVOICE012_CONST
  45A75C      5FC Initialized Data    INVOICE012_DATA
  45AD58       28 Initialized Data    INVOICE013_CONST
  45AD80      5F8 Initialized Data    INVOICE013_DATA
  45B378       22 Initialized Data    INVOICE014_CONST
  45B39C      958 Initialized Data    INVOICE014_DATA
  45BCF4       BA Initialized Data    INVOICE015_CONST
  45BDB0      3C8 Initialized Data    INVOICE015_DATA
  45C178       2A Initialized Data    INVOICE016_CONST
  45C1A4      5FC Initialized Data    INVOICE016_DATA
  45C7A0       2E Initialized Data    INVOICE017_CONST
  45C7D0      5F4 Initialized Data    INVOICE017_DATA
  45CDC4       4E Initialized Data    INVOICE018_CONST
  45CE14      8CC Initialized Data    INVOICE018_DATA
  45D6E0       26 Initialized Data    INVOICE019_CONST
  45D708      5FC Initialized Data    INVOICE019_DATA
  45DD04       69 Initialized Data    INVOICE020_CONST
  45DD70      3C8 Initialized Data    INVOICE020_DATA
  45E138       20 Initialized Data    INVOICE021_CONST
  45E158      28C Initialized Data    INVOICE021_DATA
  45E3E4      277 Initialized Data    INVOICE_BC0_CONST
  45E65C     1960 Initialized Data    INVOICE_BC0_DATA
  45FFBC      26D Initialized Data    INVOICE_CONST
  46022C      7F0 Initialized Data    INVOICE_DATA
  460A1C      124 Initialized Data    MENUSTYLE_CONST
  460B40      248 Initialized Data    MENUSTYLE_DATA
  460D88        0 Initialized Data    __CPPINI_CONS
  460D88      4D0 Initialized Data    __CPPINI_CONST
  461258        4 Initialized Data    __CPPINI_END
  46125C        0 Initialized Data    __INIVMT_CONS
  46125C      328 Initialized Data    __INIVMT_CONST
  461584        0 Initialized Data    __INIVMT_CONST_END
  461590       40 Un-initialized Data ABEIP_BSS
  4615D0      404 Un-initialized Data ABERROR_BSS
  4619D4       10 Un-initialized Data ABFILE_BSS
  4619E4      104 Un-initialized Data ABUTIL_BSS
  461AE8        0 Un-initialized Data ABWMFPAR_BSS
  461AE8        0 Un-initialized Data CWUTIL_BSS
  461AE8      180 Un-initialized Data INVOICE_BSS
  462000        8 __T_L_S__DAT
  462008      8E0 __T_L_S__DATA
  4628E8        0 __T_L_S__DATA_END
  4628F0        0 __T_L_S__BS
  4628F0    12BF8 __T_L_S__BSS
  4754E8        0 __T_L_S__BSS_END

  401480 EVALUATELEVEL@F17LEVELMANAGERCLASSs
  40154C RESTORERESETBUFFER@F17LEVELMANAGERCLASSs
  401604 SAVERESETBUFFER@F17LEVELMANAGERCLASSs
  4016E4 RESTOREBUFFEROFF@F17LEVELMANAGERCLASS
  401774 RESTOREBUFFERON@F17LEVELMANAGERCLASS
  40181C SAVEBUFFER@F17LEVELMANAGERCLASS
  4018A8 REFRESHFIELDS@F17LEVELMANAGERCLASSs
  401A24 RESETTOTALS@F17LEVELMANAGERCLASSs
  401B48 ASKLEVELOFF@F17LEVELMANAGERCLASSs
  401C68 ASKLEVELON@F17LEVELMANAGERCLASSs
  401D14 ASKLEVEL@F17LEVELMANAGERCLASSUc
  401E30 RESET@F17LEVELMANAGERCLASS
  402020 ASKBREAK@F17BREAKMANAGERCLASSUc
  4020B0 RESET@F17BREAKMANAGERCLASS
  402138 KILL_@_WINDOWCOMPONENT_@_BROWSECLASS@F15WINDOWCOMPONENT
  402168 RESET_@_WINDOWCOMPONENT_@_BROWSECLASS@F15WINDOWCOMPONENTUc
  4021A4 RESETREQUIRED_@_WINDOWCOMPONENT_@_BROWSECLASS@F15WINDOWCOMPONENT
  4021D4 SETALERTS_@_WINDOWCOMPONENT_@_BROWSECLASS@F15WINDOWCOMPONENT
  402208 TAKEEVENT_@_WINDOWCOMPONENT_@_BROWSECLASS@F15WINDOWCOMPONENT
  40223C UPDATE_@_WINDOWCOMPONENT_@_BROWSECLASS@F15WINDOWCOMPONENT
  402270 UPDATEWINDOW_@_WINDOWCOMPONENT_@_BROWSECLASS@F15WINDOWCOMPONENT
  4022A4 UPDATEWINDOW@F11BROWSECLASS
  402500 UPDATEVIEWRECORD@F11BROWSECLASS
  40263C UPDATETOOLBARBUTTONS@F11BROWSECLASS
  402710 UPDATETHUMBFIXED@F11BROWSECLASS
  402918 UPDATETHUMB@F11BROWSECLASS
  402C10 UPDATERESETS@F11BROWSECLASS
  402C40 UPDATEQUERY@F11BROWSECLASS10QUERYCLASSUc
  402F24 UPDATEBUFFER@F11BROWSECLASS
  402F8C TAKEVCRSCROLL@F11BROWSECLASSl
  403094 TAKESCROLL@F11BROWSECLASSl
  403140 TAKENEWSELECTION@F11BROWSECLASS
  40334C TAKELOCATE@F11BROWSECLASS
  4036B4 TAKEKEY@F11BROWSECLASS
  403958 TAKEEVENT@F11BROWSECLASS
  404208 TAKECHOICECHANGED@F11BROWSECLASS
  404290 TAKEACCEPTEDLOCATOR@F11BROWSECLASS
  4043AC GETUSEMRP@F11BROWSECLASS
  4043D0 SETUSEMRP@F11BROWSECLASSUc
  404400 SETUSEPOPUP@F11BROWSECLASSUc
  404430 SETSORT@F11BROWSECLASSUcUc
  4045C0 SETQUEUERECORD@F11BROWSECLASS
  404608 SETALERTS@F11BROWSECLASS
  404BFC SCROLLPAGE@F11BROWSECLASSl
  404DD8 SCROLLONE@F11BROWSECLASSl
  404E78 SCROLLEND@F11BROWSECLASSl
  404F28 RESETTHUMBLIMITS@F11BROWSECLASS
  405098 RESETSORT@F11BROWSECLASSUc
  4050E4 RESETRESETS@F11BROWSECLASS
  405214 RESETQUEUE@F11BROWSECLASSUc
  4057EC RESETFROMVIEW@F11BROWSECLASS
  405850 RESETFROMFILE@F11BROWSECLASS
  405898 RESETFROMBUFFER@F11BROWSECLASS
  405B68 RESETFROMASK@F11BROWSECLASSRUcRUc
  405DC0 RECORDS@F11BROWSECLASS
  405E5C PREVIOUS@F11BROWSECLASS
  405EC4 POSTNEWSELECTION@F11BROWSECLASS
  405F50 NOTIFYUPDATEERROR@F11BROWSECLASS
  405F90 NEXT@F11BROWSECLASS
  405FF8 KILL@F11BROWSECLASS
  406318 INITSORT@F11BROWSECLASSUc
  406390 INIT@F11BROWSECLASS12ILISTCONTROLBi11BROWSEQUEUE15RELATIONMANAGER13WINDOWMANAGER
  40650C INIT@F11BROWSECLASSlRsbBiBq15RELATIONMANAGER13WINDOWMANAGER
  4065A4 FETCH@F11BROWSECLASSUc
  4068E4 CHECKEIP@F11BROWSECLASS
  406A0C ASKRECORD@F11BROWSECLASSUc
  406A48 ASK@F11BROWSECLASSUc
  406B2C APPLYRANGE@F11BROWSECLASS
  406BD8 ADDTOOLBARTARGET@F11BROWSECLASS12TOOLBARCLASS
  406C68 ADDSORTORDER@F11BROWSECLASS9STEPCLASSBk
  406D2C ADDLOCATOR@F11BROWSECLASS12LOCATORCLASS
  406D74 ADDFIELD@F11BROWSECLASSRsbRsb
  406E00 ADDFIELD@F11BROWSECLASSRlRl
  406E80 ADDFIELD@F11BROWSECLASSRuRu
  406EF0 ADDEDITCONTROL@F11BROWSECLASS9EDITCLASSlUc
  406F44 RECORDS_@_BROWSEQUEUE_@_STANDARDBEHAVIOR@F11BROWSEQUEUE
  406F6C INSERT_@_BROWSEQUEUE_@_STANDARDBEHAVIOR@F11BROWSEQUEUE
  406F98 INSERT_@_BROWSEQUEUE_@_STANDARDBEHAVIOR@F11BROWSEQUEUEl
  406FCC FETCH_@_BROWSEQUEUE_@_STANDARDBEHAVIOR@F11BROWSEQUEUEl
  407000 UPDATE_@_BROWSEQUEUE_@_STANDARDBEHAVIOR@F11BROWSEQUEUE
  40702C DELETE_@_BROWSEQUEUE_@_STANDARDBEHAVIOR@F11BROWSEQUEUE
  407054 FREE_@_BROWSEQUEUE_@_STANDARDBEHAVIOR@F11BROWSEQUEUE
  40707C WHO_@_BROWSEQUEUE_@_STANDARDBEHAVIOR@F11BROWSEQUEUEl
  4070B8 GETVIEWPOSITION_@_BROWSEQUEUE_@_STANDARDBEHAVIOR@F11BROWSEQUEUE
  4070F0 SETVIEWPOSITION_@_BROWSEQUEUE_@_STANDARDBEHAVIOR@F11BROWSEQUEUEsb
  407140 CHOICE_@_ILISTCONTROL_@_STANDARDBEHAVIOR@F12ILISTCONTROL
  407168 GETCONTROL_@_ILISTCONTROL_@_STANDARDBEHAVIOR@F12ILISTCONTROL
  40718C GETITEMS_@_ILISTCONTROL_@_STANDARDBEHAVIOR@F12ILISTCONTROL
  4071DC GETVISIBLE_@_ILISTCONTROL_@_STANDARDBEHAVIOR@F12ILISTCONTROL
  40722C SETCHOICE_@_ILISTCONTROL_@_STANDARDBEHAVIOR@F12ILISTCONTROLl
  407298 SETCONTROL_@_ILISTCONTROL_@_STANDARDBEHAVIOR@F12ILISTCONTROLl
  4072C8 INIT@F16STANDARDBEHAVIORBqRsbl
  407328 TAKENEWSELECTION@F16BROWSEEIPMANAGER
  4073F0 TAKECOMPLETED@F16BROWSEEIPMANAGERUc
  407658 KILL@F16BROWSEEIPMANAGER
  4076B0 INIT@F16BROWSEEIPMANAGER
  407B90 CLEARCOLUMN@F16BROWSEEIPMANAGER
  407C0C UPDATEWINDOW@F18FILTERLOCATORCLASS
  4080A4 TAKEACCEPTED@F18FILTERLOCATORCLASS
  408190 RESET@F18FILTERLOCATORCLASS
  4081B0 TAKEKEY@F23INCREMENTALLOCATORCLASS
  408310 SETALERTS@F23INCREMENTALLOCATORCLASSl
  40838C UPDATEWINDOW@F17ENTRYLOCATORCLASS
  4083BC UPDATE@F17ENTRYLOCATORCLASS
  4084F0 TAKEACCEPTED@F17ENTRYLOCATORCLASS
  4085E0 SETSHADOW@F17ENTRYLOCATORCLASSsb
  40862C SET@F17ENTRYLOCATORCLASS
  4086BC GETSHADOW@F17ENTRYLOCATORCLASS
  4086EC INIT@F17ENTRYLOCATORCLASSlRuUc
  4087A4 TAKEKEY@F16STEPLOCATORCLASS
  408A0C SET@F16STEPLOCATORCLASS
  408A2C INIT@F16STEPLOCATORCLASSlRuUc
  408AB0 UPDATEWINDOW@F12LOCATORCLASS
  408ADC TAKEACCEPTED@F12LOCATORCLASS
  408AFC SETSHADOW@F12LOCATORCLASSsb
  408B2C SETENABLED@F12LOCATORCLASSUc
  408B98 SETALERTS@F12LOCATORCLASSl
  408BC0 SETLOCATORFIELD@F12LOCATORCLASSRu
  408C3C SET@F12LOCATORCLASS
  408C88 RESET@F12LOCATORCLASS
  408CA8 INIT@F12LOCATORCLASSlRuUc11BROWSECLASS
  408D18 INIT@F12LOCATORCLASSlRuUc
  408D70 GETSHADOW@F12LOCATORCLASS
  408DA8 DESTRUCT@F12LOCATORCLASS
  408DD8 UNHASH@F15STEPSTRINGCLASSl
  408EB8 SETLIMITNEEDED@F15STEPSTRINGCLASS
  408EEC SETLIMIT@F15STEPSTRINGCLASSuu
  4092B4 KILL@F15STEPSTRINGCLASS
  409308 INIT@F15STEPSTRINGCLASSUcUc
  40956C HASH@F15STEPSTRINGCLASSsb
  409668 GETVALUE@F15STEPSTRINGCLASSUc
  409710 GETPERCENTILE@F15STEPSTRINGCLASSu
  4098CC SETLIMIT@F13STEPLONGCLASSuu
  4099C8 GETVALUE@F13STEPLONGCLASSUc
  409A58 GETPERCENTILE@F13STEPLONGCLASSu
  409B28 SETLIMITNEEDED@F9STEPCLASS
  409B48 KILL@F9STEPCLASS
  409B68 INIT@F9STEPCLASSUc
  409B98 KILL_@_WINDOWCOMPONENT_@_FILEDROPCLASS@F15WINDOWCOMPONENT
  409BC8 RESET_@_WINDOWCOMPONENT_@_FILEDROPCLASS@F15WINDOWCOMPONENTUc
  409C10 RESETREQUIRED_@_WINDOWCOMPONENT_@_FILEDROPCLASS@F15WINDOWCOMPONENT
  409C40 SETALERTS_@_WINDOWCOMPONENT_@_FILEDROPCLASS@F15WINDOWCOMPONENT
  409C60 TAKEEVENT_@_WINDOWCOMPONENT_@_FILEDROPCLASS@F15WINDOWCOMPONENT
  409CBC UPDATE_@_WINDOWCOMPONENT_@_FILEDROPCLASS@F15WINDOWCOMPONENT
  409CDC UPDATEWINDOW_@_WINDOWCOMPONENT_@_FILEDROPCLASS@F15WINDOWCOMPONENT
  409CFC GETUSEMRP@F13FILEDROPCLASS
  409D20 SETUSEMRP@F13FILEDROPCLASSUc
  409D50 VALIDATERECORD@F13FILEDROPCLASS
  409D78 TAKENEWSELECTION@F13FILEDROPCLASSl
  409EA0 TAKENEWSELECTION@F13FILEDROPCLASS
  409ED8 TAKEEVENT@F13FILEDROPCLASS
  409F4C TAKEACCEPTED@F13FILEDROPCLASS
  409F6C SETQUEUERECORD@F13FILEDROPCLASS
  409FB4 RESETQUEUE@F13FILEDROPCLASSUc
  40A2D4 KILL@F13FILEDROPCLASS
  40A350 INIT@F13FILEDROPCLASSlRsbBiBq15RELATIONMANAGER13WINDOWMANAGER
  40A580 BUFFERMATCHES@F13FILEDROPCLASS
  40A618 ADDRECORD@F13FILEDROPCLASS
  40A660 ADDFIELD@F13FILEDROPCLASSRuRu
  40A6D0 TAKENEWSELECTION@F10EIPMANAGER
  40A764 TAKEFOCUSLOSS@F10EIPMANAGER
  40A7EC TAKEFIELDEVENT@F10EIPMANAGER
  40A980 TAKEEVENT@F10EIPMANAGER
  40AA2C TAKECOMPLETED@F10EIPMANAGERUc
  40AA98 TAKEACTION@F10EIPMANAGERl
  40AE24 TAKEACCEPTALL@F10EIPMANAGER
  40AFBC RUN@F10EIPMANAGERUc
  40B08C RESETCOLUMN@F10EIPMANAGER
  40B194 GETEDIT@F10EIPMANAGER
  40B210 NEXT@F10EIPMANAGER
  40B374 KILL@F10EIPMANAGER
  40B54C INITCONTROLS@F10EIPMANAGER
  40B7C4 INIT@F10EIPMANAGER
  40B87C CLEARCOLUMN@F10EIPMANAGER
  40B8E8 ADDCONTROL@F10EIPMANAGER9EDITCLASSlUc
  40B99C CREATECONTROL@F14EDITENTRYCLASS
  40B9E0 RESETCONTROL@F9EDITCLASS
  40BA00 GETFEQ@F9EDITCLASS
  40BA24 TAKEEVENT@F9EDITCLASSl
  40BA90 TAKEACCEPTED@F9EDITCLASSUc
  40BAC8 SETREADONLY@F9EDITCLASSUc
  40BB3C SETALERTS@F9EDITCLASS
  40BC68 KILL@F9EDITCLASS
  40BCBC INIT@F9EDITCLASSllRu
  40BEE0 KILL_@_WINDOWCOMPONENT_@_HISTHANDLERCLASS@F15WINDOWCOMPONENT
  40BF00 RESET_@_WINDOWCOMPONENT_@_HISTHANDLERCLASS@F15WINDOWCOMPONENTUc
  40BF28 RESETREQUIRED_@_WINDOWCOMPONENT_@_HISTHANDLERCLASS@F15WINDOWCOMPONENT
  40BF48 SETALERTS_@_WINDOWCOMPONENT_@_HISTHANDLERCLASS@F15WINDOWCOMPONENT
  40BF68 TAKEEVENT_@_WINDOWCOMPONENT_@_HISTHANDLERCLASS@F15WINDOWCOMPONENT
  40BF94 UPDATE_@_WINDOWCOMPONENT_@_HISTHANDLERCLASS@F15WINDOWCOMPONENT
  40BFB4 UPDATEWINDOW_@_WINDOWCOMPONENT_@_HISTHANDLERCLASS@F15WINDOWCOMPONENT
  40BFE4 VLBPROC@F16HISTHANDLERCLASSls
  40C0F0 TAKEEVENT@F16HISTHANDLERCLASS
  40C1E0 INIT@F16HISTHANDLERCLASSBw10ERRORCLASS16ERRORHISTORYLIST
  40C228 _VLBPROC@F16HISTHANDLERCLASSls
  40C274 TAKEACCEPTED@F11MSGBOXCLASS
  40C2D4 SETUPADDITIONALFEQS@F11MSGBOXCLASS
  40C37C KILL@F11MSGBOXCLASS
  40C3E4 INIT@F11MSGBOXCLASS
  40C6F4 INIT@F11MSGBOXCLASSBw10ERRORCLASSOsbllll
  40C7C4 FETCHSTDBUTTON@F11MSGBOXCLASSs
  40C83C GETALLSTATUSVARIABLES@F10ERRORCLASS16ERRORSTATUSGROUP
  40C8C4 GETERRORBUFFERFATALITY@F10ERRORCLASS
  40C940 GETERRORBUFFERTITLE@F10ERRORCLASS
  40C9C4 GETERRORBUFFERID@F10ERRORCLASS
  40CA34 SETMESSAGETEXT@F10ERRORCLASSsb
  40CAC8 SETKEYNAME@F10ERRORCLASSsb
  40CB5C SETFIELDNAME@F10ERRORCLASSsb
  40CBF0 SETFILENAME@F10ERRORCLASSsb
  40CC84 STOREERRORENTRY@F10ERRORCLASSUs
  40CE24 GETHISTORYRESETONVIEW@F10ERRORCLASS
  40CE88 SETHISTORYRESETONVIEW@F10ERRORCLASSUc
  40CEF4 GETHISTORYVIEWLEVEL@F10ERRORCLASS
  40CF58 SETHISTORYVIEWLEVEL@F10ERRORCLASSl
  40CFC4 GETHISTORYTHRESHOLD@F10ERRORCLASS
  40D028 SETHISTORYTHRESHOLD@F10ERRORCLASSl
  40D094 GETLOGERRORS@F10ERRORCLASS
  40D0F8 GETSILENT@F10ERRORCLASS
  40D15C SETDEFAULTCATEGORY@F10ERRORCLASSsa
  40D1C8 GETDEFAULTCATEGORY@F10ERRORCLASS
  40D22C VIEWHISTORY@F10ERRORCLASS
  40D2A0 THROWMESSAGE@F10ERRORCLASSssb
  40D304 THROW@F10ERRORCLASSs
  40D340 TAKEUSER@F10ERRORCLASS
  40D3C0 TAKEPROGRAM@F10ERRORCLASS
  40D3EC TAKEOTHER@F10ERRORCLASS
  40D418 TAKENOTIFY@F10ERRORCLASS
  40D488 TAKEFATAL@F10ERRORCLASS
  40D528 TAKEERROR@F10ERRORCLASSs
  40D730 TAKEBENIGN@F10ERRORCLASS
  40D750 SUBSSTRING@F10ERRORCLASS
  40DB78 SETPROCEDURENAME@F10ERRORCLASSOsb
  40DC70 GETERRORENTRY@F10ERRORCLASSUs15ERRORENTRYGROUPl
  40DD30 GETERRORENTRY@F10ERRORCLASSUs15ERRORENTRYGROUP
  40DDA8 SETID@F10ERRORCLASSUsl
  40DE3C SETID@F10ERRORCLASSUs
  40DEB0 SETKEY@F10ERRORCLASSsb
  40DEFC SETFILE@F10ERRORCLASSsb
  40DF48 SETFIELD@F10ERRORCLASSsb
  40DF94 SETERRORS@F10ERRORCLASS
  40E06C SETERRORLOG@F10ERRORCLASS17ERRORLOGINTERFACE
  40E164 SETCATEGORY@F10ERRORCLASSssa
  40E210 RESETHISTORY@F10ERRORCLASS
  40E28C REMOVEERROR@F10ERRORCLASSUs
  40E344 MESSAGEBOX@F10ERRORCLASSUcsbOsbOsblll
  40E3E8 MSG@F10ERRORCLASSsbOsbOsblll
  40E7D4 MESSAGE@F10ERRORCLASSsll
  40E87C KILL@F10ERRORCLASS
  40E95C INIT@F10ERRORCLASS16ERRORSTATUSCLASS
  40E9D8 INIT@F10ERRORCLASS
  40EB08 HISTORYMSG@F10ERRORCLASSsblll
  40ECDC GETPROCEDURENAME@F10ERRORCLASS
  40EE30 GETCATEGORY@F10ERRORCLASSs
  40EEFC ADDHISTORY@F10ERRORCLASS
  40EFA8 ADDERRORS@F10ERRORCLASS10ERRORBLOCK
  40F210 ADDERROR@F10ERRORCLASSUsRsbRsbUcsa
  40F348 DESTRUCT@F10ERRORCLASS
  40F384 CONSTRUCT@F10ERRORCLASS
  40F3BC DESTRUCT@F16ERRORSTATUSCLASS
  40F414 CONSTRUCT@F16ERRORSTATUSCLASS
  40F59C CLOSE_@_ERRORLOGINTERFACE_@_STANDARDERRORLOGCLASS@F17ERRORLOGINTERFACEUc
  40F5CC OPEN_@_ERRORLOGINTERFACE_@_STANDARDERRORLOGCLASS@F17ERRORLOGINTERFACEUc
  40F5FC TAKE_@_ERRORLOGINTERFACE_@_STANDARDERRORLOGCLASS@F17ERRORLOGINTERFACEsb
  40F6B4 CLOSE@F21STANDARDERRORLOGCLASSUc
  40F750 OPEN@F21STANDARDERRORLOGCLASSUc
  40F814 DESTRUCT@F21STANDARDERRORLOGCLASS
  40F840 CONSTRUCT@F21STANDARDERRORLOGCLASS
  40F868 REMOVERELATIONFILEMAPPING@F12FILESMANAGER15RELATIONMANAGER
  40F8A8 REMOVERELATIONFILEMAPPING@F12FILESMANAGERl
  40F914 REMOVEFILEMAPPING@F12FILESMANAGER11FILEMANAGER
  40F954 REMOVEFILEMAPPING@F12FILESMANAGERl
  40FA6C NOTEUSAGE@F12FILESMANAGER11FILEMANAGERUc
  40FB94 NOTEOPEN@F12FILESMANAGER11FILEMANAGER
  40FC24 NOTECLOSE@F12FILESMANAGER11FILEMANAGER
  40FD30 GETRELATIONFILEMAPPING@F12FILESMANAGERl
  40FD94 GETFILEMAPPING@F12FILESMANAGERl
  40FDF8 GETFILEID@F12FILESMANAGERBf
  40FE2C FINDRECORD@F12FILESMANAGER11FILEMANAGER
  40FF2C ADDFILEMAPPING@F12FILESMANAGER15RELATIONMANAGER
  410010 ADDFILEMAPPING@F12FILESMANAGER11FILEMANAGER
  4100FC DESTRUCT@F12FILESMANAGER
  410168 CONSTRUCT@F12FILESMANAGER
  410B38 OPENFILE_@_IFILEOPENSERVER_@_UNTHREADEDFILEOPENSERVER@F15IFILEOPENSERVERl
  410BF4 CLOSEFILE_@_IFILEOPENSERVER_@_UNTHREADEDFILEOPENSERVER@F15IFILEOPENSERVER
  410C94 LINK_@_IFILEOPENSERVER_@_UNTHREADEDFILEOPENSERVER@F15IFILEOPENSERVER
  410D00 RELEASE_@_IFILEOPENSERVER_@_UNTHREADEDFILEOPENSERVER@F15IFILEOPENSERVER
  410DC8 INIT@F24UNTHREADEDFILEOPENSERVERBf
  410E04 DESTRUCT@F24UNTHREADEDFILEOPENSERVER
  410E48 CONSTRUCT@F24UNTHREADEDFILEOPENSERVER
  410E98 OPENFILE_@_IFILEOPENSERVER_@_THREADEDFILEOPENSERVER@F15IFILEOPENSERVERl
  410EEC CLOSEFILE_@_IFILEOPENSERVER_@_THREADEDFILEOPENSERVER@F15IFILEOPENSERVER
  410F1C LINK_@_IFILEOPENSERVER_@_THREADEDFILEOPENSERVER@F15IFILEOPENSERVER
  410F44 RELEASE_@_IFILEOPENSERVER_@_THREADEDFILEOPENSERVER@F15IFILEOPENSERVER
  410F6C RELEASE@F14FILEOPENSERVER
  410FB8 LINK@F14FILEOPENSERVER
  410FDC INIT@F14FILEOPENSERVERBf
  41100C DESTRUCT@F14FILEOPENSERVER
  41102C CONSTRUCT@F14FILEOPENSERVER
  411088 VALIDATERECORD@F11VIEWMANAGER
  4110A8 UNUSEVIEW@F11VIEWMANAGER
  411214 USEVIEW@F11VIEWMANAGER
  4113EC SETSORT@F11VIEWMANAGERUc
  41147C SETORDER@F11VIEWMANAGERsb
  411554 SETFREEELEMENT@F11VIEWMANAGER
  4115F4 SETFILTER@F11VIEWMANAGERsbsb
  411760 SETFILTER@F11VIEWMANAGERsb
  4117B8 SAVEBUFFERS@F11VIEWMANAGER
  411934 RESTOREBUFFERS@F11VIEWMANAGER
  4119F0 RESET@F11VIEWMANAGER
  411A20 RESET@F11VIEWMANAGERUc
  411A88 PRIMERECORD@F11VIEWMANAGERUc
  411C18 PREVIOUS@F11VIEWMANAGER
  411C98 OPEN@F11VIEWMANAGER
  411D84 NEXT@F11VIEWMANAGER
  411E04 LIMITMAJORCOMPONENTS@F11VIEWMANAGERRu
  411EF0 KILL@F11VIEWMANAGER
  4120B0 GETFIELDNAME@F11VIEWMANAGERRu
  412298 GETFIELDASCENDING@F11VIEWMANAGERRu
  412614 INIT@F11VIEWMANAGERBi15RELATIONMANAGER9SORTORDER
  4126D8 GETFREEELEMENTPOSITION@F11VIEWMANAGER
  41275C GETFREEELEMENTNAME@F11VIEWMANAGER
  4127CC GETFREEELEMENTASCENDING@F11VIEWMANAGER
  412840 CLEARFILESRECORD@F11VIEWMANAGER
  412918 CLOSE@F11VIEWMANAGERUc
  412960 CLOSE@F11VIEWMANAGER
  412990 APPLYRANGE@F11VIEWMANAGER
  412BC8 APPLYORDER@F11VIEWMANAGER
  412C48 APPLYFILTER@F11VIEWMANAGER
  413200 APPENDORDER@F11VIEWMANAGERsb
  413334 ADDSORTORDER@F11VIEWMANAGERBk
  413464 ADDRANGE@F11VIEWMANAGERRu15RELATIONMANAGER15RELATIONMANAGER
  413500 ADDRANGE@F11VIEWMANAGERRu
  413584 DESTRUCT@F11VIEWMANAGER
  4135C0 DEFEREDADDRELATIONS@F15RELATIONMANAGER
  41361C UPDATESECONDARY@F15RELATIONMANAGERBk18BUFFEREDPAIRSCLASSUc
  41382C UPDATE@F15RELATIONMANAGERUc
  413AC4 INSERT@F15RELATIONMANAGER
  413C54 SETOPENRELATED@F15RELATIONMANAGER
  413C78 SETQUICKSCAN@F15RELATIONMANAGERUcUc
  413DE8 SAVE@F15RELATIONMANAGER
  413E5C FORCEOPEN@F15RELATIONMANAGERUc
  413EA4 OPEN@F15RELATIONMANAGERUc
  413F00 OPENCLOSESERVER@F15RELATIONMANAGERUcUc
  414134 LOGOUTINSERT@F15RELATIONMANAGER
  4141F8 LOGOUTUPDATE@F15RELATIONMANAGER
  414298 LOGOUTPRIME@F15RELATIONMANAGER
  4143D8 LOGOUTDELETE@F15RELATIONMANAGER
  41448C LISTLINKINGFIELDS@F15RELATIONMANAGER15RELATIONMANAGER15FIELDPAIRSCLASSUc
  414694 KILL@F15RELATIONMANAGER
  41475C INIT@F15RELATIONMANAGER11FILEMANAGERUc
  414808 DELETESECONDARY@F15RELATIONMANAGERBk18BUFFEREDPAIRSCLASSUcUc
  414B64 DELETE@F15RELATIONMANAGERUc
  414DC8 CLOSE@F15RELATIONMANAGERUc
  414DFC CASCADEUPDATES@F15RELATIONMANAGER
  414F18 CANCELAUTOINC@F15RELATIONMANAGER
  414F50 ADDRELATIONLINK@F15RELATIONMANAGERRsbRsb
  41501C ADDRELATIONLINK@F15RELATIONMANAGERRlRl
  4150DC ADDRELATION@F15RELATIONMANAGER15RELATIONMANAGERUcUcBk
  415188 ADDRELATION@F15RELATIONMANAGER15RELATIONMANAGER
  415200 DEFEREDRELATIONS@F15RELATIONMANAGER
  41523C CONSTRUCT@F15RELATIONMANAGER
  415260 FUNCTIONCALLED_@_FILECALLBACKINTERFACE_@_FILEMANAGER@F21FILECALLBACKINTERFACEl6PARAMSRscRsc
  415478 FUNCTIONDONE_@_FILECALLBACKINTERFACE_@_FILEMANAGER@F21FILECALLBACKINTERFACEl6PARAMSRscRsc
  4156CC POSTUPDATE@F11FILEMANAGERRscRsc
  41570C PREUPDATE@F11FILEMANAGERllRscRsc
  41574C POSTINSERT@F11FILEMANAGERRscRsc
  41578C PREINSERT@F11FILEMANAGERllRscRsc
  4157CC POSTDELETE@F11FILEMANAGERRscRsc
  41580C PREDELETE@F11FILEMANAGERRscRsc
  41584C FUNCTIONDONE@F11FILEMANAGERl6PARAMSRscRsc
  415938 FUNCTIONCALLED@F11FILEMANAGERl6PARAMSRscRsc
  415A38 GETAUTOINCDONE@F11FILEMANAGER
  415A60 GETMRPSIZE@F11FILEMANAGER
  415A88 SETMRPSIZE@F11FILEMANAGERUc
  415ABC GETUSEMRP@F11FILEMANAGER
  415AE4 SETUSEMRP@F11FILEMANAGERUc
  415B18 DELETED@F11FILEMANAGER
  415B38 DELETERECORD@F11FILEMANAGERUc
  415BA4 VALIDATERECORD@F11FILEMANAGERPl
  415CDC VALIDATEFIELDS@F11FILEMANAGERllPl
  415E24 VALIDATEFIELDSERVER@F11FILEMANAGERlUc
  415EFC TRYVALIDATEFIELD@F11FILEMANAGERl
  415F38 VALIDATEFIELD@F11FILEMANAGERl
  415F74 USEFILE@F11FILEMANAGERUc
  4160B0 UPDATESERVER@F11FILEMANAGERUc
  4161CC UPDATE@F11FILEMANAGER
  4161F8 TRYUPDATE@F11FILEMANAGER
  416224 TRYREGET@F11FILEMANAGERsb
  4162E4 TRYPRIMEAUTOINC@F11FILEMANAGER
  416310 TRYPREVIOUS@F11FILEMANAGER
  416340 TRYOPEN@F11FILEMANAGER
  416370 TRYNEXT@F11FILEMANAGER
  4163A0 TRYINSERT@F11FILEMANAGER
  4163CC TRYFETCH@F11FILEMANAGERBk
  416434 THROWMESSAGE@F11FILEMANAGERUssb
  4164A0 THROW@F11FILEMANAGER
  4164E8 THROW@F11FILEMANAGERUs
  416528 SETKEY@F11FILEMANAGERBk
  4165DC SETERRORS@F11FILEMANAGER10ERRORCLASS
  41660C SETERROR@F11FILEMANAGERUs
  41664C SAVEFILE@F11FILEMANAGER
  4167E0 SAVEBUFFER@F11FILEMANAGER
  416A14 RESTOREFILE@F11FILEMANAGERRUs11FILEMANAGERUc
  416BD0 RESTOREFILE@F11FILEMANAGERRUsUc
  416C60 RESTOREBUFFER@F11FILEMANAGERRUs11FILEMANAGERUc
  416EA0 RESTOREBUFFER@F11FILEMANAGERRUsUc
  416EE0 PRIMERECORD@F11FILEMANAGERUc
  41702C PRIMEFIELDS@F11FILEMANAGER
  41704C PRIMEAUTOINCSERVER@F11FILEMANAGERUc
  417668 PRIMEAUTOINC@F11FILEMANAGER
  417694 PREVIOUS@F11FILEMANAGER
  4176C4 POSITION@F11FILEMANAGER
  417760 OPENSERVER@F11FILEMANAGERUcUc
  41786C OPENFILE@F11FILEMANAGERUc
  417A94 OPEN@F11FILEMANAGER
  417AC4 NEXTSERVER@F11FILEMANAGERUcUc
  417C1C NEXT@F11FILEMANAGER
  417C4C KILL@F11FILEMANAGER
  417CBC KEYTOORDER@F11FILEMANAGERBkUc
  417E58 ISOPENED@F11FILEMANAGER
  417E9C INSERTSERVER@F11FILEMANAGERUc
  418114 INSERT@F11FILEMANAGER
  418140 INIT@F11FILEMANAGERBf10ERRORCLASS
  41828C INIT@F11FILEMANAGER
  4182F8 GETOPENED@F11FILEMANAGER
  418320 GETNAME@F11FILEMANAGER
  418380 GETFIELDNAME@F11FILEMANAGERBkUc
  41843C GETFIELDASCENDING@F11FILEMANAGERBkUc
  4184E0 GETFIELD@F11FILEMANAGERBkUc
  418588 GETEOF@F11FILEMANAGER
  4185B0 GETCOMPONENTS@F11FILEMANAGERBk
  4185F4 FETCH@F11FILEMANAGERBk
  418648 EQUALBUFFER@F11FILEMANAGERRUs
  418818 CLOSE@F11FILEMANAGER
  4188F0 CLEARKEY@F11FILEMANAGERBkUcUcUc
  4189E0 CANCELAUTOINC@F11FILEMANAGER15RELATIONMANAGER
  418A74 BINDFIELDS@F11FILEMANAGER
  418AB8 ADDKEY@F11FILEMANAGERBksbUc
  418E2C DESTRUCT@F11FILEMANAGER
  418F28 TOOLBOX@F10POPUPCLASSsb
  418FCC SETTRANSLATOR@F10POPUPCLASS15TRANSLATORCLASS
  41901C SETTOOLBOX@F10POPUPCLASSsbUc
  4190A8 SETICON@F10POPUPCLASSsbsb
  419138 SETITEMENABLE@F10POPUPCLASSsbUc
  419204 SETITEMCHECK@F10POPUPCLASSsbUc
  4192D0 SETITEM@F10POPUPCLASSllsbsb
  4195B8 RESETTOOLBOX@F10POPUPCLASS
  4199DC LOCATENAME@F10POPUPCLASSsb
  419A7C KILL@F10POPUPCLASS
  419AB8 INIT@F10POPUPCLASS
  419B10 GETNAME@F10POPUPCLASSl
  419EAC GETMENUTEXT@F10POPUPCLASS
  41A1B4 GETLASTSELECTION@F10POPUPCLASS
  41A1E4 GETITEMS@F10POPUPCLASSUc
  41A2D0 EXECUTEPOPUP@F10POPUPCLASSsbll
  41A3CC DELETEITEM@F10POPUPCLASSsb
  41A424 CHECKMIMICS@F10POPUPCLASS
  41A640 ASKTOOLBOX@F10POPUPCLASSsb
  41AB3C ASK@F10POPUPCLASSll
  41ACAC ADDSUBMENU@F10POPUPCLASSsbsbsb
  41AD74 ADDSUBMENU@F10POPUPCLASSsbsb
  41AE6C ADDMENU@F10POPUPCLASSsbUc
  41B028 ADDITEMMIMIC@F10POPUPCLASSsblOsb
  41B134 ADDITEMEVENT@F10POPUPCLASSsbll
  41B250 ADDITEM@F10POPUPCLASSsbsbsbUc
  41B2F0 ADDITEM@F10POPUPCLASSsbsb
  41B36C ADDITEM@F10POPUPCLASSsb
  41B788 KILL@F14QUERYFORMCLASS
  41B7D4 INIT@F14QUERYFORMCLASS15QUERYFORMVISUAL8INICLASSsb10ERRORCLASS
  41B858 OVERRIDERESIZE@F15QUERYFORMVISUAL
  41B904 UPDATEFIELDS@F15QUERYFORMVISUAL
  41BA58 TYPE@F15QUERYFORMVISUAL
  41BA7C RESETFROMQUERY@F15QUERYFORMVISUAL
  41BB20 TAKEFIELDEVENT@F15QUERYFORMVISUAL
  41BCEC TAKECOMPLETED@F15QUERYFORMVISUAL
  41BD2C TAKEACCEPTED@F15QUERYFORMVISUAL
  41C050 SETTEXT@F15QUERYFORMVISUALUssb
  41C998 INIT@F15QUERYFORMVISUAL
  41CD80 TAKEWINDOWEVENT@F11QUERYVISUAL
  41DC7C RESET@F11QUERYVISUALUc
  41DDD8 KILL@F11QUERYVISUAL
  41DE58 TAKEFIELDEVENT@F11QUERYVISUAL
  41DFA8 TAKEACCEPTED@F11QUERYVISUAL
  41E1A4 INIT@F11QUERYVISUAL
  41E620 CLEARQUERY@F10QUERYCLASS
  41E6F4 GETQUERIES@F10QUERYCLASS11SECTORQUEUE
  41E7CC DELETE@F10QUERYCLASSsb
  41E844 RESTORE@F10QUERYCLASSsb
  41F0F0 TAKE@F10QUERYCLASS10POPUPCLASS
  41F1D4 SAVE@F10QUERYCLASSsb
  41F35C SETQUICKPOPUP@F10QUERYCLASS10POPUPCLASSUs
  41F940 SETLIMIT@F10QUERYCLASSsbOsbOsbOsb
  41FA44 RESET@F10QUERYCLASSOsb
  41FB18 QUOTE@F10QUERYCLASSsb
  41FC60 KILL@F10QUERYCLASS
  41FCC0 INIT@F10QUERYCLASS11QUERYVISUAL8INICLASSsb10ERRORCLASS
  4201AC GETLIMIT@F10QUERYCLASSRscRscRUcUcRsc
  420DC0 GETFILTER@F10QUERYCLASS
  4212E4 FINDNAME@F10QUERYCLASSsb
  421368 ASK@F10QUERYCLASSUc
  4216A4 ADDITEM@F10QUERYCLASSsbsbOsbUc
  421898 MAKEOPERATOR@FsbsbRscRsc
  421CB4 MAKEOPERATOR@Fsbsb
  421D7C SETPOSITION@F16PAGEMANAGERCLASSlssUsUs
  421F5C SETCENTRE@F16PAGEMANAGERCLASSlUcUc
  421FE8 KILL@F16PAGEMANAGERCLASS
  42206C INIT@F16PAGEMANAGERCLASS17PRINTPREVIEWCLASSlUsRsb
  42221C HIGHLIGHT@F16PAGEMANAGERCLASSl
  4222D8 GETPROP@F16PAGEMANAGERCLASSlUs
  422370 EXISTS@F16PAGEMANAGERCLASSl
  4223C0 DRAW@F16PAGEMANAGERCLASSls
  422C00 DELETE@F16PAGEMANAGERCLASSl
  422C74 DELETE@F16PAGEMANAGERCLASS
  422CB8 COORDCONTAINED@F16PAGEMANAGERCLASSss
  422F2C TAKEWINDOWEVENT@F13REPORTMANAGER
  423250 TAKERECORD@F13REPORTMANAGER
  4233BC TAKENORECORDS@F13REPORTMANAGER
  4233EC TAKECLOSEEVENT@F13REPORTMANAGER
  423640 TAKEACCEPTED@F13REPORTMANAGER
  423690 SETDYNAMICCONTROLSATTRIBUTES@F13REPORTMANAGER
  4236B0 SETSTATICCONTROLSATTRIBUTES@F13REPORTMANAGER
  4236D0 PROCESSRESULTFILES@F13REPORTMANAGER15OUTPUTFILEQUEUE
  4236F8 OPENREPORT@F13REPORTMANAGER
  423804 OPEN@F13REPORTMANAGER
  4238A4 KILL@F13REPORTMANAGER
  423A04 INIT@F13REPORTMANAGER12PROCESSCLASSBr17PRINTPREVIEWCLASS
  423BA8 NEXT@F13REPORTMANAGER
  423C50 CANCELPRINTREPORT@F13REPORTMANAGER
  423CA0 PRINTREPORT@F13REPORTMANAGER
  423EC0 ENDREPORT@F13REPORTMANAGER
  423F1C ASKPREVIEW@F13REPORTMANAGER
  424068 ASK@F13REPORTMANAGER
  4240DC GETUSEMRP@F13REPORTMANAGER
  424104 SETUSEMRP@F13REPORTMANAGERUc
  424138 TAKEFIELDEVENT@F17PRINTPREVIEWCLASS
  4241D4 TAKEWINDOWEVENT@F17PRINTPREVIEWCLASS
  424748 TAKEEVENT@F17PRINTPREVIEWCLASS
  424F28 TAKEACCEPTED@F17PRINTPREVIEWCLASS
  42564C SYNCIMAGEQUEUE@F17PRINTPREVIEWCLASS
  4256AC SETINIMANAGER@F17PRINTPREVIEWCLASS8INICLASS
  4256F4 SETDEFAULTPAGES@F17PRINTPREVIEWCLASS
  425758 RESETUSERZOOM@F17PRINTPREVIEWCLASS
  425844 PROCESSRESULTFILES@F17PRINTPREVIEWCLASS15OUTPUTFILEQUEUE
  42586C OPEN@F17PRINTPREVIEWCLASS
  425CD0 NEWZOOM@F17PRINTPREVIEWCLASS
  425D08 KILL@F17PRINTPREVIEWCLASS
  425DEC INPAGELIST@F17PRINTPREVIEWCLASSl
  42605C INITWINDOWPOSITION@F17PRINTPREVIEWCLASSBw
  4261D4 INIT@F17PRINTPREVIEWCLASS12PREVIEWQUEUE25REPORTTARGETSELECTORCLASS17WMFDOCUMENTPARSER
  426234 INIT@F17PRINTPREVIEWCLASS12PREVIEWQUEUE
  426944 DRAWPAGE@F17PRINTPREVIEWCLASS
  426A18 DISPLAY@F17PRINTPREVIEWCLASSslUsUs
  426D54 DELETEIMAGEQUEUE@F17PRINTPREVIEWCLASSl
  426E10 CONFIGMENUCHECKS@F17PRINTPREVIEWCLASS
  426EF8 ASKTHUMBNAILS@F17PRINTPREVIEWCLASS
  427020 ASKPRINTPAGES@F17PRINTPREVIEWCLASS
  427210 ASKPAGE@F17PRINTPREVIEWCLASS
  427384 CHILDPROCESSINGEND@F12PROCESSCLASSUs
  4273B4 CHILDPROCESSINGSTART@F12PROCESSCLASSUs
  427414 UPDATEDISPLAY@F12PROCESSCLASS
  4274B4 TAKERECORD@F12PROCESSCLASS
  4274D4 TAKELOCATE@F12PROCESSCLASS
  42752C TAKEACCEPTED@F12PROCESSCLASS
  42754C SETPROGRESSLIMITS@F12PROCESSCLASSsbsb
  427654 SETPROGRESSLIMITS@F12PROCESSCLASS
  427768 RESET@F12PROCESSCLASS
  42782C NEXT@F12PROCESSCLASSUc
  427BD0 KILL@F12PROCESSCLASS
  427C64 INIT@F12PROCESSCLASSBi15RELATIONMANAGERlPUc9STEPCLASSRu
  427CF4 PERCENTILE2IDX@F17PRINTPREVIEWCLASSs
  427DA0 IDX2PERCENTILE@F17PRINTPREVIEWCLASSUc
  4280A8 SETPRIORITIES@F17WINDOWRESIZECLASS13POSITIONGROUP
  428118 SETSIZE@F17WINDOWRESIZECLASSl13POSITIONGROUP
  428208 GETSIZEINFO@F17WINDOWRESIZECLASSl13POSITIONGROUP
  428344 RESTORECONTROLS@F17WINDOWRESIZECLASS
  4283D4 TAKERESIZE@F17WINDOWRESIZECLASS
  428484 SETSTRATEGY@F17WINDOWRESIZECLASSlUsUs
  4286A4 SETPOSITION@F17WINDOWRESIZECLASSl13POSITIONGROUP13POSITIONGROUP13POSITIONGROUP13POSITIONGROUP
  428DC8 SETPARENTDEFAULT@F17WINDOWRESIZECLASS
  42910C SETPARENTDEFAULTS@F17WINDOWRESIZECLASS
  429198 SETPARENTCONTROL@F17WINDOWRESIZECLASSll
  4292B0 RESTOREWINDOW@F17WINDOWRESIZECLASS
  429384 RESIZECHILDREN@F17WINDOWRESIZECLASSl13POSITIONGROUP13POSITIONGROUP
  4295AC RESIZE@F17WINDOWRESIZECLASSl
  4298FC RESIZE@F17WINDOWRESIZECLASS
  429930 RESET@F17WINDOWRESIZECLASS
  429CA8 KILL@F17WINDOWRESIZECLASS
  429D60 INIT@F17WINDOWRESIZECLASSUcUcUc
  429FA4 GETCURRENTPOS@F17WINDOWRESIZECLASSl13POSITIONGROUP
  42A014 GETORIGPOS@F17WINDOWRESIZECLASSl13POSITIONGROUP
  42A090 GETRESIZESTRATEGY@F17WINDOWRESIZECLASSsOUc
  42A2A0 GETPOSITIONSTRATEGY@F17WINDOWRESIZECLASSsOUc
  42A4A0 GETPARENTCONTROL@F17WINDOWRESIZECLASSl
  42A50C INIT@F22REPORTATTRIBUTEMANAGERBr
  42A530 DESTRUCT@F22REPORTATTRIBUTEMANAGER
  42A570 CONSTRUCT@F22REPORTATTRIBUTEMANAGER
  42A5A0 DESTRUCT@F25REPORTTARGETSELECTORCLASS
  42A5E0 CONSTRUCT@F25REPORTTARGETSELECTORCLASS
  42A620 GETREPORTGENERATORNAME@F25REPORTTARGETSELECTORCLASSs
  42A6E0 GETSELECTED@F25REPORTTARGETSELECTORCLASS
  42A778 GETPRINTSELECTED@F25REPORTTARGETSELECTORCLASS
  42A7A8 ITEMS@F25REPORTTARGETSELECTORCLASS
  42AE74 ASK@F25REPORTTARGETSELECTORCLASSUcUc
  42B0D4 TAKEEVENT@F12TOOLBARCLASSPl13WINDOWMANAGER
  42B150 SETTARGET@F12TOOLBARCLASSl
  42B264 KILL@F12TOOLBARCLASS
  42B298 INIT@F12TOOLBARCLASS
  42B2D8 DISPLAYBUTTONS@F12TOOLBARCLASS
  42B338 ADDTARGET@F12TOOLBARCLASS13TOOLBARTARGETl
  42B3C0 TRYTAKETOOLBAR@F18TOOLBARUPDATECLASS
  42B3EC TAKEEVENT@F18TOOLBARUPDATECLASSPl13WINDOWMANAGER
  42B460 TAKETOOLBAR@F18TOOLBARUPDATECLASS
  42B56C DISPLAYBUTTONS@F18TOOLBARUPDATECLASS
  42B63C TAKETOOLBAR@F19TOOLBARRELTREECLASS
  42B67C DISPLAYBUTTONS@F19TOOLBARRELTREECLASS
  42B6C4 TRYTAKETOOLBAR@F19TOOLBARLISTBOXCLASS
  42B738 TAKEEVENT@F19TOOLBARLISTBOXCLASSPl13WINDOWMANAGER
  42B8B8 TAKETOOLBAR@F19TOOLBARLISTBOXCLASS
  42B8F8 DISPLAYBUTTONS@F19TOOLBARLISTBOXCLASS
  42B940 TAKEEVENT@F13TOOLBARTARGETPl13WINDOWMANAGER
  42B9F0 TRYTAKETOOLBAR@F13TOOLBARTARGET
  42BA10 DISPLAYBUTTONS@F13TOOLBARTARGET
  42BC30 SETTIPS@Fsb
  42BD78 SETMASK@F15SELECTFILECLASSsbsb
  42BE6C SETMASK@F15SELECTFILECLASSsb
  42BED4 ASK@F15SELECTFILECLASSUc
  42C07C ADDMASK@F15SELECTFILECLASSsbsb
  42C170 ADDMASK@F15SELECTFILECLASSsb
  42C240 INIT@F15SELECTFILECLASS
  42C28C UPDATEQUEUE@F8INICLASSsbsbBqRuPuPuPu
  42C4C8 UPDATE@F8INICLASSsbsbsb
  42C598 UPDATE@F8INICLASSsbBw
  42C77C UPDATE@F8INICLASS
  42C79C TRYFETCH@F8INICLASSsbsb
  42C824 REMOVE@F8INICLASSsbsb
  42C9C4 KILL@F8INICLASS
  42CB18 INIT@F8INICLASSsbll
  42CC64 GETSECTORS@F8INICLASSOsbOsbOsb11SECTORQUEUE
  42CE7C GETSECTOR@F8INICLASSsbsbsb
  42CF78 GETFAMILY@F8INICLASSsbRscRscRsc
  42D198 FETCHQUEUE@F8INICLASSsbsbBqRuPuPuPu
  42D414 FETCHFIELD@F8INICLASSsbsbUc
  42D5B0 FETCH@F8INICLASSsbsbRu
  42D688 FETCH@F8INICLASSsbBw
  42D8F0 FETCH@F8INICLASSsbsb
  42DA88 FETCH@F8INICLASS
  42DAA8 DELETESECTOR@F8INICLASSsb
  42DB94 ADDSECTOR@F8INICLASSsb
  42DC8C UPDATEWINDOWINFO@F8INICLASSsb10WINDOWINFO
  42DF20 FETCHWINDOWINFO@F8INICLASSsb10WINDOWINFO
  42E1B4 UPDATE@F8INICLASSsbsbsbsb
  42E3C8 FETCH@F8INICLASSsbsbsbsb
  42E61C DESTRUCT@F8INICLASS
  42E658 CONSTRUCT@F8INICLASS
  42E68C KILL@F18BUFFEREDPAIRSCLASS
  42E74C INIT@F18BUFFEREDPAIRSCLASS
  42E790 EQUALRIGHTBUFFER@F18BUFFEREDPAIRSCLASSUc
  42E850 EQUALLEFTBUFFER@F18BUFFEREDPAIRSCLASSUc
  42E910 EQUALRIGHTBUFFER@F18BUFFEREDPAIRSCLASS
  42E93C EQUALLEFTBUFFER@F18BUFFEREDPAIRSCLASS
  42E968 ASSIGNRIGHTTOBUFFER@F18BUFFEREDPAIRSCLASS
  42E9E0 ASSIGNLEFTTOBUFFER@F18BUFFEREDPAIRSCLASS
  42EA58 ASSIGNBUFFERTORIGHT@F18BUFFEREDPAIRSCLASS
  42EAD0 ASSIGNBUFFERTOLEFT@F18BUFFEREDPAIRSCLASS
  42EB48 ADDPAIR@F18BUFFEREDPAIRSCLASSRuRu
  42EC1C INIT@F15FIELDPAIRSCLASS
  42EC54 KILL@F15FIELDPAIRSCLASS
  42ECEC EQUALLEFTRIGHT@F15FIELDPAIRSCLASS
  42ED64 EQUAL@F15FIELDPAIRSCLASS
  42ED8C CLEARRIGHT@F15FIELDPAIRSCLASS
  42EDF0 CLEARLEFT@F15FIELDPAIRSCLASS
  42EE54 ASSIGNRIGHTTOLEFT@F15FIELDPAIRSCLASS
  42EECC ASSIGNLEFTTORIGHT@F15FIELDPAIRSCLASS
  42EF44 ADDITEM@F15FIELDPAIRSCLASSRu
  42EFC8 ADDPAIR@F15FIELDPAIRSCLASSRuRu
  42F054 NEXT@F13CONSTANTCLASS
  42F29C SET@F13CONSTANTCLASSRsb
  42F33C RESET@F13CONSTANTCLASS
  42F3C0 KILL@F13CONSTANTCLASS
  42F45C INIT@F13CONSTANTCLASSUc
  42F4D4 GETCSTRING@F13CONSTANTCLASS
  42F598 GETPSTRING@F13CONSTANTCLASS
  42F664 GETLONG@F13CONSTANTCLASS
  42F6A4 GETUSHORT@F13CONSTANTCLASS
  42F6E8 GETSHORT@F13CONSTANTCLASS
  42F718 GETBYTE@F13CONSTANTCLASS
  42F798 ADDITEM@F13CONSTANTCLASSUcRu
  42F820 CONSTRUCT@F13CONSTANTCLASS
  42F85C REMOVEDOLLAR@Fsb
  42F9BC ADDDOLLAR@Fsb
  42FAE0 SAVEONINSERTACTION@F13WINDOWMANAGER
  42FBCC SAVEONCHANGEACTION@F13WINDOWMANAGER
  42FD34 DELETEACTION@F13WINDOWMANAGER
  42FF40 CHANGEACTION@F13WINDOWMANAGER
  430368 INSERTACTION@F13WINDOWMANAGER
  4305D8 TAKEDISABLEBUTTON@F13WINDOWMANAGERlUc
  430630 UPDATE@F13WINDOWMANAGER
  43069C TAKEWINDOWEVENT@F13WINDOWMANAGER
  430810 TAKESELECTED@F13WINDOWMANAGER
  430830 TAKEREJECTED@F13WINDOWMANAGER
  430888 TAKENOTIFY@F13WINDOWMANAGERlll
  4308C0 TAKENEWSELECTION@F13WINDOWMANAGER
  430958 TAKEFIELDEVENT@F13WINDOWMANAGER
  430978 TAKEEVENT@F13WINDOWMANAGER
  430B64 TAKECLOSEEVENT@F13WINDOWMANAGER
  430D6C TAKECOMPLETED@F13WINDOWMANAGER
  430EA0 TAKEACCEPTED@F13WINDOWMANAGER
  430FE8 SETRESPONSE@F13WINDOWMANAGERUc
  431058 SETALERTS@F13WINDOWMANAGER
  431140 SAVEHISTORY@F13WINDOWMANAGER
  43121C RUN@F13WINDOWMANAGERUsUc
  431250 RUN@F13WINDOWMANAGER
  4312B0 RESTOREFIELD@F13WINDOWMANAGERl
  4314D0 RESETBUFFERS@F13WINDOWMANAGERUc
  431550 RESET@F13WINDOWMANAGERUc
  431618 PRIMEUPDATE@F13WINDOWMANAGER
  4317D8 PRIMEFIELDS@F13WINDOWMANAGER
  4317F8 POSTCOMPLETED@F13WINDOWMANAGER
  4318BC OPEN@F13WINDOWMANAGERBwBw
  431930 OPEN@F13WINDOWMANAGER
  431990 KILL@F13WINDOWMANAGER
  431B5C INIT@F13WINDOWMANAGER
  431C14 REMOVEITEM@F13WINDOWMANAGER15WINDOWCOMPONENT
  431C84 ASK@F13WINDOWMANAGER
  431D04 ADDUPDATEFILE@F13WINDOWMANAGER11FILEMANAGER
  431D70 ADDITEM@F13WINDOWMANAGER17WINDOWRESIZECLASS
  431DA4 ADDITEM@F13WINDOWMANAGER15WINDOWCOMPONENT
  431E24 ADDITEM@F13WINDOWMANAGER18TOOLBARUPDATECLASS
  431EBC ADDITEM@F13WINDOWMANAGER12TOOLBARCLASS
  431EF8 ADDITEM@F13WINDOWMANAGERlUc
  431F68 ADDITEM@F13WINDOWMANAGER11BROWSECLASS
  431FB4 ADDHISTORYFILE@F13WINDOWMANAGERRgRg
  432060 ADDHISTORYFIELD@F13WINDOWMANAGERll
  4320BC DISABLECANCELCONTROLS@F13WINDOWMANAGER
  43213C ENABLECANCELCONTROLS@F13WINDOWMANAGER
  4321BC PROCESSDOCUMENT@F17WMFDOCUMENTPARSER
  4321E4 OPENDOCUMENT@F17WMFDOCUMENTPARSER
  4322CC CLOSEDOCUMENT@F17WMFDOCUMENTPARSER
  432324 INIT@F17WMFDOCUMENTPARSER12PREVIEWQUEUE16IREPORTGENERATOR10ERRORCLASS
  432474 GENERATEREPORT@F17WMFDOCUMENTPARSERUc
  4329EC TAKERECORD@F9WMFPARSER
  4374CC PROCESSFILE@F9WMFPARSER
  43750C PROCESSHEADER@F9WMFPARSER
  437714 ADDOBJECT@F9WMFPARSERUc
  437838 CLOSEFILE@F9WMFPARSER
  4378A0 RUN@F9WMFPARSER
  4378C8 OPENFILE@F9WMFPARSER
  4379C0 KILL@F9WMFPARSER
  437A5C INIT@F9WMFPARSERsb16IREPORTGENERATOR10ERRORCLASS
  437B68 GETBOXBOTTOM@F9WMFPARSER
  437B90 GETBOXRIGHT@F9WMFPARSER
  437BB8 GETBOXTOP@F9WMFPARSER
  437BE0 GETBOXLEFT@F9WMFPARSER
  437C08 DESTRUCT@F9WMFPARSER
  437D40 CONSTRUCT@F9WMFPARSER
  437EC0 GETIFACE@F15CRITICALSECTION
  437EE4 DESTRUCT@F15CRITICALSECTION
  437F18 CONSTRUCT@F15CRITICALSECTION
  437F48 KILL@F17CRITICALPROCEDURE
  437F90 INIT@F17CRITICALPROCEDURE11ISYNCOBJECT
  437FDC DESTRUCT@F17CRITICALPROCEDURE
  438004 CONSTRUCT@F17CRITICALPROCEDURE
  43802C RESIZEIMAGE@FlllllBr
  438D20 __thr_inst0
  438D30 __thr_init_entry
  438D50 __thr_init_exit
  4392AC SELECTSTATES@F
  439F40 UPDATECUSTOMERS@F
  43CD18 BROWSEALLORDERS@F
  43D618 SELECTPRODUCTS@F
  43F06C UPDATEDETAIL@F
  440178 UPDATEORDERS@F
  440DB4 MAIN@F
  44182C PRINTINVOICEFROMBROWSE@F
  4430E4 BROWSEORDERS@F
  4443F8 BROWSECUSTOMERS@F
  444E98 PRINTSELECTEDCUSTOMER@F
  4455F4 PRINTSELECTEDPRODUCT@F
  446260 BROWSEPRODUCTS@F
  4470B0 UPDATEPRODUCTS@F
  44783C PRINTCUSTOMER:STATEKEY@F
  447EB0 PRINTPRODUCT:KEYPRODUCTSKU@F
  449094 PRINTINVOICE@F
  4499D4 PRINTMAILINGLABELS@F
  44A228 UPDATECOMPANY@F
  44A7B0 SPLASHSCREEN@F
  44A870 KILL@F20HIDE:RELATE:CUSTOMER
  44A980 DEFEREDADDRELATIONS@F20HIDE:RELATE:CUSTOMER
  44A9B0 INIT@F20HIDE:RELATE:CUSTOMER
  44AA0C VALIDATEFIELDSERVER@F20HIDE:ACCESS:CUSTOMERlUc
  44AB28 USEFILE@F20HIDE:ACCESS:CUSTOMERUc
  44ACA0 PRIMEFIELDS@F20HIDE:ACCESS:CUSTOMER
  44ACF8 KILL@F20HIDE:ACCESS:CUSTOMER
  44AD34 INIT@F20HIDE:ACCESS:CUSTOMER
  44ADE8 KILL@F19HIDE:RELATE:INVOICE
  44AF14 DEFEREDADDRELATIONS@F19HIDE:RELATE:INVOICE
  44AF44 INIT@F19HIDE:RELATE:INVOICE
  44AFA0 VALIDATEFIELDSERVER@F19HIDE:ACCESS:INVOICElUc
  44B0BC USEFILE@F19HIDE:ACCESS:INVOICEUc
  44B208 PRIMEFIELDS@F19HIDE:ACCESS:INVOICE
  44B26C KILL@F19HIDE:ACCESS:INVOICE
  44B2A8 INIT@F19HIDE:ACCESS:INVOICE
  44B35C KILL@F25HIDE:RELATE:INVOICEDETAIL
  44B428 DEFEREDADDRELATIONS@F25HIDE:RELATE:INVOICEDETAIL
  44B458 INIT@F25HIDE:RELATE:INVOICEDETAIL
  44B4B4 VALIDATEFIELDSERVER@F25HIDE:ACCESS:INVOICEDETAILlUc
  44B638 USEFILE@F25HIDE:ACCESS:INVOICEDETAILUc
  44B75C KILL@F25HIDE:ACCESS:INVOICEDETAIL
  44B798 INIT@F25HIDE:ACCESS:INVOICEDETAIL
  44B84C KILL@F24HIDE:RELATE:INVENTORYLOG
  44B8FC DEFEREDADDRELATIONS@F24HIDE:RELATE:INVENTORYLOG
  44B92C INIT@F24HIDE:RELATE:INVENTORYLOG
  44B988 USEFILE@F24HIDE:ACCESS:INVENTORYLOGUc
  44BAD4 PRIMEFIELDS@F24HIDE:ACCESS:INVENTORYLOG
  44BB14 KILL@F24HIDE:ACCESS:INVENTORYLOG
  44BB50 INIT@F24HIDE:ACCESS:INVENTORYLOG
  44BC04 KILL@F19HIDE:RELATE:PRODUCT
  44BD48 DEFEREDADDRELATIONS@F19HIDE:RELATE:PRODUCT
  44BD78 INIT@F19HIDE:RELATE:PRODUCT
  44BDD4 USEFILE@F19HIDE:ACCESS:PRODUCTUc
  44BEF8 KILL@F19HIDE:ACCESS:PRODUCT
  44BF34 INIT@F19HIDE:ACCESS:PRODUCT
  44BFE8 KILL@F19HIDE:RELATE:COMPANY
  44C05C INIT@F19HIDE:RELATE:COMPANY
  44C0B8 USEFILE@F19HIDE:ACCESS:COMPANYUc
  44C180 KILL@F19HIDE:ACCESS:COMPANY
  44C1BC INIT@F19HIDE:ACCESS:COMPANY
  44C270 KILL@F18HIDE:RELATE:STATES
  44C3D4 DEFEREDADDRELATIONS@F18HIDE:RELATE:STATES
  44C404 INIT@F18HIDE:RELATE:STATES
  44C460 USEFILE@F18HIDE:ACCESS:STATESUc
  44C520 KILL@F18HIDE:ACCESS:STATES
  44C55C INIT@F18HIDE:ACCESS:STATES
  44C610 INVOICE_BC0$INVOICE_BC0:FILESINIT@F
  44C6C8 INVOICE_BC0$INVOICE_BC0:DCTKILL@F
  44C834 INVOICE_BC0$INVOICE_BC0:DCTINIT@F
  44CB64 DCTKILL@F
  44CB80 DCTINIT@F
  44CBA0 _main
  44CCE8 DESTRUCT@F10DICTIONARY
  44CD0C CONSTRUCT@F10DICTIONARY
  44CD38 MIXCOLORS@F16MENUSTYLEMANAGERllUc
  44CEA8 SETCUSTOMTHEMECOLORS@F16MENUSTYLEMANAGERsb
  44CED8 SETTHEMECOLORS@F16MENUSTYLEMANAGERsb
  44E058 SETTHEMECOLORS@F16MENUSTYLEMANAGER
  44E270 SETLINEMODE@F16MENUSTYLEMANAGERUc
  44E304 SETLINESEMBOSSED@F16MENUSTYLEMANAGERUc
  44E3C0 SETVERTICALSELECTION@F16MENUSTYLEMANAGERl
  44E3FC GETIMAGEBAR@F16MENUSTYLEMANAGER
  44E420 SETIMAGEBAR@F16MENUSTYLEMANAGERl
  44E45C SETFLATMODE@F16MENUSTYLEMANAGERUc
  44E4E4 SETTEXTCOLOR@F16MENUSTYLEMANAGERUcl
  44E55C ISWINDOWSTHEMEIGNORED@F16MENUSTYLEMANAGER
  44E5A0 IGNOREWINDOWSTHEME@F16MENUSTYLEMANAGERUc
  44E604 REFRESH@F16MENUSTYLEMANAGERUc
  44E6C8 SETDEFAULTTHEMEVALUES@F16MENUSTYLEMANAGER
  44E7AC APPLYTHEME@F16MENUSTYLEMANAGER
  44E938 SUSPENDREFRESH@F16MENUSTYLEMANAGER
  44E95C GETISVERTICALGRADIENT@F16MENUSTYLEMANAGERUc
  44E9FC SETCOLOR@F16MENUSTYLEMANAGERUcllOUc
  44EABC USECUSTOMTHEME@F16MENUSTYLEMANAGER
  44EB00 USECUSTOMTHEME@F16MENUSTYLEMANAGERUc
  44EBA8 INIT@F16MENUSTYLEMANAGERl
  44EC28 INITMENUINTERFACE@F16MENUSTYLEMANAGER
  44F000 $DEFAULTERRORS
  450348 $OVERRIDECHARACTERS
  450368 $SCROLL:NAME
  450494 $SCROLL:ALPHA
  45055C TYPE$BROWSECLASS
  450934 TYPE$BROWSEEIPMANAGER
  450C08 VMT$BROWSEEIPMANAGER
  450CAC VMT$BROWSECLASS
  450E78 TYPE$STANDARDBEHAVIOR
  450EB4 VMT$STANDARDBEHAVIOR
  450F00 TYPE$FILTERLOCATORCLASS
  450F80 VMT$FILTERLOCATORCLASS
  450FC0 TYPE$INCREMENTALLOCATORCLASS
  45101C VMT$INCREMENTALLOCATORCLASS
  45105C TYPE$STEPLOCATORCLASS
  4510AC VMT$STEPLOCATORCLASS
  4510E8 TYPE$STEPSTRINGCLASS
  451138 VMT$STEPSTRINGCLASS
  451158 TYPE$STEPLONGCLASS
  451180 VMT$STEPLONGCLASS
  4511B0 TYPE$FILEDROPCLASS
  451310 VMT$FILEDROPCLASS
  451410 TYPE$COLORMAP
  45143C TCB$COLORMAP
  45144C TYPE$EDITENTRYCLASS
  451494 VMT$EDITENTRYCLASS
  45176C STDERRORFILE$TYPE$RECORD
  451784 $STDERRORFILE
  4517D0 TYPE$PNQ
  4517F0 TYPE$DEFAULTERRORS
  451A50 TYPE$HISTHANDLERCLASS
  451A98 VMT$HISTHANDLERCLASS
  451AC8 TYPE$MSGBOXCLASS
  451D40 VMT$MSGBOXCLASS
  451DC8 TYPE$ERRORCLASS
  45204C VMT$ERRORCLASS
  452098 TYPE$STANDARDERRORLOGCLASS
  4520D0 VMT$STANDARDERRORLOGCLASS
  4520E8 TYPE$ERRORSTATUSCLASS
  4521DC VMT$ERRORSTATUSCLASS
  4528A0 TYPE$UNTHREADEDFILEOPENERMAP
  4528C4 TCB$UNTHREADEDFILEOPENERMAP
  4528D4 TYPE$FILESMANAGER
  452918 VMT$FILESMANAGER
  452924 TYPE$FILEMAPPING_T
  452950 TYPE$FILEMAPPING_R
  452980 TYPE$STATUSQ_T
  4529E8 TYPE$UNTHREADEDFILEOPENSERVER
  452A38 VMT$UNTHREADEDFILEOPENSERVER
  452A5C TYPE$THREADEDFILEOPENSERVER
  452A90 VMT$THREADEDFILEOPENSERVER
  452CD4 TYPE$POPUPITEMQUEUE
  452D44 TYPE$POPUPCLASS
  452DE8 VMT$POPUPCLASS
  452F48 TYPE$POPUPQUEUE
  452F70 TYPE$FIELDQUEUE
  452FF8 TYPE$QUERYFORMCLASS
  4530A8 VMT$QUERYFORMCLASS
  4530BC TYPE$QUERYFORMVISUAL
  4532E8 VMT$QUERYFORMVISUAL
  453470 TYPE$PAGEMANAGERCLASS
  45352C VMT$PAGEMANAGERCLASS
  453538 TYPE$ZOOMITEMQUEUE
  453570 $ZOOMPRESETS
  453664 TYPE$PRINTPREVIEWCLASS
  453C14 VMT$PRINTPREVIEWCLASS
  453CF8 TYPE$WINDOWRESIZECLASS
  453F38 VMT$WINDOWRESIZECLASS
  453F64 TYPE$REPORTATTRIBUTEMANAGER
  453F80 VMT$REPORTATTRIBUTEMANAGER
  4540B0 TYPE$REPORTTARGETSELECTORCLASS
  454114 VMT$REPORTTARGETSELECTORCLASS
  454164 TYPE$TOOLBARTARGETQUEUE
  454180 $UPDATECHANGETIPS
  45428C $UPDATEINSERTTIPS
  4542CC $RELTREEBOXTIPS
  454368 $LISTBOXTIPS
  454424 TYPE$TOOLBARCLASS
  45443C VMT$TOOLBARCLASS
  454454 TYPE$TOOLBARUPDATECLASS
  4544DC VMT$TOOLBARUPDATECLASS
  4544F8 TYPE$TOOLBARLISTBOXCLASS
  454574 VMT$TOOLBARLISTBOXCLASS
  45468C TYPE$CONSTDESCRIPTORLIST
  4546B4 TYPE$CONSTANTCLASS
  454754 VMT$CONSTANTCLASS
  454760 TYPE$SELECTFILECLASS
  4547EC VMT$SELECTFILECLASS
  4547F8 TYPE$INICLASS
  454840 VMT$INICLASS
  4548CC TYPE$BUFFEREDPAIRSCLASS
  4548F0 VMT$BUFFEREDPAIRSCLASS
  454928 TYPE$FIELDPAIRSCLASS
  454940 VMT$FIELDPAIRSCLASS
  454980 TYPE$FILELIST
  4549A4 TYPE$HISTORYLIST
  4549DC TYPE$BUTTONLIST
  454A00 TYPE$COMPONENTLIST
  454B54 WMFINFILE$TYPE$WMFF@:RECORD
  454B74 TYPE$QUEUEDC
  454BD8 TYPE$QUEUEHOLES
  454BEC TYPE$QUEUEBRUSH
  454C18 TYPE$QUEUEPENS
  454C44 TYPE$QUEUEFONTS
  454C8C TYPE$QUEUEOBJECTS
  454CA8 TYPE$WMFDOCUMENTPARSER
  454D0C VMT$WMFDOCUMENTPARSER
  454D18 TYPE$WMFPARSER
  455814 VMT$WMFPARSER
  455820 TYPE$POINTQUEUE
  45583C TYPE$SLICEFORMATQUEUE
  4558E4 TYPE$TEXTFORMATQUEUE
  45599C TYPE$CRITICALSECTION
  4559B4 VMT$CRITICALSECTION
  4559C0 TYPE$CRITICALPROCEDURE
  4559D8 VMT$CRITICALPROCEDURE
  45E65C TYPE$HIDE:RELATE:CUSTOMER
  45E700 VMT$HIDE:RELATE:CUSTOMER
  45E73C TYPE$HIDE:ACCESS:CUSTOMER
  45E920 VMT$HIDE:ACCESS:CUSTOMER
  45E9FC TYPE$HIDE:RELATE:INVOICE
  45EAA0 VMT$HIDE:RELATE:INVOICE
  45EADC TYPE$HIDE:ACCESS:INVOICE
  45ECC0 VMT$HIDE:ACCESS:INVOICE
  45ED9C TYPE$HIDE:RELATE:INVOICEDETAIL
  45EE40 VMT$HIDE:RELATE:INVOICEDETAIL
  45EE7C TYPE$HIDE:ACCESS:INVOICEDETAIL
  45F060 VMT$HIDE:ACCESS:INVOICEDETAIL
  45F13C TYPE$HIDE:RELATE:INVENTORYLOG
  45F1E0 VMT$HIDE:RELATE:INVENTORYLOG
  45F21C TYPE$HIDE:ACCESS:INVENTORYLOG
  45F400 VMT$HIDE:ACCESS:INVENTORYLOG
  45F4DC TYPE$HIDE:RELATE:PRODUCT
  45F580 VMT$HIDE:RELATE:PRODUCT
  45F5BC TYPE$HIDE:ACCESS:PRODUCT
  45F7A0 VMT$HIDE:ACCESS:PRODUCT
  45F87C TYPE$HIDE:RELATE:COMPANY
  45F920 VMT$HIDE:RELATE:COMPANY
  45F95C TYPE$HIDE:ACCESS:COMPANY
  45FB40 VMT$HIDE:ACCESS:COMPANY
  45FC1C TYPE$HIDE:RELATE:STATES
  45FCC0 VMT$HIDE:RELATE:STATES
  45FCFC TYPE$HIDE:ACCESS:STATES
  45FEE0 VMT$HIDE:ACCESS:STATES
  46022C $RE
  460348 TYPE$DICTIONARY
  460358 VMT$DICTIONARY
  460364 CUSTOMER$TYPE$CUSTOMER:RECORD
  4604A0 INVOICE$TYPE$INVOICE:RECORD
  460604 INVOICEDETAIL$TYPE$INVOICEDETAIL:RECORD
  46078C INVENTORYLOG$TYPE$INVENTORYLOG:RECORD
  460884 PRODUCT$TYPE$PRODUCT:RECORD
  460954 COMPANY$TYPE$COMPANY:RECORD
  4609E4 STATES$TYPE$STATES:RECORD
  460B40 TYPE$MENUSTYLEMANAGER
  460D74 VMT$MENUSTYLEMANAGER
  46125C VMTP$DICTIONARY
  4613DC VMTP$HIDE:RELATE:CUSTOMER
  4613E4 VMTP$HIDE:ACCESS:CUSTOMER
  4613EC VMTP$HIDE:RELATE:INVOICE
  4613F4 VMTP$HIDE:ACCESS:INVOICE
  4613FC VMTP$HIDE:RELATE:INVOICEDETAIL
  461404 VMTP$HIDE:ACCESS:INVOICEDETAIL
  46140C VMTP$HIDE:RELATE:INVENTORYLOG
  461414 VMTP$HIDE:ACCESS:INVENTORYLOG
  46141C VMTP$HIDE:RELATE:PRODUCT
  461424 VMTP$HIDE:ACCESS:PRODUCT
  46142C VMTP$HIDE:RELATE:COMPANY
  461434 VMTP$HIDE:ACCESS:COMPANY
  46143C VMTP$HIDE:RELATE:STATES
  461444 VMTP$HIDE:ACCESS:STATES
  46144C VMTP$WINDOWRESIZECLASS
  461454 VMTP$FILESMANAGER
  46145C VMTP$UNTHREADEDFILEOPENSERVER
  461464 VMTP$THREADEDFILEOPENSERVER
  46146C VMTP$CONSTANTCLASS
  461474 VMTP$SELECTFILECLASS
  46147C VMTP$INICLASS
  461484 VMTP$BUFFEREDPAIRSCLASS
  46148C VMTP$FIELDPAIRSCLASS
  461494 VMTP$POPUPCLASS
  46149C VMTP$TOOLBARCLASS
  4614A4 VMTP$TOOLBARUPDATECLASS
  4614AC VMTP$TOOLBARLISTBOXCLASS
  4614B4 VMTP$EDITENTRYCLASS
  4614BC VMTP$BROWSEEIPMANAGER
  4614C4 VMTP$BROWSECLASS
  4614CC VMTP$STANDARDBEHAVIOR
  4614D4 VMTP$FILTERLOCATORCLASS
  4614DC VMTP$INCREMENTALLOCATORCLASS
  4614E4 VMTP$STEPLOCATORCLASS
  4614EC VMTP$STEPSTRINGCLASS
  4614F4 VMTP$STEPLONGCLASS
  4614FC VMTP$HISTHANDLERCLASS
  461504 VMTP$MSGBOXCLASS
  46150C VMTP$ERRORCLASS
  461514 VMTP$STANDARDERRORLOGCLASS
  46151C VMTP$ERRORSTATUSCLASS
  461524 VMTP$QUERYFORMCLASS
  46152C VMTP$QUERYFORMVISUAL
  461534 VMTP$MENUSTYLEMANAGER
  46153C VMTP$WMFDOCUMENTPARSER
  461544 VMTP$WMFPARSER
  46154C VMTP$REPORTATTRIBUTEMANAGER
  461554 VMTP$REPORTTARGETSELECTORCLASS
  46155C VMTP$PAGEMANAGERCLASS
  461564 VMTP$PRINTPREVIEWCLASS
  46156C VMTP$FILEDROPCLASS
  461574 VMTP$CRITICALSECTION
  46157C VMTP$CRITICALPROCEDURE
  461590 $COLORMAP
  4615C8 $MULTIWINDOW
  4615CC $TXTWINDOW
  4615D0 $WINDOW
  4615D4 STDERRORFILE$RECORD
  4619D4 $UNTHREADEDFILEOPENERMAP
  4619DC $CREATEOPENERCRIT
  461AE8 KEYS$WMFINFILE
  461B1C $GLOBALERRORS
  461B50 $INIMGR
  461C68 MEMOS$COMPANY
  462008 CUSTOMER$CUSTOMER:CUSTOMERIDKEY
  46202C CUSTOMER$CUSTOMER:KEYFULLNAME
  462050 CUSTOMER$CUSTOMER:KEYCOMPANY
  462074 CUSTOMER$CUSTOMER:KEYZIPCODE
  462098 CUSTOMER$CUSTOMER:STATEKEY
  4620BC KEYS$CUSTOMER
  4620D0 $CUSTOMER
  46211C INVOICE$INVOICE:INVOICEIDKEY
  462140 INVOICE$INVOICE:KEYCUSTORDERNUMBER
  462164 INVOICE$INVOICE:INVOICENUMBERKEY
  462188 INVOICE$INVOICE:STATEKEY
  4621AC KEYS$INVOICE
  4621BC $INVOICE
  462208 INVOICEDETAIL$INVOICEDETAIL:INVOICEDETAILIDKEY
  46222C INVOICEDETAIL$INVOICEDETAIL:INVOICEKEY
  462250 INVOICEDETAIL$INVOICEDETAIL:PRODUCTKEY
  462274 KEYS$INVOICEDETAIL
  462280 $INVOICEDETAIL
  4622CC INVENTORYLOG$INVENTORYLOG:INVENTORYLOGIDKEY
  4622F0 INVENTORYLOG$INVENTORYLOG:KEYPRODNUMBERDATE
  462314 INVENTORYLOG$INVENTORYLOG:KEYPRODUCTNUMBERDATE
  462338 INVENTORYLOG$INVENTORYLOG:KEYVENDORNUMBERDATE
  46235C KEYS$INVENTORYLOG
  46236C $INVENTORYLOG
  4623B8 PRODUCT$PRODUCT:PRODUCTIDKEY
  4623DC PRODUCT$PRODUCT:KEYPRODUCTSKU
  462400 PRODUCT$PRODUCT:KEYDESCRIPTION
  462424 KEYS$PRODUCT
  462430 $PRODUCT
  46247C COMPANY$COMPANY:COMPANYIDKEY
  4624A0 KEYS$COMPANY
  4624A4 $COMPANY
  4624F0 STATES$STATES:STATECODEKEY
  462514 KEYS$STATES
  462518 $STATES
  4627B4 $EPOC
  46289C $WMFINFILE
  4628F0 $GLOT:CUSTNAME
  462914 $GLOT:SHIPNAME
  462938 $GLOT:CUSTADDRESS
  462968 $GLOT:SHIPADDRESS
  462998 $GLOT:CUSCSZ
  4629C0 $GLOT:SHIPCSZ
  4629E8 $GLOBALERRORSTATUS
  463108 $GLOBALREQUEST
  46310C $GLOBALRESPONSE
  463110 $VCRREQUEST
  463114 $DICTIONARY
  463118 CUSTOMER$CUSTOMER:RECORD
  4631E0 INVOICE$INVOICE:RECORD
  4632E0 INVOICEDETAIL$INVOICEDETAIL:RECORD
  463314 INVENTORYLOG$INVENTORYLOG:RECORD
  463368 PRODUCT$PRODUCT:RECORD
  4633EC COMPANY$COMPANY:RECORD
  463458 STATES$STATES:RECORD
  463474 $RELATE:COMPANY
  463478 $ACCESS:COMPANY
  46347C $RELATE:CUSTOMER
  463480 $ACCESS:CUSTOMER
  463484 $RELATE:INVOICE
  463488 $ACCESS:INVOICE
  46348C $RELATE:INVOICEDETAIL
  463490 $ACCESS:INVOICEDETAIL
  463494 $RELATE:INVENTORYLOG
  463498 $ACCESS:INVENTORYLOG
  46349C $RELATE:PRODUCT
  4634A0 $ACCESS:PRODUCT
  4634A4 $RELATE:STATES
  4634A8 $ACCESS:STATES
  463814 INVOICE_BC0$_HIDE:RELATE:CUSTOMER
  463818 INVOICE_BC0$_HIDE:ACCESS:CUSTOMER
  46381C INVOICE_BC0$_HIDE:RELATE:INVOICE
  463820 INVOICE_BC0$_HIDE:ACCESS:INVOICE
  463824 INVOICE_BC0$_HIDE:RELATE:INVOICEDETAIL
  463828 INVOICE_BC0$_HIDE:ACCESS:INVOICEDETAIL
  46382C INVOICE_BC0$_HIDE:RELATE:INVENTORYLOG
  463830 INVOICE_BC0$_HIDE:ACCESS:INVENTORYLOG
  463834 INVOICE_BC0$_HIDE:RELATE:PRODUCT
  463838 INVOICE_BC0$_HIDE:ACCESS:PRODUCT
  46383C INVOICE_BC0$_HIDE:RELATE:COMPANY
  463840 INVOICE_BC0$_HIDE:ACCESS:COMPANY
  463844 INVOICE_BC0$_HIDE:RELATE:STATES
  463848 INVOICE_BC0$_HIDE:ACCESS:STATES
  46384C $FILESMANAGER
  463864 $SZDBTEXTLOG
  474160 WMFINFILE$WMFF@:RECORD
  476000 __import_section_start
  477E80 __import_section_end

Imports
ClaASC.dll:ASCII 4760A8
ClaDOS.dll:DOS 4760B8
ClaPRLB.dll:CONSTRUCT@F12REPORTENGINE 4760CC
ClaPRLB.dll:VMT$REPORTENGINE 4760D0
ClaRUN.dll:Cla$ACCEPTED 4764F0,401000
ClaRUN.dll:Cla$ADDqueue 4764F4
ClaRUN.dll:Cla$ADDqueuekey 4764F8,401008
ClaRUN.dll:Cla$ADDqueueptr 4764FC
ClaRUN.dll:Cla$AddressUfo 476500
ClaRUN.dll:Cla$ALERT 476504,401010
ClaRUN.dll:Cla$AssertFailed 476508
ClaRUN.dll:Cla$AssertFailedM 47650C
ClaRUN.dll:Cla$AssignLong2RefUfo 476510
ClaRUN.dll:Cla$AssignReal2RefUfo 476514
ClaRUN.dll:Cla$AssignRefUfo 476518
ClaRUN.dll:Cla$BEEP 47651C,401018
ClaRUN.dll:Cla$BindG 476520
ClaRUN.dll:Cla$BindV 476524
ClaRUN.dll:Cla$CHOICE 476528,401020
ClaRUN.dll:Cla$CLEAR 47652C
ClaRUN.dll:Cla$ClearDec 476530
ClaRUN.dll:Cla$CLEARqueue 476534
ClaRUN.dll:Cla$clearstr 476538
ClaRUN.dll:Cla$ClearType 47653C
ClaRUN.dll:Cla$ClearUfo 476540
ClaRUN.dll:Cla$CLOCK 476544,401028
ClaRUN.dll:Cla$CloneUfo 476548
ClaRUN.dll:Cla$CLOSEwindow 47654C,401030
ClaRUN.dll:Cla$code 476550
ClaRUN.dll:Cla$COMMIT 476554,401038
ClaRUN.dll:Cla$comparestr 476558
ClaRUN.dll:Cla$CREATE 47655C
ClaRUN.dll:Cla$DAbs 476560
ClaRUN.dll:Cla$DEBUGHOOK 476564,401040
ClaRUN.dll:Cla$DecAdd 476568
ClaRUN.dll:Cla$DecCompareN 47656C
ClaRUN.dll:Cla$DecDistinct 476570
ClaRUN.dll:Cla$DecDistinctR 476574
ClaRUN.dll:Cla$DecDivide 476578
ClaRUN.dll:Cla$DecDivideR 47657C
ClaRUN.dll:Cla$DecMul 476580
ClaRUN.dll:Cla$DecSub 476584
ClaRUN.dll:Cla$DecSubR 476588
ClaRUN.dll:Cla$DELETEqueue 47658C,401048
ClaRUN.dll:Cla$DELETEREG 476590,401050
ClaRUN.dll:Cla$DESTROY 476594,401058
ClaRUN.dll:Cla$DISABLE 476598,401060
ClaRUN.dll:Cla$DISPLAY 47659C,401068
ClaRUN.dll:Cla$DISPOSEqueue 4765A0
ClaRUN.dll:Cla$DISPOSEref 4765A4
ClaRUN.dll:Cla$DISPOSEvref 4765A8
ClaRUN.dll:Cla$Dlongpower 4765AC
ClaRUN.dll:Cla$DPopDec 4765B0
ClaRUN.dll:Cla$DPopLong 4765B4
ClaRUN.dll:Cla$DPopReal 4765B8
ClaRUN.dll:Cla$DPopUlong 4765BC
ClaRUN.dll:Cla$DPushConstant 4765C0
ClaRUN.dll:Cla$DPushDec 4765C4
ClaRUN.dll:Cla$DPushLong 4765C8
ClaRUN.dll:Cla$DPushULong 4765CC
ClaRUN.dll:Cla$DRound 4765D0
ClaRUN.dll:Cla$DStack2Stack 4765D4
ClaRUN.dll:Cla$ENABLE 4765D8,401070
ClaRUN.dll:Cla$EndEventLoop 4765DC
ClaRUN.dll:Cla$EndEventLoops 4765E0
ClaRUN.dll:Cla$ENDPAGE 4765E4,401078
ClaRUN.dll:Cla$ERRORCODE 4765E8,401080
ClaRUN.dll:Cla$Evaluate 4765EC,401088
ClaRUN.dll:Cla$EVENT 4765F0,401090
ClaRUN.dll:Cla$FIELD 4765F4,401098
ClaRUN.dll:Cla$FILEDIALOG 4765F8,4010A0
ClaRUN.dll:Cla$FILEERRORCODE 4765FC,4010A8
ClaRUN.dll:Cla$FILEERRORMSG 476600,4010B0
ClaRUN.dll:Cla$FileExists 476604,4010B8
ClaRUN.dll:Cla$FILE_ADDf 476608
ClaRUN.dll:Cla$FILE_BUFFER 47660C,4010C0
ClaRUN.dll:Cla$FILE_BUILDf 476610,4010C8
ClaRUN.dll:Cla$FILE_BYTES 476614,4010D0
ClaRUN.dll:CLA$FILE_CALLBACK 476618,4010D8
ClaRUN.dll:Cla$FILE_CLEAR 47661C
ClaRUN.dll:Cla$FILE_CLOSE 476620,4010E0
ClaRUN.dll:Cla$FILE_CREATE 476624
ClaRUN.dll:Cla$FILE_DELETE 476628,4010E8
ClaRUN.dll:CLA$FILE_DESTROY 47662C
ClaRUN.dll:Cla$FILE_DUPLICATEk 476630,4010F0
ClaRUN.dll:Cla$FILE_FLUSH 476634,4010F8
ClaRUN.dll:CLA$FILE_FREESTATE 476638,401100
ClaRUN.dll:Cla$FILE_GETfk 47663C
ClaRUN.dll:Cla$FILE_GETfl 476640
ClaRUN.dll:Cla$FILE_GETflu 476644
ClaRUN.dll:Cla$FILE_GETNULLS 476648,401108
ClaRUN.dll:CLA$FILE_GETSTATE 47664C,401110
ClaRUN.dll:Cla$FILE_GET_PROPERTY 476650
ClaRUN.dll:Cla$FILE_NAME 476654,401118
ClaRUN.dll:Cla$FILE_NEXT 476658,401120
ClaRUN.dll:Cla$FILE_NOMEMO 47665C,401128
ClaRUN.dll:Cla$FILE_OPEN 476660,401130
ClaRUN.dll:Cla$FILE_POSITIONf 476664,401138
ClaRUN.dll:Cla$FILE_POSITIONk 476668,401140
ClaRUN.dll:Cla$FILE_PREV 47666C,401148
ClaRUN.dll:Cla$FILE_PUTf 476670
ClaRUN.dll:Cla$FILE_RECORDSf 476674,401150
ClaRUN.dll:Cla$FILE_REGETf 476678,401158
ClaRUN.dll:Cla$FILE_REGETk 47667C,401160
ClaRUN.dll:Cla$FILE_RESETf 476680,401168
ClaRUN.dll:Cla$FILE_RESETk 476684,401170
ClaRUN.dll:CLA$FILE_RESTORESTATE 476688,401178
ClaRUN.dll:Cla$FILE_SEND 47668C,401180
ClaRUN.dll:Cla$FILE_SETf 476690,401188
ClaRUN.dll:Cla$FILE_SETk 476694,401190
ClaRUN.dll:Cla$FILE_SETkk 476698,401198
ClaRUN.dll:Cla$FILE_SETNULLS 47669C,4011A0
ClaRUN.dll:Cla$FILE_SET_PROPERTY 4766A0
ClaRUN.dll:Cla$FILE_WATCH 4766A4,4011A8
ClaRUN.dll:Cla$FOCUS 4766A8,4011B0
ClaRUN.dll:Cla$FREEqueue 4766AC
ClaRUN.dll:Cla$FREEqueuea 4766B0,4011B8
ClaRUN.dll:Cla$freestr 4766B4
ClaRUN.dll:Cla$FreeUfo 4766B8
ClaRUN.dll:Cla$freewindow 4766BC
ClaRUN.dll:Cla$GETINI 4766C0,4011C0
ClaRUN.dll:Cla$GETPOSITION 4766C4,4011C8
ClaRUN.dll:Cla$GETPOSITIONw 4766C8,4011D0
ClaRUN.dll:Cla$GetPropS 4766CC
ClaRUN.dll:Cla$GETqueuekey 4766D0,4011D8
ClaRUN.dll:Cla$GETqueueptr 4766D4
ClaRUN.dll:Cla$GETREG 4766D8,4011E0
ClaRUN.dll:Cla$Group2Ufo 4766DC
ClaRUN.dll:Cla$HALT 4766E0,4011E8
ClaRUN.dll:Cla$HELP 4766E4,4011F0
ClaRUN.dll:Cla$HIDE 4766E8,4011F8
ClaRUN.dll:Cla$init 4766EC
ClaRUN.dll:Cla$INSTANCE 4766F0,401200
ClaRUN.dll:Cla$IsAlpha 4766F4,401208
ClaRUN.dll:Cla$IsUfoString 4766F8,401210
ClaRUN.dll:Cla$IsUpper 4766FC,401218
ClaRUN.dll:Cla$KEYCHAR 476700,401220
ClaRUN.dll:Cla$KEYCODE 476704,401228
ClaRUN.dll:Cla$KEY_GET_PROPERTY 476708
ClaRUN.dll:Cla$LASTFIELD 47670C,401230
ClaRUN.dll:Cla$loaddec 476710
ClaRUN.dll:Cla$LOGOUT 476714,401238
ClaRUN.dll:Cla$LONGPATH 476718,401240
ClaRUN.dll:Cla$longtostr 47671C
ClaRUN.dll:Cla$Mem2Ufo 476720
ClaRUN.dll:Cla$MessageBox 476724,401248
ClaRUN.dll:Cla$MOUSEX 476728,401250
ClaRUN.dll:Cla$MOUSEY 47672C,401258
ClaRUN.dll:Cla$NewMemB 476730
ClaRUN.dll:Cla$NewMemT 476734
ClaRUN.dll:Cla$NewMemZ 476738
ClaRUN.dll:Cla$NEWqueue 47673C
ClaRUN.dll:Cla$NOTIFICATION 476740,401260
ClaRUN.dll:Cla$OPENowned 476744,401268
ClaRUN.dll:Cla$OPENwindow 476748,401270
ClaRUN.dll:Cla$paopen 47674C,401278
ClaRUN.dll:Cla$pmopen 476750,401280
ClaRUN.dll:Cla$POINTERqueue 476754,401288
ClaRUN.dll:Cla$PopAString 476758
ClaRUN.dll:Cla$PopBind 47675C,401290
ClaRUN.dll:Cla$PopCString 476760
ClaRUN.dll:Cla$PopReal 476764
ClaRUN.dll:Cla$PopString 476768
ClaRUN.dll:Cla$PopTemp 47676C
ClaRUN.dll:Cla$POPUP 476770,401298
ClaRUN.dll:Cla$POST 476774,4012A0
ClaRUN.dll:Cla$PRESSKEY 476778,4012A8
ClaRUN.dll:Cla$PRINTreport 47677C
ClaRUN.dll:Cla$propen 476780,4012B0
ClaRUN.dll:Cla$PushAString 476784
ClaRUN.dll:Cla$PushBind 476788,4012B8
ClaRUN.dll:Cla$PushCString 47678C
ClaRUN.dll:Cla$PushLong 476790
ClaRUN.dll:Cla$PushPictDec 476794
ClaRUN.dll:Cla$PushPictLong 476798
ClaRUN.dll:Cla$PushReal 47679C
ClaRUN.dll:Cla$PushString 4767A0
ClaRUN.dll:Cla$PushUfo 4767A4
ClaRUN.dll:Cla$PUTINI 4767A8,4012C0
ClaRUN.dll:Cla$PUTqueue 4767AC
ClaRUN.dll:Cla$PUTqueuekey 4767B0,4012C8
ClaRUN.dll:Cla$PUTREG 4767B4,4012D0
ClaRUN.dll:Cla$pwopen 4767B8,4012D8
ClaRUN.dll:Cla$QUOTE 4767BC,4012E0
ClaRUN.dll:Cla$realdistinct 4767C0
ClaRUN.dll:Cla$RECORDSqueue 4767C4,4012E8
ClaRUN.dll:Cla$RefAssignAny 4767C8
ClaRUN.dll:Cla$REGISTEREVENT 4767CC,4012F0
ClaRUN.dll:Cla$REGULAR 4767D0,4012F8
ClaRUN.dll:Cla$RemoveFile 4767D4,401300
ClaRUN.dll:Cla$ROLLBACK 4767D8,401308
ClaRUN.dll:Cla$rterr 4767DC,401310
ClaRUN.dll:Cla$SELECT 4767E0,401318
ClaRUN.dll:Cla$SETCURSOR 4767E4,401320
ClaRUN.dll:Cla$SETKEYCODE 4767E8,401328
ClaRUN.dll:Cla$SETLAYOUT 4767EC,401330
ClaRUN.dll:Cla$SETPATH 4767F0,401338
ClaRUN.dll:Cla$SETPOSITION 4767F4,401340
ClaRUN.dll:Cla$SETPOSITIONw 4767F8,401348
ClaRUN.dll:Cla$SetPropF 4767FC
ClaRUN.dll:Cla$SetPropQ 476800
ClaRUN.dll:Cla$SetPropS 476804
ClaRUN.dll:Cla$SetPropV 476808
ClaRUN.dll:Cla$SETTARGET 47680C,401350
ClaRUN.dll:Cla$SHORTPATH 476810,401358
ClaRUN.dll:Cla$SORTqueuekey 476814,401360
ClaRUN.dll:Cla$Stack2DStack 476818
ClaRUN.dll:Cla$Stack2Ufo 47681C
ClaRUN.dll:Cla$StackCLIP 476820,401368
ClaRUN.dll:Cla$StackCompareN 476824
ClaRUN.dll:Cla$StackCompareNEQ 476828
ClaRUN.dll:Cla$StackCompareR 47682C
ClaRUN.dll:Cla$StackConcat 476830
ClaRUN.dll:Cla$StackConcatR 476834
ClaRUN.dll:Cla$StackCONTENTS 476838,401370
ClaRUN.dll:Cla$StackDEFORMAT2 47683C
ClaRUN.dll:Cla$StackErrstr 476840,401378
ClaRUN.dll:Cla$StackFORMAT2 476844
ClaRUN.dll:Cla$StackHeap 476848
ClaRUN.dll:Cla$StackINLIST 47684C
ClaRUN.dll:Cla$StackINSTRING 476850,401380
ClaRUN.dll:Cla$StackLEFT 476854,401388
ClaRUN.dll:Cla$StackLen 476858,401390
ClaRUN.dll:Cla$StackNUMERIC 47685C,401398
ClaRUN.dll:Cla$STACKpop 476860
ClaRUN.dll:Cla$StackRotate 476864
ClaRUN.dll:Cla$StackSUB 476868,4013A0
ClaRUN.dll:Cla$StackUPPER 47686C,4013A8
ClaRUN.dll:Cla$START 476870,4013B0
ClaRUN.dll:Cla$START2 476874,4013B8
ClaRUN.dll:Cla$StartEventLoop 476878
ClaRUN.dll:Cla$StashBP 47687C
ClaRUN.dll:Cla$STATUSfile 476880,4013C0
ClaRUN.dll:Cla$STOP 476884,4013C8
ClaRUN.dll:Cla$storecstr 476888
ClaRUN.dll:Cla$storedec 47688C
ClaRUN.dll:Cla$storestr 476890
ClaRUN.dll:Cla$String2Ref 476894
ClaRUN.dll:Cla$THREAD 476898,4013D0
ClaRUN.dll:Cla$THREAD_FILE 47689C
ClaRUN.dll:Cla$TODAY 4768A0,4013D8
ClaRUN.dll:Cla$Ufo2Real 4768A4
ClaRUN.dll:Cla$UfoCompareN 4768A8
ClaRUN.dll:Cla$Ufodistinct 4768AC
ClaRUN.dll:Cla$UNHIDE 4768B0,4013E0
ClaRUN.dll:Cla$UNQUOTE 4768B4,4013E8
ClaRUN.dll:Cla$UNREGISTEREVENT 4768B8,4013F0
ClaRUN.dll:Cla$UPDATE 4768BC,4013F8
ClaRUN.dll:Cla$VIEW_RESETvf 4768C0,401400
ClaRUN.dll:Cla$VIEW_SETvl 4768C4,401408
ClaRUN.dll:Cla$WHAT 4768C8,401410
ClaRUN.dll:Cla$WHO 4768CC,401418
ClaRUN.dll:Cla$WHOqueue 4768D0,401420
ClaRUN.dll:NewCriticalSection 4768D4,401428
ClaRUN.dll:THR$GetInstance 4768D8,401430
ClaRUN.dll:VIEWDRIVER 4768DC
ClaRUN.dll:_exit 4768E0,401438
ClaRUN.dll:_fnsplit 4768E4,401440
ClaRUN.dll:_free 4768E8
ClaRUN.dll:_malloc 4768EC
ClaRUN.dll:__a_chkstk 4768F0,401448
ClaRUN.dll:__e_index 4768F4,401450
ClaRUN.dll:__e_stack 4768F8,401458
ClaRUN.dll:__sysinit 4768FC,401460
ClaRUN.dll:__sysstart 476900,401468
ClaTPS.dll:TOPSPEED 476910
KERNEL32.dll:MulDiv 476920,401470
USER32.dll:GetSysColor 476930,401478



Entry Point:   438244